[0.456s] Invoking command in '/home/ubuntu22/ROS2/n10p_leishen/n10p_ws/src/n10p_nav': AMENT_PREFIX_PATH=/home/ubuntu22/ROS2/n10p_leishen/n10p_ws/install/n10p_bringup:/home/ubuntu22/ROS2/n10p_leishen/n10p_ws/install/n10p_slam:/home/ubuntu22/ROS2/n10p_leishen/n10p_ws/install/n10p_nav:/home/ubuntu22/ROS2/n10p_leishen/n10p_ws/install/lslidar_driver:/home/ubuntu22/ROS2/n10p_leishen/n10p_ws/install/lslidar_msgs:/home/ubuntu22/ws_ros2/install/px4_ros_com:/home/ubuntu22/ws_ros2/install/px4_msgs:/opt/ros/humble PYTHONPATH=/home/ubuntu22/ROS2/n10p_leishen/n10p_ws/build/n10p_nav/prefix_override:/usr/lib/python3/dist-packages/colcon_core/task/python/colcon_distutils_commands:/home/ubuntu22/ROS2/n10p_leishen/n10p_ws/install/n10p_nav/lib/python3.10/site-packages:/home/ubuntu22/ROS2/n10p_leishen/n10p_ws/install/n10p_bringup/lib/python3.10/site-packages:/home/ubuntu22/ROS2/n10p_leishen/n10p_ws/install/n10p_slam/lib/python3.10/site-packages:/home/ubuntu22/ROS2/n10p_leishen/n10p_ws/install/n10p_nav/lib/python3.10/site-packages:/home/ubuntu22/ROS2/n10p_leishen/n10p_ws/install/lslidar_msgs/local/lib/python3.10/dist-packages:/home/ubuntu22/ws_ros2/install/px4_ros_com/local/lib/python3.10/dist-packages:/home/ubuntu22/ws_ros2/install/px4_msgs/local/lib/python3.10/dist-packages:/opt/ros/humble/lib/python3.10/site-packages:/opt/ros/humble/local/lib/python3.10/dist-packages /usr/bin/python3 -W ignore:setup.py install is deprecated -W ignore:easy_install command is deprecated setup.py egg_info --egg-base ../../build/n10p_nav build --build-base /home/ubuntu22/ROS2/n10p_leishen/n10p_ws/build/n10p_nav/build install --record /home/ubuntu22/ROS2/n10p_leishen/n10p_ws/build/n10p_nav/install.log --single-version-externally-managed install_data
[0.598s] running egg_info
[0.606s] writing ../../build/n10p_nav/n10p_nav.egg-info/PKG-INFO
[0.606s] writing dependency_links to ../../build/n10p_nav/n10p_nav.egg-info/dependency_links.txt
[0.607s] writing requirements to ../../build/n10p_nav/n10p_nav.egg-info/requires.txt
[0.607s] writing top-level names to ../../build/n10p_nav/n10p_nav.egg-info/top_level.txt
[0.624s] reading manifest file '../../build/n10p_nav/n10p_nav.egg-info/SOURCES.txt'
[0.625s] writing manifest file '../../build/n10p_nav/n10p_nav.egg-info/SOURCES.txt'
[0.625s] running build
[0.625s] running build_py
[0.625s] copying n10p_nav/__init__.py -> /home/ubuntu22/ROS2/n10p_leishen/n10p_ws/build/n10p_nav/build/lib/n10p_nav
[0.625s] running install
[0.627s] running install_lib
[0.637s] running install_data
[0.637s] copying resource/n10p_nav -> /home/ubuntu22/ROS2/n10p_leishen/n10p_ws/install/n10p_nav/share/ament_index/resource_index/packages
[0.637s] copying package.xml -> /home/ubuntu22/ROS2/n10p_leishen/n10p_ws/install/n10p_nav/share/n10p_nav
[0.637s] copying launch/nav_launch.py -> /home/ubuntu22/ROS2/n10p_leishen/n10p_ws/install/n10p_nav/share/n10p_nav/launch
[0.637s] copying config/nav2_params_n10p.yaml -> /home/ubuntu22/ROS2/n10p_leishen/n10p_ws/install/n10p_nav/share/n10p_nav/config
[0.637s] copying config/n10p_nav.rviz -> /home/ubuntu22/ROS2/n10p_leishen/n10p_ws/install/n10p_nav/share/n10p_nav/config
[0.637s] running install_egg_info
[0.647s] removing '/home/ubuntu22/ROS2/n10p_leishen/n10p_ws/install/n10p_nav/lib/python3.10/site-packages/n10p_nav-0.1.0-py3.10.egg-info' (and everything under it)
[0.647s] Copying ../../build/n10p_nav/n10p_nav.egg-info to /home/ubuntu22/ROS2/n10p_leishen/n10p_ws/install/n10p_nav/lib/python3.10/site-packages/n10p_nav-0.1.0-py3.10.egg-info
[0.647s] running install_scripts
[0.665s] writing list of installed files to '/home/ubuntu22/ROS2/n10p_leishen/n10p_ws/build/n10p_nav/install.log'
[0.677s] Invoked command in '/home/ubuntu22/ROS2/n10p_leishen/n10p_ws/src/n10p_nav' returned '0': AMENT_PREFIX_PATH=/home/ubuntu22/ROS2/n10p_leishen/n10p_ws/install/n10p_bringup:/home/ubuntu22/ROS2/n10p_leishen/n10p_ws/install/n10p_slam:/home/ubuntu22/ROS2/n10p_leishen/n10p_ws/install/n10p_nav:/home/ubuntu22/ROS2/n10p_leishen/n10p_ws/install/lslidar_driver:/home/ubuntu22/ROS2/n10p_leishen/n10p_ws/install/lslidar_msgs:/home/ubuntu22/ws_ros2/install/px4_ros_com:/home/ubuntu22/ws_ros2/install/px4_msgs:/opt/ros/humble PYTHONPATH=/home/ubuntu22/ROS2/n10p_leishen/n10p_ws/build/n10p_nav/prefix_override:/usr/lib/python3/dist-packages/colcon_core/task/python/colcon_distutils_commands:/home/ubuntu22/ROS2/n10p_leishen/n10p_ws/install/n10p_nav/lib/python3.10/site-packages:/home/ubuntu22/ROS2/n10p_leishen/n10p_ws/install/n10p_bringup/lib/python3.10/site-packages:/home/ubuntu22/ROS2/n10p_leishen/n10p_ws/install/n10p_slam/lib/python3.10/site-packages:/home/ubuntu22/ROS2/n10p_leishen/n10p_ws/install/n10p_nav/lib/python3.10/site-packages:/home/ubuntu22/ROS2/n10p_leishen/n10p_ws/install/lslidar_msgs/local/lib/python3.10/dist-packages:/home/ubuntu22/ws_ros2/install/px4_ros_com/local/lib/python3.10/dist-packages:/home/ubuntu22/ws_ros2/install/px4_msgs/local/lib/python3.10/dist-packages:/opt/ros/humble/lib/python3.10/site-packages:/opt/ros/humble/local/lib/python3.10/dist-packages /usr/bin/python3 -W ignore:setup.py install is deprecated -W ignore:easy_install command is deprecated setup.py egg_info --egg-base ../../build/n10p_nav build --build-base /home/ubuntu22/ROS2/n10p_leishen/n10p_ws/build/n10p_nav/build install --record /home/ubuntu22/ROS2/n10p_leishen/n10p_ws/build/n10p_nav/install.log --single-version-externally-managed install_data
