[0.007s] Invoking command in '/home/ubuntu22/ROS2/n10p_leishen/n10p_ws/build/lslidar_driver': AMENT_PREFIX_PATH=/home/ubuntu22/ROS2/n10p_leishen/n10p_ws/install/lslidar_msgs:${AMENT_PREFIX_PATH} CMAKE_PREFIX_PATH=/home/ubuntu22/ROS2/n10p_leishen/n10p_ws/install/lslidar_msgs:/home/ubuntu22/ws_ros2/install/px4_ros_com:/home/ubuntu22/ws_ros2/install/px4_msgs:/opt/ros/humble LD_LIBRARY_PATH=/home/ubuntu22/ROS2/n10p_leishen/n10p_ws/install/lslidar_msgs/lib:/home/ubuntu22/ws_ros2/install/px4_ros_com/lib:/home/ubuntu22/ws_ros2/install/px4_msgs/lib:/usr/lib/x86_64-linux-gnu/gazebo-11/plugins:/opt/ros/humble/opt/rviz_ogre_vendor/lib:/opt/ros/humble/lib/x86_64-linux-gnu:/opt/ros/humble/lib:/usr/local/cuda/lib64:/usr/local/cuda/lib64:/usr/share/gazebo/../../lib/x86_64-linux-gnu/gazebo-11/plugins PYTHONPATH=/home/ubuntu22/ROS2/n10p_leishen/n10p_ws/install/lslidar_msgs/local/lib/python3.10/dist-packages:${PYTHONPATH} /usr/bin/cmake /home/ubuntu22/ROS2/n10p_leishen/n10p_ws/src/Lslidar_ROS2_driver/lslidar_driver -DAMENT_CMAKE_SYMLINK_INSTALL=1 -DCMAKE_INSTALL_PREFIX=/home/ubuntu22/ROS2/n10p_leishen/n10p_ws/install/lslidar_driver
[0.043s] -- The C compiler identification is GNU 11.4.0
[0.078s] -- The CXX compiler identification is GNU 11.4.0
[0.083s] -- Detecting C compiler ABI info
[0.130s] -- Detecting C compiler ABI info - done
[0.134s] -- Check for working C compiler: /usr/bin/cc - skipped
[0.134s] -- Detecting C compile features
[0.134s] -- Detecting C compile features - done
[0.136s] -- Detecting CXX compiler ABI info
[0.189s] -- Detecting CXX compiler ABI info - done
[0.193s] -- Check for working CXX compiler: /usr/bin/c++ - skipped
[0.193s] -- Detecting CXX compile features
[0.193s] -- Detecting CXX compile features - done
[0.305s] -- Found Boost: /usr/lib/x86_64-linux-gnu/cmake/Boost-1.74.0/BoostConfig.cmake (found version "1.74.0") found components: thread 
[0.308s] -- Found rclcpp: 16.0.19 (/opt/ros/humble/share/rclcpp/cmake)
[0.514s] -- Found Python3: /usr/bin/python3 (found version "3.10.12") found components: Interpreter 
[0.550s] -- Override CMake install command with custom implementation using symlinks instead of copying resources
[0.613s] -- Found rosidl_generator_c: 3.1.8 (/opt/ros/humble/share/rosidl_generator_c/cmake)
[0.616s] -- Found rosidl_adapter: 3.1.8 (/opt/ros/humble/share/rosidl_adapter/cmake)
[0.621s] -- Found rosidl_generator_cpp: 3.1.8 (/opt/ros/humble/share/rosidl_generator_cpp/cmake)
[0.628s] -- Using all available rosidl_typesupport_c: rosidl_typesupport_fastrtps_c;rosidl_typesupport_introspection_c
[0.638s] -- Using all available rosidl_typesupport_cpp: rosidl_typesupport_fastrtps_cpp;rosidl_typesupport_introspection_cpp
[0.670s] -- Found rmw_implementation_cmake: 6.1.2 (/opt/ros/humble/share/rmw_implementation_cmake/cmake)
[0.672s] -- Found rmw_fastrtps_cpp: 6.2.10 (/opt/ros/humble/share/rmw_fastrtps_cpp/cmake)
[0.750s] -- Found OpenSSL: /usr/lib/x86_64-linux-gnu/libcrypto.so (found version "3.0.2")  
[0.771s] -- Found FastRTPS: /opt/ros/humble/include  
[0.805s] -- Using RMW implementation 'rmw_fastrtps_cpp' as default
[0.812s] -- Found Threads: TRUE  
[0.853s] -- Checking for module 'eigen3'
[0.865s] --   Found eigen3, version 3.4.0
[0.896s] -- Found Eigen: /usr/include/eigen3 (Required is at least version "3.1") 
[0.896s] -- Eigen found (include: /usr/include/eigen3, version: 3.4.0)
[0.909s] -- Found Boost: /usr/lib/x86_64-linux-gnu/cmake/Boost-1.74.0/BoostConfig.cmake (found suitable version "1.74.0", minimum required is "1.65.0") found components: system filesystem date_time iostreams serialization 
[0.922s] -- Checking for module 'flann'
[0.934s] --   Found flann, version 1.9.1
[0.971s] -- Found FLANN: /usr/lib/x86_64-linux-gnu/libflann_cpp.so  
[0.971s] -- FLANN found (include: /usr/include, lib: /usr/lib/x86_64-linux-gnu/libflann_cpp.so)
[0.991s] -- Found GLEW: /usr/lib/x86_64-linux-gnu/libGLEW.so  
[0.994s] -- Found OpenGL: /usr/lib/x86_64-linux-gnu/libOpenGL.so  found components: OpenGL GLX 
[1.104s] -- Found MPI_C: /usr/lib/x86_64-linux-gnu/libmpi.so (found version "3.1") 
[1.104s] -- Found MPI: TRUE (found version "3.1") found components: C 
[1.106s] -- Found JsonCpp: /usr/lib/x86_64-linux-gnu/libjsoncpp.so (found suitable version "1.9.5", minimum required is "0.7.0") 
[1.113s] -- Found ZLIB: /usr/lib/x86_64-linux-gnu/libz.so (found version "1.2.11") 
[1.124s] -- Found PNG: /usr/lib/x86_64-linux-gnu/libpng.so (found version "1.6.37") 
[1.134s] -- Found Eigen3: /usr/include/eigen3 (found version "3.4.0") 
[1.209s] -- Found X11: /usr/include   
[1.209s] -- Looking for XOpenDisplay in /usr/lib/x86_64-linux-gnu/libX11.so;/usr/lib/x86_64-linux-gnu/libXext.so
[1.264s] -- Looking for XOpenDisplay in /usr/lib/x86_64-linux-gnu/libX11.so;/usr/lib/x86_64-linux-gnu/libXext.so - found
[1.264s] -- Looking for gethostbyname
[1.312s] -- Looking for gethostbyname - found
[1.312s] -- Looking for connect
[1.360s] -- Looking for connect - found
[1.360s] -- Looking for remove
[1.408s] -- Looking for remove - found
[1.408s] -- Looking for shmat
[1.456s] -- Looking for shmat - found
[1.456s] -- Looking for IceConnectionNumber in ICE
[1.505s] -- Looking for IceConnectionNumber in ICE - found
[1.573s] -- Found EXPAT: /usr/lib/x86_64-linux-gnu/libexpat.so (found version "2.4.7") 
[1.574s] -- Found double-conversion: /usr/lib/x86_64-linux-gnu/libdouble-conversion.so  
[1.575s] -- Found LZ4: /usr/lib/x86_64-linux-gnu/liblz4.so (found version "1.9.3") 
[1.576s] -- Found LZMA: /usr/lib/x86_64-linux-gnu/liblzma.so (found version "5.2.5") 
[1.586s] -- Found JPEG: /usr/lib/x86_64-linux-gnu/libjpeg.so (found version "80") 
[1.589s] -- Found TIFF: /usr/lib/x86_64-linux-gnu/libtiff.so (found version "4.3.0")  
[1.592s] -- Found Freetype: /usr/lib/x86_64-linux-gnu/libfreetype.so (found version "2.11.1") 
[1.595s] -- Found utf8cpp: /usr/include/utf8cpp  
[1.662s] -- Checking for module 'libusb-1.0'
[1.674s] --   Found libusb-1.0, version 1.0.25
[1.709s] -- Found libusb: /usr/lib/x86_64-linux-gnu/libusb-1.0.so  
[1.710s] -- Found OpenNI: /usr/lib/libOpenNI.so;libusb::libusb (found version "1.5.4.0") 
[1.710s] -- OpenNI found (version: 1.5.4.0, include: /usr/include/ni, lib: /usr/lib/libOpenNI.so;libusb::libusb)
[1.763s] -- Found OpenNI2: /usr/lib/x86_64-linux-gnu/libOpenNI2.so;libusb::libusb (found version "2.2.0.33") 
[1.763s] -- OpenNI2 found (version: 2.2.0.33, include: /usr/include/openni2, lib: /usr/lib/x86_64-linux-gnu/libOpenNI2.so;libusb::libusb)
[1.763s] ** WARNING ** io features related to pcap will be disabled
[1.863s] -- Eigen found (include: /usr/include/eigen3, version: 3.4.0)
[1.868s] -- OpenNI found (version: 1.5.4.0, include: /usr/include/ni, lib: /usr/lib/libOpenNI.so;libusb::libusb)
[1.872s] -- OpenNI2 found (version: 2.2.0.33, include: /usr/include/openni2, lib: /usr/lib/x86_64-linux-gnu/libOpenNI2.so;libusb::libusb)
[1.977s] -- Found Qhull version 8.0.2
[2.070s] -- OpenNI found (version: 1.5.4.0, include: /usr/include/ni, lib: /usr/lib/libOpenNI.so;libusb::libusb)
[2.160s] -- looking for PCL_COMMON
[2.161s] -- Found PCL_COMMON: /usr/lib/x86_64-linux-gnu/libpcl_common.so  
[2.161s] -- looking for PCL_KDTREE
[2.162s] -- Found PCL_KDTREE: /usr/lib/x86_64-linux-gnu/libpcl_kdtree.so  
[2.162s] -- looking for PCL_OCTREE
[2.162s] -- Found PCL_OCTREE: /usr/lib/x86_64-linux-gnu/libpcl_octree.so  
[2.162s] -- looking for PCL_SEARCH
[2.163s] -- Found PCL_SEARCH: /usr/lib/x86_64-linux-gnu/libpcl_search.so  
[2.163s] -- looking for PCL_SAMPLE_CONSENSUS
[2.163s] -- Found PCL_SAMPLE_CONSENSUS: /usr/lib/x86_64-linux-gnu/libpcl_sample_consensus.so  
[2.163s] -- looking for PCL_FILTERS
[2.164s] -- Found PCL_FILTERS: /usr/lib/x86_64-linux-gnu/libpcl_filters.so  
[2.164s] -- looking for PCL_2D
[2.164s] -- Found PCL_2D: /usr/include/pcl-1.12  
[2.164s] -- looking for PCL_GEOMETRY
[2.164s] -- Found PCL_GEOMETRY: /usr/include/pcl-1.12  
[2.164s] -- looking for PCL_IO
[2.164s] -- Found PCL_IO: /usr/lib/x86_64-linux-gnu/libpcl_io.so  
[2.164s] -- looking for PCL_FEATURES
[2.165s] -- Found PCL_FEATURES: /usr/lib/x86_64-linux-gnu/libpcl_features.so  
[2.165s] -- looking for PCL_ML
[2.165s] -- Found PCL_ML: /usr/lib/x86_64-linux-gnu/libpcl_ml.so  
[2.165s] -- looking for PCL_SEGMENTATION
[2.166s] -- Found PCL_SEGMENTATION: /usr/lib/x86_64-linux-gnu/libpcl_segmentation.so  
[2.166s] -- looking for PCL_VISUALIZATION
[2.166s] -- Found PCL_VISUALIZATION: /usr/lib/x86_64-linux-gnu/libpcl_visualization.so  
[2.167s] -- looking for PCL_SURFACE
[2.167s] -- Found PCL_SURFACE: /usr/lib/x86_64-linux-gnu/libpcl_surface.so  
[2.167s] -- looking for PCL_REGISTRATION
[2.167s] -- Found PCL_REGISTRATION: /usr/lib/x86_64-linux-gnu/libpcl_registration.so  
[2.168s] -- looking for PCL_KEYPOINTS
[2.168s] -- Found PCL_KEYPOINTS: /usr/lib/x86_64-linux-gnu/libpcl_keypoints.so  
[2.168s] -- looking for PCL_TRACKING
[2.169s] -- Found PCL_TRACKING: /usr/lib/x86_64-linux-gnu/libpcl_tracking.so  
[2.169s] -- looking for PCL_RECOGNITION
[2.169s] -- Found PCL_RECOGNITION: /usr/lib/x86_64-linux-gnu/libpcl_recognition.so  
[2.169s] -- looking for PCL_STEREO
[2.170s] -- Found PCL_STEREO: /usr/lib/x86_64-linux-gnu/libpcl_stereo.so  
[2.170s] -- looking for PCL_APPS
[2.170s] -- Found PCL_APPS: /usr/lib/x86_64-linux-gnu/libpcl_apps.so  
[2.170s] -- looking for PCL_IN_HAND_SCANNER
[2.170s] -- Found PCL_IN_HAND_SCANNER: /usr/include/pcl-1.12  
[2.171s] -- looking for PCL_MODELER
[2.171s] -- Found PCL_MODELER: /usr/include/pcl-1.12  
[2.171s] -- looking for PCL_POINT_CLOUD_EDITOR
[2.171s] -- Found PCL_POINT_CLOUD_EDITOR: /usr/include/pcl-1.12  
[2.171s] -- looking for PCL_OUTOFCORE
[2.171s] -- Found PCL_OUTOFCORE: /usr/lib/x86_64-linux-gnu/libpcl_outofcore.so  
[2.171s] -- looking for PCL_PEOPLE
[2.172s] -- Found PCL_PEOPLE: /usr/lib/x86_64-linux-gnu/libpcl_people.so  
[2.172s] -- Found PCL: pcl_common;pcl_kdtree;pcl_octree;pcl_search;pcl_sample_consensus;pcl_filters;pcl_io;pcl_features;pcl_ml;pcl_segmentation;pcl_visualization;pcl_surface;pcl_registration;pcl_keypoints;pcl_tracking;pcl_recognition;pcl_stereo;pcl_apps;pcl_outofcore;pcl_people;Boost::system;Boost::filesystem;Boost::date_time;Boost::iostreams;Boost::serialization;/usr/lib/libOpenNI.so;libusb::libusb;/usr/lib/x86_64-linux-gnu/libOpenNI2.so;libusb::libusb;VTK::ChartsCore;VTK::CommonColor;VTK::CommonComputationalGeometry;VTK::CommonCore;VTK::CommonDataModel;VTK::CommonExecutionModel;VTK::CommonMath;VTK::CommonMisc;VTK::CommonTransforms;VTK::FiltersCore;VTK::FiltersExtraction;VTK::FiltersGeneral;VTK::FiltersGeometry;VTK::FiltersModeling;VTK::FiltersSources;VTK::ImagingCore;VTK::ImagingSources;VTK::InteractionImage;VTK::InteractionStyle;VTK::InteractionWidgets;VTK::IOCore;VTK::IOGeometry;VTK::IOImage;VTK::IOLegacy;VTK::IOPLY;VTK::RenderingAnnotation;VTK::RenderingCore;VTK::RenderingContext2D;VTK::RenderingLOD;VTK::RenderingFreeType;VTK::ViewsCore;VTK::ViewsContext2D;VTK::RenderingOpenGL2;VTK::GUISupportQt;FLANN::FLANN;QHULL::QHULL  
[2.186s] -- Found diagnostic_updater: 4.0.6 (/opt/ros/humble/share/diagnostic_updater/cmake)
[2.199s] -- Found lslidar_msgs: 1.2.0 (/home/ubuntu22/ROS2/n10p_leishen/n10p_ws/install/lslidar_msgs/share/lslidar_msgs/cmake)
[2.208s] -- Found pluginlib: 5.1.3 (/opt/ros/humble/share/pluginlib/cmake)
[2.229s] -- Found pcl_conversions: 2.4.5 (/opt/ros/humble/share/pcl_conversions/cmake)
[2.310s] -- Configuring done
[2.382s] -- Generating done
[2.390s] -- Build files have been written to: /home/ubuntu22/ROS2/n10p_leishen/n10p_ws/build/lslidar_driver
[2.402s] Invoked command in '/home/ubuntu22/ROS2/n10p_leishen/n10p_ws/build/lslidar_driver' returned '0': AMENT_PREFIX_PATH=/home/ubuntu22/ROS2/n10p_leishen/n10p_ws/install/lslidar_msgs:${AMENT_PREFIX_PATH} CMAKE_PREFIX_PATH=/home/ubuntu22/ROS2/n10p_leishen/n10p_ws/install/lslidar_msgs:/home/ubuntu22/ws_ros2/install/px4_ros_com:/home/ubuntu22/ws_ros2/install/px4_msgs:/opt/ros/humble LD_LIBRARY_PATH=/home/ubuntu22/ROS2/n10p_leishen/n10p_ws/install/lslidar_msgs/lib:/home/ubuntu22/ws_ros2/install/px4_ros_com/lib:/home/ubuntu22/ws_ros2/install/px4_msgs/lib:/usr/lib/x86_64-linux-gnu/gazebo-11/plugins:/opt/ros/humble/opt/rviz_ogre_vendor/lib:/opt/ros/humble/lib/x86_64-linux-gnu:/opt/ros/humble/lib:/usr/local/cuda/lib64:/usr/local/cuda/lib64:/usr/share/gazebo/../../lib/x86_64-linux-gnu/gazebo-11/plugins PYTHONPATH=/home/ubuntu22/ROS2/n10p_leishen/n10p_ws/install/lslidar_msgs/local/lib/python3.10/dist-packages:${PYTHONPATH} /usr/bin/cmake /home/ubuntu22/ROS2/n10p_leishen/n10p_ws/src/Lslidar_ROS2_driver/lslidar_driver -DAMENT_CMAKE_SYMLINK_INSTALL=1 -DCMAKE_INSTALL_PREFIX=/home/ubuntu22/ROS2/n10p_leishen/n10p_ws/install/lslidar_driver
[2.404s] Invoking command in '/home/ubuntu22/ROS2/n10p_leishen/n10p_ws/build/lslidar_driver': AMENT_PREFIX_PATH=/home/ubuntu22/ROS2/n10p_leishen/n10p_ws/install/lslidar_msgs:${AMENT_PREFIX_PATH} CMAKE_PREFIX_PATH=/home/ubuntu22/ROS2/n10p_leishen/n10p_ws/install/lslidar_msgs:/home/ubuntu22/ws_ros2/install/px4_ros_com:/home/ubuntu22/ws_ros2/install/px4_msgs:/opt/ros/humble LD_LIBRARY_PATH=/home/ubuntu22/ROS2/n10p_leishen/n10p_ws/install/lslidar_msgs/lib:/home/ubuntu22/ws_ros2/install/px4_ros_com/lib:/home/ubuntu22/ws_ros2/install/px4_msgs/lib:/usr/lib/x86_64-linux-gnu/gazebo-11/plugins:/opt/ros/humble/opt/rviz_ogre_vendor/lib:/opt/ros/humble/lib/x86_64-linux-gnu:/opt/ros/humble/lib:/usr/local/cuda/lib64:/usr/local/cuda/lib64:/usr/share/gazebo/../../lib/x86_64-linux-gnu/gazebo-11/plugins PYTHONPATH=/home/ubuntu22/ROS2/n10p_leishen/n10p_ws/install/lslidar_msgs/local/lib/python3.10/dist-packages:${PYTHONPATH} /usr/bin/cmake --build /home/ubuntu22/ROS2/n10p_leishen/n10p_ws/build/lslidar_driver -- -j32 -l32
[2.445s] [ 40%] Building CXX object CMakeFiles/lslidar_driver_node.dir/src/lslidar_driver.cc.o
[2.445s] [ 40%] Building CXX object CMakeFiles/lslidar_driver_node.dir/src/lslidar_driver_node.cc.o
[2.445s] [ 80%] Building CXX object CMakeFiles/lslidar_driver_node.dir/src/input.cc.o
[2.445s] [ 80%] Building CXX object CMakeFiles/lslidar_driver_node.dir/src/lsiosr.cpp.o
[11.607s] [100%] Linking CXX executable lslidar_driver_node
[12.447s] [100%] Built target lslidar_driver_node
[12.461s] Invoked command in '/home/ubuntu22/ROS2/n10p_leishen/n10p_ws/build/lslidar_driver' returned '0': AMENT_PREFIX_PATH=/home/ubuntu22/ROS2/n10p_leishen/n10p_ws/install/lslidar_msgs:${AMENT_PREFIX_PATH} CMAKE_PREFIX_PATH=/home/ubuntu22/ROS2/n10p_leishen/n10p_ws/install/lslidar_msgs:/home/ubuntu22/ws_ros2/install/px4_ros_com:/home/ubuntu22/ws_ros2/install/px4_msgs:/opt/ros/humble LD_LIBRARY_PATH=/home/ubuntu22/ROS2/n10p_leishen/n10p_ws/install/lslidar_msgs/lib:/home/ubuntu22/ws_ros2/install/px4_ros_com/lib:/home/ubuntu22/ws_ros2/install/px4_msgs/lib:/usr/lib/x86_64-linux-gnu/gazebo-11/plugins:/opt/ros/humble/opt/rviz_ogre_vendor/lib:/opt/ros/humble/lib/x86_64-linux-gnu:/opt/ros/humble/lib:/usr/local/cuda/lib64:/usr/local/cuda/lib64:/usr/share/gazebo/../../lib/x86_64-linux-gnu/gazebo-11/plugins PYTHONPATH=/home/ubuntu22/ROS2/n10p_leishen/n10p_ws/install/lslidar_msgs/local/lib/python3.10/dist-packages:${PYTHONPATH} /usr/bin/cmake --build /home/ubuntu22/ROS2/n10p_leishen/n10p_ws/build/lslidar_driver -- -j32 -l32
[12.462s] Invoking command in '/home/ubuntu22/ROS2/n10p_leishen/n10p_ws/build/lslidar_driver': AMENT_PREFIX_PATH=/home/ubuntu22/ROS2/n10p_leishen/n10p_ws/install/lslidar_msgs:${AMENT_PREFIX_PATH} CMAKE_PREFIX_PATH=/home/ubuntu22/ROS2/n10p_leishen/n10p_ws/install/lslidar_msgs:/home/ubuntu22/ws_ros2/install/px4_ros_com:/home/ubuntu22/ws_ros2/install/px4_msgs:/opt/ros/humble LD_LIBRARY_PATH=/home/ubuntu22/ROS2/n10p_leishen/n10p_ws/install/lslidar_msgs/lib:/home/ubuntu22/ws_ros2/install/px4_ros_com/lib:/home/ubuntu22/ws_ros2/install/px4_msgs/lib:/usr/lib/x86_64-linux-gnu/gazebo-11/plugins:/opt/ros/humble/opt/rviz_ogre_vendor/lib:/opt/ros/humble/lib/x86_64-linux-gnu:/opt/ros/humble/lib:/usr/local/cuda/lib64:/usr/local/cuda/lib64:/usr/share/gazebo/../../lib/x86_64-linux-gnu/gazebo-11/plugins PYTHONPATH=/home/ubuntu22/ROS2/n10p_leishen/n10p_ws/install/lslidar_msgs/local/lib/python3.10/dist-packages:${PYTHONPATH} /usr/bin/cmake --install /home/ubuntu22/ROS2/n10p_leishen/n10p_ws/build/lslidar_driver
[12.468s] -- Install configuration: ""
[12.468s] -- Execute custom install script
[12.468s] -- Symlinking: /home/ubuntu22/ROS2/n10p_leishen/n10p_ws/install/lslidar_driver/share/lslidar_driver/launch/lslidar_double_launch.py
[12.475s] -- Symlinking: /home/ubuntu22/ROS2/n10p_leishen/n10p_ws/install/lslidar_driver/share/lslidar_driver/launch/lslidar_launch.py
[12.481s] -- Symlinking: /home/ubuntu22/ROS2/n10p_leishen/n10p_ws/install/lslidar_driver/share/lslidar_driver/params/lsx10.yaml
[12.487s] -- Symlinking: /home/ubuntu22/ROS2/n10p_leishen/n10p_ws/install/lslidar_driver/share/lslidar_driver/params/lsx10_1.yaml
[12.493s] -- Symlinking: /home/ubuntu22/ROS2/n10p_leishen/n10p_ws/install/lslidar_driver/share/lslidar_driver/params/lsx10_2.yaml
[12.498s] -- Symlinking: /home/ubuntu22/ROS2/n10p_leishen/n10p_ws/install/lslidar_driver/share/lslidar_driver/rviz/lslidar.rviz
[12.504s] -- Symlinking: /home/ubuntu22/ROS2/n10p_leishen/n10p_ws/install/lslidar_driver/lib/lslidar_driver/lslidar_driver_node
[12.510s] -- Symlinking: /home/ubuntu22/ROS2/n10p_leishen/n10p_ws/install/lslidar_driver/share/ament_index/resource_index/package_run_dependencies/lslidar_driver
[12.516s] -- Symlinking: /home/ubuntu22/ROS2/n10p_leishen/n10p_ws/install/lslidar_driver/share/ament_index/resource_index/parent_prefix_path/lslidar_driver
[12.522s] -- Symlinking: /home/ubuntu22/ROS2/n10p_leishen/n10p_ws/install/lslidar_driver/share/lslidar_driver/environment/ament_prefix_path.sh
[12.528s] -- Symlinking: /home/ubuntu22/ROS2/n10p_leishen/n10p_ws/install/lslidar_driver/share/lslidar_driver/environment/ament_prefix_path.dsv
[12.533s] -- Symlinking: /home/ubuntu22/ROS2/n10p_leishen/n10p_ws/install/lslidar_driver/share/lslidar_driver/environment/path.sh
[12.539s] -- Symlinking: /home/ubuntu22/ROS2/n10p_leishen/n10p_ws/install/lslidar_driver/share/lslidar_driver/environment/path.dsv
[12.545s] -- Symlinking: /home/ubuntu22/ROS2/n10p_leishen/n10p_ws/install/lslidar_driver/share/lslidar_driver/local_setup.bash
[12.550s] -- Symlinking: /home/ubuntu22/ROS2/n10p_leishen/n10p_ws/install/lslidar_driver/share/lslidar_driver/local_setup.sh
[12.557s] -- Symlinking: /home/ubuntu22/ROS2/n10p_leishen/n10p_ws/install/lslidar_driver/share/lslidar_driver/local_setup.zsh
[12.564s] -- Symlinking: /home/ubuntu22/ROS2/n10p_leishen/n10p_ws/install/lslidar_driver/share/lslidar_driver/local_setup.dsv
[12.570s] -- Symlinking: /home/ubuntu22/ROS2/n10p_leishen/n10p_ws/install/lslidar_driver/share/lslidar_driver/package.dsv
[12.576s] -- Symlinking: /home/ubuntu22/ROS2/n10p_leishen/n10p_ws/install/lslidar_driver/share/ament_index/resource_index/packages/lslidar_driver
[12.581s] -- Symlinking: /home/ubuntu22/ROS2/n10p_leishen/n10p_ws/install/lslidar_driver/share/lslidar_driver/cmake/ament_cmake_export_dependencies-extras.cmake
[12.587s] -- Symlinking: /home/ubuntu22/ROS2/n10p_leishen/n10p_ws/install/lslidar_driver/share/lslidar_driver/cmake/ament_cmake_export_include_directories-extras.cmake
[12.594s] -- Symlinking: /home/ubuntu22/ROS2/n10p_leishen/n10p_ws/install/lslidar_driver/share/lslidar_driver/cmake/lslidar_driverConfig.cmake
[12.600s] -- Symlinking: /home/ubuntu22/ROS2/n10p_leishen/n10p_ws/install/lslidar_driver/share/lslidar_driver/cmake/lslidar_driverConfig-version.cmake
[12.606s] -- Symlinking: /home/ubuntu22/ROS2/n10p_leishen/n10p_ws/install/lslidar_driver/share/lslidar_driver/package.xml
[12.614s] Invoked command in '/home/ubuntu22/ROS2/n10p_leishen/n10p_ws/build/lslidar_driver' returned '0': AMENT_PREFIX_PATH=/home/ubuntu22/ROS2/n10p_leishen/n10p_ws/install/lslidar_msgs:${AMENT_PREFIX_PATH} CMAKE_PREFIX_PATH=/home/ubuntu22/ROS2/n10p_leishen/n10p_ws/install/lslidar_msgs:/home/ubuntu22/ws_ros2/install/px4_ros_com:/home/ubuntu22/ws_ros2/install/px4_msgs:/opt/ros/humble LD_LIBRARY_PATH=/home/ubuntu22/ROS2/n10p_leishen/n10p_ws/install/lslidar_msgs/lib:/home/ubuntu22/ws_ros2/install/px4_ros_com/lib:/home/ubuntu22/ws_ros2/install/px4_msgs/lib:/usr/lib/x86_64-linux-gnu/gazebo-11/plugins:/opt/ros/humble/opt/rviz_ogre_vendor/lib:/opt/ros/humble/lib/x86_64-linux-gnu:/opt/ros/humble/lib:/usr/local/cuda/lib64:/usr/local/cuda/lib64:/usr/share/gazebo/../../lib/x86_64-linux-gnu/gazebo-11/plugins PYTHONPATH=/home/ubuntu22/ROS2/n10p_leishen/n10p_ws/install/lslidar_msgs/local/lib/python3.10/dist-packages:${PYTHONPATH} /usr/bin/cmake --install /home/ubuntu22/ROS2/n10p_leishen/n10p_ws/build/lslidar_driver
