running egg_info
writing ../../build/n10p_bringup/n10p_bringup.egg-info/PKG-INFO
writing dependency_links to ../../build/n10p_bringup/n10p_bringup.egg-info/dependency_links.txt
writing entry points to ../../build/n10p_bringup/n10p_bringup.egg-info/entry_points.txt
writing requirements to ../../build/n10p_bringup/n10p_bringup.egg-info/requires.txt
writing top-level names to ../../build/n10p_bringup/n10p_bringup.egg-info/top_level.txt
reading manifest file '../../build/n10p_bringup/n10p_bringup.egg-info/SOURCES.txt'
writing manifest file '../../build/n10p_bringup/n10p_bringup.egg-info/SOURCES.txt'
running build
running build_py
copying n10p_bringup/dummy_odom_node.py -> /home/ubuntu22/ROS2/n10p_leishen/n10p_ws/build/n10p_bringup/build/lib/n10p_bringup
copying n10p_bringup/ano_bridge_node.py -> /home/ubuntu22/ROS2/n10p_leishen/n10p_ws/build/n10p_bringup/build/lib/n10p_bringup
copying n10p_bringup/__init__.py -> /home/ubuntu22/ROS2/n10p_leishen/n10p_ws/build/n10p_bringup/build/lib/n10p_bringup
running install
running install_lib
copying /home/ubuntu22/ROS2/n10p_leishen/n10p_ws/build/n10p_bringup/build/lib/n10p_bringup/dummy_odom_node.py -> /home/ubuntu22/ROS2/n10p_leishen/n10p_ws/install/n10p_bringup/lib/python3.10/site-packages/n10p_bringup
byte-compiling /home/ubuntu22/ROS2/n10p_leishen/n10p_ws/install/n10p_bringup/lib/python3.10/site-packages/n10p_bringup/dummy_odom_node.py to dummy_odom_node.cpython-310.pyc
running install_data
copying resource/n10p_bringup -> /home/ubuntu22/ROS2/n10p_leishen/n10p_ws/install/n10p_bringup/share/ament_index/resource_index/packages
copying package.xml -> /home/ubuntu22/ROS2/n10p_leishen/n10p_ws/install/n10p_bringup/share/n10p_bringup
copying launch/n10p_bringup_launch.py -> /home/ubuntu22/ROS2/n10p_leishen/n10p_ws/install/n10p_bringup/share/n10p_bringup/launch
copying params/ano_bridge.yaml -> /home/ubuntu22/ROS2/n10p_leishen/n10p_ws/install/n10p_bringup/share/n10p_bringup/params
running install_egg_info
removing '/home/ubuntu22/ROS2/n10p_leishen/n10p_ws/install/n10p_bringup/lib/python3.10/site-packages/n10p_bringup-0.1.0-py3.10.egg-info' (and everything under it)
Copying ../../build/n10p_bringup/n10p_bringup.egg-info to /home/ubuntu22/ROS2/n10p_leishen/n10p_ws/install/n10p_bringup/lib/python3.10/site-packages/n10p_bringup-0.1.0-py3.10.egg-info
running install_scripts
Installing ano_bridge_node script to /home/ubuntu22/ROS2/n10p_leishen/n10p_ws/install/n10p_bringup/lib/n10p_bringup
Installing dummy_odom_node script to /home/ubuntu22/ROS2/n10p_leishen/n10p_ws/install/n10p_bringup/lib/n10p_bringup
writing list of installed files to '/home/ubuntu22/ROS2/n10p_leishen/n10p_ws/build/n10p_bringup/install.log'
