[0.084s] colcon DEBUG Command line arguments: ['/usr/bin/colcon', 'build', '--packages-select', 'n10p_nav']
[0.084s] colcon DEBUG Parsed command line arguments: Namespace(log_base=None, log_level=None, verb_name='build', build_base='build', install_base='install', merge_install=False, symlink_install=False, test_result_base=None, continue_on_error=False, executor='parallel', parallel_workers=32, event_handlers=None, ignore_user_meta=False, metas=['./colcon.meta'], base_paths=['.'], packages_ignore=None, packages_ignore_regex=None, paths=None, packages_up_to=None, packages_up_to_regex=None, packages_above=None, packages_above_and_dependencies=None, packages_above_depth=None, packages_select_by_dep=None, packages_skip_by_dep=None, packages_skip_up_to=None, packages_select_build_failed=False, packages_skip_build_finished=False, packages_select_test_failures=False, packages_skip_test_passed=False, packages_select=['n10p_nav'], packages_skip=None, packages_select_regex=None, packages_skip_regex=None, packages_start=None, packages_end=None, allow_overriding=[], cmake_args=None, cmake_target=None, cmake_target_skip_unavailable=False, cmake_clean_cache=False, cmake_clean_first=False, cmake_force_configure=False, ament_cmake_args=None, catkin_cmake_args=None, catkin_skip_building_tests=False, verb_parser=<colcon_defaults.argument_parser.defaults.DefaultArgumentsDecorator object at 0x70abbe951fc0>, verb_extension=<colcon_core.verb.build.BuildVerb object at 0x70abbe951b70>, main=<bound method BuildVerb.main of <colcon_core.verb.build.BuildVerb object at 0x70abbe951b70>>)
[0.119s] colcon.colcon_core.package_discovery Level 1 discover_packages(colcon_meta) check parameters
[0.119s] colcon.colcon_core.package_discovery Level 1 discover_packages(recursive) check parameters
[0.119s] colcon.colcon_core.package_discovery Level 1 discover_packages(ignore) check parameters
[0.119s] colcon.colcon_core.package_discovery Level 1 discover_packages(path) check parameters
[0.119s] colcon.colcon_core.package_discovery Level 1 discover_packages(colcon_meta) discover
[0.119s] colcon.colcon_core.package_discovery Level 1 discover_packages(recursive) discover
[0.119s] colcon.colcon_core.package_discovery INFO Crawling recursively for packages in '/home/ubuntu22/ROS2/n10p_leishen/n10p_ws'
[0.119s] colcon.colcon_core.package_identification Level 1 _identify(.) by extensions ['ignore', 'ignore_ament_install']
[0.119s] colcon.colcon_core.package_identification Level 1 _identify(.) by extension 'ignore'
[0.119s] colcon.colcon_core.package_identification Level 1 _identify(.) by extension 'ignore_ament_install'
[0.119s] colcon.colcon_core.package_identification Level 1 _identify(.) by extensions ['colcon_pkg']
[0.119s] colcon.colcon_core.package_identification Level 1 _identify(.) by extension 'colcon_pkg'
[0.119s] colcon.colcon_core.package_identification Level 1 _identify(.) by extensions ['colcon_meta']
[0.119s] colcon.colcon_core.package_identification Level 1 _identify(.) by extension 'colcon_meta'
[0.119s] colcon.colcon_core.package_identification Level 1 _identify(.) by extensions ['ros']
[0.119s] colcon.colcon_core.package_identification Level 1 _identify(.) by extension 'ros'
[0.127s] colcon.colcon_core.package_identification Level 1 _identify(.) by extensions ['cmake', 'python']
[0.127s] colcon.colcon_core.package_identification Level 1 _identify(.) by extension 'cmake'
[0.127s] colcon.colcon_core.package_identification Level 1 _identify(.) by extension 'python'
[0.127s] colcon.colcon_core.package_identification Level 1 _identify(.) by extensions ['python_setup_py']
[0.127s] colcon.colcon_core.package_identification Level 1 _identify(.) by extension 'python_setup_py'
[0.127s] colcon.colcon_core.package_identification Level 1 _identify(build) by extensions ['ignore', 'ignore_ament_install']
[0.127s] colcon.colcon_core.package_identification Level 1 _identify(build) by extension 'ignore'
[0.127s] colcon.colcon_core.package_identification Level 1 _identify(build) ignored
[0.127s] colcon.colcon_core.package_identification Level 1 _identify(install) by extensions ['ignore', 'ignore_ament_install']
[0.127s] colcon.colcon_core.package_identification Level 1 _identify(install) by extension 'ignore'
[0.127s] colcon.colcon_core.package_identification Level 1 _identify(install) ignored
[0.127s] colcon.colcon_core.package_identification Level 1 _identify(log) by extensions ['ignore', 'ignore_ament_install']
[0.127s] colcon.colcon_core.package_identification Level 1 _identify(log) by extension 'ignore'
[0.127s] colcon.colcon_core.package_identification Level 1 _identify(log) ignored
[0.127s] colcon.colcon_core.package_identification Level 1 _identify(src) by extensions ['ignore', 'ignore_ament_install']
[0.127s] colcon.colcon_core.package_identification Level 1 _identify(src) by extension 'ignore'
[0.127s] colcon.colcon_core.package_identification Level 1 _identify(src) by extension 'ignore_ament_install'
[0.127s] colcon.colcon_core.package_identification Level 1 _identify(src) by extensions ['colcon_pkg']
[0.128s] colcon.colcon_core.package_identification Level 1 _identify(src) by extension 'colcon_pkg'
[0.128s] colcon.colcon_core.package_identification Level 1 _identify(src) by extensions ['colcon_meta']
[0.128s] colcon.colcon_core.package_identification Level 1 _identify(src) by extension 'colcon_meta'
[0.128s] colcon.colcon_core.package_identification Level 1 _identify(src) by extensions ['ros']
[0.128s] colcon.colcon_core.package_identification Level 1 _identify(src) by extension 'ros'
[0.128s] colcon.colcon_core.package_identification Level 1 _identify(src) by extensions ['cmake', 'python']
[0.128s] colcon.colcon_core.package_identification Level 1 _identify(src) by extension 'cmake'
[0.128s] colcon.colcon_core.package_identification Level 1 _identify(src) by extension 'python'
[0.128s] colcon.colcon_core.package_identification Level 1 _identify(src) by extensions ['python_setup_py']
[0.128s] colcon.colcon_core.package_identification Level 1 _identify(src) by extension 'python_setup_py'
[0.128s] colcon.colcon_core.package_identification Level 1 _identify(src/Lslidar_ROS2_driver) by extensions ['ignore', 'ignore_ament_install']
[0.128s] colcon.colcon_core.package_identification Level 1 _identify(src/Lslidar_ROS2_driver) by extension 'ignore'
[0.128s] colcon.colcon_core.package_identification Level 1 _identify(src/Lslidar_ROS2_driver) by extension 'ignore_ament_install'
[0.128s] colcon.colcon_core.package_identification Level 1 _identify(src/Lslidar_ROS2_driver) by extensions ['colcon_pkg']
[0.128s] colcon.colcon_core.package_identification Level 1 _identify(src/Lslidar_ROS2_driver) by extension 'colcon_pkg'
[0.128s] colcon.colcon_core.package_identification Level 1 _identify(src/Lslidar_ROS2_driver) by extensions ['colcon_meta']
[0.128s] colcon.colcon_core.package_identification Level 1 _identify(src/Lslidar_ROS2_driver) by extension 'colcon_meta'
[0.128s] colcon.colcon_core.package_identification Level 1 _identify(src/Lslidar_ROS2_driver) by extensions ['ros']
[0.128s] colcon.colcon_core.package_identification Level 1 _identify(src/Lslidar_ROS2_driver) by extension 'ros'
[0.128s] colcon.colcon_core.package_identification Level 1 _identify(src/Lslidar_ROS2_driver) by extensions ['cmake', 'python']
[0.128s] colcon.colcon_core.package_identification Level 1 _identify(src/Lslidar_ROS2_driver) by extension 'cmake'
[0.128s] colcon.colcon_core.package_identification Level 1 _identify(src/Lslidar_ROS2_driver) by extension 'python'
[0.128s] colcon.colcon_core.package_identification Level 1 _identify(src/Lslidar_ROS2_driver) by extensions ['python_setup_py']
[0.128s] colcon.colcon_core.package_identification Level 1 _identify(src/Lslidar_ROS2_driver) by extension 'python_setup_py'
[0.128s] colcon.colcon_core.package_identification Level 1 _identify(src/Lslidar_ROS2_driver/lslidar_driver) by extensions ['ignore', 'ignore_ament_install']
[0.128s] colcon.colcon_core.package_identification Level 1 _identify(src/Lslidar_ROS2_driver/lslidar_driver) by extension 'ignore'
[0.128s] colcon.colcon_core.package_identification Level 1 _identify(src/Lslidar_ROS2_driver/lslidar_driver) by extension 'ignore_ament_install'
[0.128s] colcon.colcon_core.package_identification Level 1 _identify(src/Lslidar_ROS2_driver/lslidar_driver) by extensions ['colcon_pkg']
[0.128s] colcon.colcon_core.package_identification Level 1 _identify(src/Lslidar_ROS2_driver/lslidar_driver) by extension 'colcon_pkg'
[0.128s] colcon.colcon_core.package_identification Level 1 _identify(src/Lslidar_ROS2_driver/lslidar_driver) by extensions ['colcon_meta']
[0.128s] colcon.colcon_core.package_identification Level 1 _identify(src/Lslidar_ROS2_driver/lslidar_driver) by extension 'colcon_meta'
[0.128s] colcon.colcon_core.package_identification Level 1 _identify(src/Lslidar_ROS2_driver/lslidar_driver) by extensions ['ros']
[0.128s] colcon.colcon_core.package_identification Level 1 _identify(src/Lslidar_ROS2_driver/lslidar_driver) by extension 'ros'
[0.130s] colcon.colcon_core.package_identification DEBUG Package 'src/Lslidar_ROS2_driver/lslidar_driver' with type 'ros.ament_cmake' and name 'lslidar_driver'
[0.130s] colcon.colcon_core.package_identification Level 1 _identify(src/Lslidar_ROS2_driver/lslidar_msgs) by extensions ['ignore', 'ignore_ament_install']
[0.130s] colcon.colcon_core.package_identification Level 1 _identify(src/Lslidar_ROS2_driver/lslidar_msgs) by extension 'ignore'
[0.130s] colcon.colcon_core.package_identification Level 1 _identify(src/Lslidar_ROS2_driver/lslidar_msgs) by extension 'ignore_ament_install'
[0.130s] colcon.colcon_core.package_identification Level 1 _identify(src/Lslidar_ROS2_driver/lslidar_msgs) by extensions ['colcon_pkg']
[0.130s] colcon.colcon_core.package_identification Level 1 _identify(src/Lslidar_ROS2_driver/lslidar_msgs) by extension 'colcon_pkg'
[0.130s] colcon.colcon_core.package_identification Level 1 _identify(src/Lslidar_ROS2_driver/lslidar_msgs) by extensions ['colcon_meta']
[0.130s] colcon.colcon_core.package_identification Level 1 _identify(src/Lslidar_ROS2_driver/lslidar_msgs) by extension 'colcon_meta'
[0.130s] colcon.colcon_core.package_identification Level 1 _identify(src/Lslidar_ROS2_driver/lslidar_msgs) by extensions ['ros']
[0.130s] colcon.colcon_core.package_identification Level 1 _identify(src/Lslidar_ROS2_driver/lslidar_msgs) by extension 'ros'
[0.131s] colcon.colcon_core.package_identification DEBUG Package 'src/Lslidar_ROS2_driver/lslidar_msgs' with type 'ros.ament_cmake' and name 'lslidar_msgs'
[0.131s] colcon.colcon_core.package_identification Level 1 _identify(src/n10p_bringup) by extensions ['ignore', 'ignore_ament_install']
[0.131s] colcon.colcon_core.package_identification Level 1 _identify(src/n10p_bringup) by extension 'ignore'
[0.131s] colcon.colcon_core.package_identification Level 1 _identify(src/n10p_bringup) by extension 'ignore_ament_install'
[0.131s] colcon.colcon_core.package_identification Level 1 _identify(src/n10p_bringup) by extensions ['colcon_pkg']
[0.131s] colcon.colcon_core.package_identification Level 1 _identify(src/n10p_bringup) by extension 'colcon_pkg'
[0.131s] colcon.colcon_core.package_identification Level 1 _identify(src/n10p_bringup) by extensions ['colcon_meta']
[0.131s] colcon.colcon_core.package_identification Level 1 _identify(src/n10p_bringup) by extension 'colcon_meta'
[0.131s] colcon.colcon_core.package_identification Level 1 _identify(src/n10p_bringup) by extensions ['ros']
[0.131s] colcon.colcon_core.package_identification Level 1 _identify(src/n10p_bringup) by extension 'ros'
[0.131s] colcon.colcon_core.package_identification DEBUG Package 'src/n10p_bringup' with type 'ros.ament_python' and name 'n10p_bringup'
[0.131s] colcon.colcon_core.package_identification Level 1 _identify(src/n10p_nav) by extensions ['ignore', 'ignore_ament_install']
[0.131s] colcon.colcon_core.package_identification Level 1 _identify(src/n10p_nav) by extension 'ignore'
[0.131s] colcon.colcon_core.package_identification Level 1 _identify(src/n10p_nav) by extension 'ignore_ament_install'
[0.131s] colcon.colcon_core.package_identification Level 1 _identify(src/n10p_nav) by extensions ['colcon_pkg']
[0.131s] colcon.colcon_core.package_identification Level 1 _identify(src/n10p_nav) by extension 'colcon_pkg'
[0.131s] colcon.colcon_core.package_identification Level 1 _identify(src/n10p_nav) by extensions ['colcon_meta']
[0.132s] colcon.colcon_core.package_identification Level 1 _identify(src/n10p_nav) by extension 'colcon_meta'
[0.132s] colcon.colcon_core.package_identification Level 1 _identify(src/n10p_nav) by extensions ['ros']
[0.132s] colcon.colcon_core.package_identification Level 1 _identify(src/n10p_nav) by extension 'ros'
[0.132s] colcon.colcon_core.package_identification DEBUG Package 'src/n10p_nav' with type 'ros.ament_python' and name 'n10p_nav'
[0.132s] colcon.colcon_core.package_identification Level 1 _identify(src/n10p_slam) by extensions ['ignore', 'ignore_ament_install']
[0.132s] colcon.colcon_core.package_identification Level 1 _identify(src/n10p_slam) by extension 'ignore'
[0.132s] colcon.colcon_core.package_identification Level 1 _identify(src/n10p_slam) by extension 'ignore_ament_install'
[0.132s] colcon.colcon_core.package_identification Level 1 _identify(src/n10p_slam) by extensions ['colcon_pkg']
[0.132s] colcon.colcon_core.package_identification Level 1 _identify(src/n10p_slam) by extension 'colcon_pkg'
[0.132s] colcon.colcon_core.package_identification Level 1 _identify(src/n10p_slam) by extensions ['colcon_meta']
[0.132s] colcon.colcon_core.package_identification Level 1 _identify(src/n10p_slam) by extension 'colcon_meta'
[0.132s] colcon.colcon_core.package_identification Level 1 _identify(src/n10p_slam) by extensions ['ros']
[0.132s] colcon.colcon_core.package_identification Level 1 _identify(src/n10p_slam) by extension 'ros'
[0.132s] colcon.colcon_core.package_identification DEBUG Package 'src/n10p_slam' with type 'ros.ament_python' and name 'n10p_slam'
[0.132s] colcon.colcon_core.package_discovery Level 1 discover_packages(recursive) using defaults
[0.133s] colcon.colcon_core.package_discovery Level 1 discover_packages(ignore) discover
[0.133s] colcon.colcon_core.package_discovery Level 1 discover_packages(ignore) using defaults
[0.133s] colcon.colcon_core.package_discovery Level 1 discover_packages(path) discover
[0.133s] colcon.colcon_core.package_discovery Level 1 discover_packages(path) using defaults
[0.143s] colcon.colcon_core.package_selection INFO Skipping not selected package 'lslidar_msgs' in 'src/Lslidar_ROS2_driver/lslidar_msgs'
[0.143s] colcon.colcon_core.package_selection INFO Skipping not selected package 'n10p_bringup' in 'src/n10p_bringup'
[0.143s] colcon.colcon_core.package_selection INFO Skipping not selected package 'lslidar_driver' in 'src/Lslidar_ROS2_driver/lslidar_driver'
[0.143s] colcon.colcon_core.package_selection INFO Skipping not selected package 'n10p_slam' in 'src/n10p_slam'
[0.143s] colcon.colcon_core.package_discovery Level 1 discover_packages(prefix_path) check parameters
[0.143s] colcon.colcon_core.package_discovery Level 1 discover_packages(prefix_path) discover
[0.145s] colcon.colcon_installed_package_information.package_discovery DEBUG Found 4 installed packages in /home/ubuntu22/ROS2/n10p_leishen/n10p_ws/install
[0.145s] colcon.colcon_installed_package_information.package_discovery DEBUG Found 2 installed packages in /home/ubuntu22/ws_ros2/install
[0.146s] colcon.colcon_installed_package_information.package_discovery DEBUG Found 320 installed packages in /opt/ros/humble
[0.147s] colcon.colcon_core.package_discovery Level 1 discover_packages(prefix_path) using defaults
[0.169s] colcon.colcon_core.verb Level 5 set package 'n10p_nav' build argument 'cmake_args' from command line to 'None'
[0.169s] colcon.colcon_core.verb Level 5 set package 'n10p_nav' build argument 'cmake_target' from command line to 'None'
[0.169s] colcon.colcon_core.verb Level 5 set package 'n10p_nav' build argument 'cmake_target_skip_unavailable' from command line to 'False'
[0.169s] colcon.colcon_core.verb Level 5 set package 'n10p_nav' build argument 'cmake_clean_cache' from command line to 'False'
[0.169s] colcon.colcon_core.verb Level 5 set package 'n10p_nav' build argument 'cmake_clean_first' from command line to 'False'
[0.169s] colcon.colcon_core.verb Level 5 set package 'n10p_nav' build argument 'cmake_force_configure' from command line to 'False'
[0.169s] colcon.colcon_core.verb Level 5 set package 'n10p_nav' build argument 'ament_cmake_args' from command line to 'None'
[0.169s] colcon.colcon_core.verb Level 5 set package 'n10p_nav' build argument 'catkin_cmake_args' from command line to 'None'
[0.169s] colcon.colcon_core.verb Level 5 set package 'n10p_nav' build argument 'catkin_skip_building_tests' from command line to 'False'
[0.169s] colcon.colcon_core.verb DEBUG Building package 'n10p_nav' with the following arguments: {'ament_cmake_args': None, 'build_base': '/home/ubuntu22/ROS2/n10p_leishen/n10p_ws/build/n10p_nav', 'catkin_cmake_args': None, 'catkin_skip_building_tests': False, 'cmake_args': None, 'cmake_clean_cache': False, 'cmake_clean_first': False, 'cmake_force_configure': False, 'cmake_target': None, 'cmake_target_skip_unavailable': False, 'install_base': '/home/ubuntu22/ROS2/n10p_leishen/n10p_ws/install/n10p_nav', 'merge_install': False, 'path': '/home/ubuntu22/ROS2/n10p_leishen/n10p_ws/src/n10p_nav', 'symlink_install': False, 'test_result_base': None}
[0.169s] colcon.colcon_core.executor INFO Executing jobs using 'parallel' executor
[0.170s] colcon.colcon_parallel_executor.executor.parallel DEBUG run_until_complete
[0.170s] colcon.colcon_ros.task.ament_python.build INFO Building ROS package in '/home/ubuntu22/ROS2/n10p_leishen/n10p_ws/src/n10p_nav' with build type 'ament_python'
[0.170s] colcon.colcon_core.shell Level 1 create_environment_hook('n10p_nav', 'ament_prefix_path')
[0.172s] colcon.colcon_core.plugin_system INFO Skipping extension 'colcon_core.shell.bat': Not used on non-Windows systems
[0.172s] colcon.colcon_core.shell INFO Creating environment hook '/home/ubuntu22/ROS2/n10p_leishen/n10p_ws/install/n10p_nav/share/n10p_nav/hook/ament_prefix_path.ps1'
[0.173s] colcon.colcon_core.shell INFO Creating environment descriptor '/home/ubuntu22/ROS2/n10p_leishen/n10p_ws/install/n10p_nav/share/n10p_nav/hook/ament_prefix_path.dsv'
[0.173s] colcon.colcon_core.shell INFO Creating environment hook '/home/ubuntu22/ROS2/n10p_leishen/n10p_ws/install/n10p_nav/share/n10p_nav/hook/ament_prefix_path.sh'
[0.174s] colcon.colcon_core.shell INFO Skip shell extension 'powershell' for command environment: Not usable outside of PowerShell
[0.174s] colcon.colcon_core.shell DEBUG Skip shell extension 'dsv' for command environment
[0.288s] colcon.colcon_core.task.python.build INFO Building Python package in '/home/ubuntu22/ROS2/n10p_leishen/n10p_ws/src/n10p_nav'
[0.289s] colcon.colcon_core.shell INFO Skip shell extension 'powershell' for command environment: Not usable outside of PowerShell
[0.289s] colcon.colcon_core.shell DEBUG Skip shell extension 'dsv' for command environment
[0.704s] colcon.colcon_core.event_handler.log_command DEBUG Invoking command in '/home/ubuntu22/ROS2/n10p_leishen/n10p_ws/src/n10p_nav': AMENT_PREFIX_PATH=/home/ubuntu22/ROS2/n10p_leishen/n10p_ws/install/n10p_bringup:/home/ubuntu22/ROS2/n10p_leishen/n10p_ws/install/n10p_slam:/home/ubuntu22/ROS2/n10p_leishen/n10p_ws/install/lslidar_driver:/home/ubuntu22/ROS2/n10p_leishen/n10p_ws/install/lslidar_msgs:/home/ubuntu22/ws_ros2/install/px4_ros_com:/home/ubuntu22/ws_ros2/install/px4_msgs:/opt/ros/humble PYTHONPATH=/home/ubuntu22/ROS2/n10p_leishen/n10p_ws/build/n10p_nav/prefix_override:/usr/lib/python3/dist-packages/colcon_core/task/python/colcon_distutils_commands:/home/ubuntu22/ROS2/n10p_leishen/n10p_ws/install/n10p_nav/lib/python3.10/site-packages:/home/ubuntu22/ROS2/n10p_leishen/n10p_ws/install/n10p_bringup/lib/python3.10/site-packages:/home/ubuntu22/ROS2/n10p_leishen/n10p_ws/install/n10p_slam/lib/python3.10/site-packages:/home/ubuntu22/ROS2/n10p_leishen/n10p_ws/install/lslidar_msgs/local/lib/python3.10/dist-packages:/home/ubuntu22/ws_ros2/install/px4_ros_com/local/lib/python3.10/dist-packages:/home/ubuntu22/ws_ros2/install/px4_msgs/local/lib/python3.10/dist-packages:/opt/ros/humble/lib/python3.10/site-packages:/opt/ros/humble/local/lib/python3.10/dist-packages /usr/bin/python3 -W ignore:setup.py install is deprecated -W ignore:easy_install command is deprecated setup.py egg_info --egg-base ../../build/n10p_nav build --build-base /home/ubuntu22/ROS2/n10p_leishen/n10p_ws/build/n10p_nav/build install --record /home/ubuntu22/ROS2/n10p_leishen/n10p_ws/build/n10p_nav/install.log --single-version-externally-managed install_data
[0.866s] colcon.colcon_core.event_handler.log_command DEBUG Invoked command in '/home/ubuntu22/ROS2/n10p_leishen/n10p_ws/src/n10p_nav' returned '1': AMENT_PREFIX_PATH=/home/ubuntu22/ROS2/n10p_leishen/n10p_ws/install/n10p_bringup:/home/ubuntu22/ROS2/n10p_leishen/n10p_ws/install/n10p_slam:/home/ubuntu22/ROS2/n10p_leishen/n10p_ws/install/lslidar_driver:/home/ubuntu22/ROS2/n10p_leishen/n10p_ws/install/lslidar_msgs:/home/ubuntu22/ws_ros2/install/px4_ros_com:/home/ubuntu22/ws_ros2/install/px4_msgs:/opt/ros/humble PYTHONPATH=/home/ubuntu22/ROS2/n10p_leishen/n10p_ws/build/n10p_nav/prefix_override:/usr/lib/python3/dist-packages/colcon_core/task/python/colcon_distutils_commands:/home/ubuntu22/ROS2/n10p_leishen/n10p_ws/install/n10p_nav/lib/python3.10/site-packages:/home/ubuntu22/ROS2/n10p_leishen/n10p_ws/install/n10p_bringup/lib/python3.10/site-packages:/home/ubuntu22/ROS2/n10p_leishen/n10p_ws/install/n10p_slam/lib/python3.10/site-packages:/home/ubuntu22/ROS2/n10p_leishen/n10p_ws/install/lslidar_msgs/local/lib/python3.10/dist-packages:/home/ubuntu22/ws_ros2/install/px4_ros_com/local/lib/python3.10/dist-packages:/home/ubuntu22/ws_ros2/install/px4_msgs/local/lib/python3.10/dist-packages:/opt/ros/humble/lib/python3.10/site-packages:/opt/ros/humble/local/lib/python3.10/dist-packages /usr/bin/python3 -W ignore:setup.py install is deprecated -W ignore:easy_install command is deprecated setup.py egg_info --egg-base ../../build/n10p_nav build --build-base /home/ubuntu22/ROS2/n10p_leishen/n10p_ws/build/n10p_nav/build install --record /home/ubuntu22/ROS2/n10p_leishen/n10p_ws/build/n10p_nav/install.log --single-version-externally-managed install_data
[0.876s] colcon.colcon_parallel_executor.executor.parallel DEBUG closing loop
[0.876s] colcon.colcon_parallel_executor.executor.parallel DEBUG loop closed
[0.876s] colcon.colcon_parallel_executor.executor.parallel DEBUG run_until_complete finished with '1'
[0.876s] colcon.colcon_core.event_reactor DEBUG joining thread
[0.892s] colcon.colcon_core.plugin_system INFO Skipping extension 'colcon_notification.desktop_notification.terminal_notifier': Not used on non-Darwin systems
[0.892s] colcon.colcon_core.plugin_system INFO Skipping extension 'colcon_notification.desktop_notification.win32': Not used on non-Windows systems
[0.892s] colcon.colcon_notification.desktop_notification INFO Sending desktop notification using 'notify2'
[0.905s] colcon.colcon_core.event_reactor DEBUG joined thread
[0.905s] colcon.colcon_core.shell INFO Creating prefix script '/home/ubuntu22/ROS2/n10p_leishen/n10p_ws/install/local_setup.ps1'
[0.906s] colcon.colcon_core.shell INFO Creating prefix util module '/home/ubuntu22/ROS2/n10p_leishen/n10p_ws/install/_local_setup_util_ps1.py'
[0.907s] colcon.colcon_core.shell INFO Creating prefix chain script '/home/ubuntu22/ROS2/n10p_leishen/n10p_ws/install/setup.ps1'
[0.907s] colcon.colcon_core.shell INFO Creating prefix script '/home/ubuntu22/ROS2/n10p_leishen/n10p_ws/install/local_setup.sh'
[0.908s] colcon.colcon_core.shell INFO Creating prefix util module '/home/ubuntu22/ROS2/n10p_leishen/n10p_ws/install/_local_setup_util_sh.py'
[0.908s] colcon.colcon_core.shell INFO Creating prefix chain script '/home/ubuntu22/ROS2/n10p_leishen/n10p_ws/install/setup.sh'
[0.909s] colcon.colcon_core.shell INFO Creating prefix script '/home/ubuntu22/ROS2/n10p_leishen/n10p_ws/install/local_setup.bash'
[0.909s] colcon.colcon_core.shell INFO Creating prefix chain script '/home/ubuntu22/ROS2/n10p_leishen/n10p_ws/install/setup.bash'
[0.910s] colcon.colcon_core.shell INFO Creating prefix script '/home/ubuntu22/ROS2/n10p_leishen/n10p_ws/install/local_setup.zsh'
[0.915s] colcon.colcon_core.shell INFO Creating prefix chain script '/home/ubuntu22/ROS2/n10p_leishen/n10p_ws/install/setup.zsh'
