[0.061s] [34mcolcon[0m [1;30mDEBUG[0m [32mCommand line arguments: ['/usr/bin/colcon', 'build', '--packages-select', 'n10p_slam'][0m
[0.061s] [34mcolcon[0m [1;30mDEBUG[0m [32mParsed command line arguments: Namespace(log_base=None, log_level=None, verb_name='build', build_base='build', install_base='install', merge_install=False, symlink_install=False, test_result_base=None, continue_on_error=False, executor='parallel', parallel_workers=32, event_handlers=None, ignore_user_meta=False, metas=['./colcon.meta'], base_paths=['.'], packages_ignore=None, packages_ignore_regex=None, paths=None, packages_up_to=None, packages_up_to_regex=None, packages_above=None, packages_above_and_dependencies=None, packages_above_depth=None, packages_select_by_dep=None, packages_skip_by_dep=None, packages_skip_up_to=None, packages_select_build_failed=False, packages_skip_build_finished=False, packages_select_test_failures=False, packages_skip_test_passed=False, packages_select=['n10p_slam'], packages_skip=None, packages_select_regex=None, packages_skip_regex=None, packages_start=None, packages_end=None, allow_overriding=[], cmake_args=None, cmake_target=None, cmake_target_skip_unavailable=False, cmake_clean_cache=False, cmake_clean_first=False, cmake_force_configure=False, ament_cmake_args=None, catkin_cmake_args=None, catkin_skip_building_tests=False, verb_parser=<colcon_defaults.argument_parser.defaults.DefaultArgumentsDecorator object at 0x7aa56c351ba0>, verb_extension=<colcon_core.verb.build.BuildVerb object at 0x7aa56c351750>, main=<bound method BuildVerb.main of <colcon_core.verb.build.BuildVerb object at 0x7aa56c351750>>)[0m
[0.082s] [34mcolcon.colcon_core.package_discovery[0m [1;30mLevel 1[0m discover_packages(colcon_meta) check parameters
[0.082s] [34mcolcon.colcon_core.package_discovery[0m [1;30mLevel 1[0m discover_packages(recursive) check parameters
[0.082s] [34mcolcon.colcon_core.package_discovery[0m [1;30mLevel 1[0m discover_packages(ignore) check parameters
[0.082s] [34mcolcon.colcon_core.package_discovery[0m [1;30mLevel 1[0m discover_packages(path) check parameters
[0.082s] [34mcolcon.colcon_core.package_discovery[0m [1;30mLevel 1[0m discover_packages(colcon_meta) discover
[0.082s] [34mcolcon.colcon_core.package_discovery[0m [1;30mLevel 1[0m discover_packages(recursive) discover
[0.082s] [34mcolcon.colcon_core.package_discovery[0m [1;30mINFO[0m Crawling recursively for packages in '/home/ubuntu22/ROS2/n10p_leishen/n10p_ws'
[0.082s] [34mcolcon.colcon_core.package_identification[0m [1;30mLevel 1[0m _identify(.) by extensions ['ignore', 'ignore_ament_install']
[0.082s] [34mcolcon.colcon_core.package_identification[0m [1;30mLevel 1[0m _identify(.) by extension 'ignore'
[0.082s] [34mcolcon.colcon_core.package_identification[0m [1;30mLevel 1[0m _identify(.) by extension 'ignore_ament_install'
[0.082s] [34mcolcon.colcon_core.package_identification[0m [1;30mLevel 1[0m _identify(.) by extensions ['colcon_pkg']
[0.082s] [34mcolcon.colcon_core.package_identification[0m [1;30mLevel 1[0m _identify(.) by extension 'colcon_pkg'
[0.082s] [34mcolcon.colcon_core.package_identification[0m [1;30mLevel 1[0m _identify(.) by extensions ['colcon_meta']
[0.082s] [34mcolcon.colcon_core.package_identification[0m [1;30mLevel 1[0m _identify(.) by extension 'colcon_meta'
[0.082s] [34mcolcon.colcon_core.package_identification[0m [1;30mLevel 1[0m _identify(.) by extensions ['ros']
[0.082s] [34mcolcon.colcon_core.package_identification[0m [1;30mLevel 1[0m _identify(.) by extension 'ros'
[0.090s] [34mcolcon.colcon_core.package_identification[0m [1;30mLevel 1[0m _identify(.) by extensions ['cmake', 'python']
[0.090s] [34mcolcon.colcon_core.package_identification[0m [1;30mLevel 1[0m _identify(.) by extension 'cmake'
[0.090s] [34mcolcon.colcon_core.package_identification[0m [1;30mLevel 1[0m _identify(.) by extension 'python'
[0.090s] [34mcolcon.colcon_core.package_identification[0m [1;30mLevel 1[0m _identify(.) by extensions ['python_setup_py']
[0.090s] [34mcolcon.colcon_core.package_identification[0m [1;30mLevel 1[0m _identify(.) by extension 'python_setup_py'
[0.090s] [34mcolcon.colcon_core.package_identification[0m [1;30mLevel 1[0m _identify(build) by extensions ['ignore', 'ignore_ament_install']
[0.090s] [34mcolcon.colcon_core.package_identification[0m [1;30mLevel 1[0m _identify(build) by extension 'ignore'
[0.090s] [34mcolcon.colcon_core.package_identification[0m [1;30mLevel 1[0m _identify(build) ignored
[0.090s] [34mcolcon.colcon_core.package_identification[0m [1;30mLevel 1[0m _identify(install) by extensions ['ignore', 'ignore_ament_install']
[0.090s] [34mcolcon.colcon_core.package_identification[0m [1;30mLevel 1[0m _identify(install) by extension 'ignore'
[0.090s] [34mcolcon.colcon_core.package_identification[0m [1;30mLevel 1[0m _identify(install) ignored
[0.090s] [34mcolcon.colcon_core.package_identification[0m [1;30mLevel 1[0m _identify(log) by extensions ['ignore', 'ignore_ament_install']
[0.090s] [34mcolcon.colcon_core.package_identification[0m [1;30mLevel 1[0m _identify(log) by extension 'ignore'
[0.090s] [34mcolcon.colcon_core.package_identification[0m [1;30mLevel 1[0m _identify(log) ignored
[0.090s] [34mcolcon.colcon_core.package_identification[0m [1;30mLevel 1[0m _identify(src) by extensions ['ignore', 'ignore_ament_install']
[0.090s] [34mcolcon.colcon_core.package_identification[0m [1;30mLevel 1[0m _identify(src) by extension 'ignore'
[0.091s] [34mcolcon.colcon_core.package_identification[0m [1;30mLevel 1[0m _identify(src) by extension 'ignore_ament_install'
[0.091s] [34mcolcon.colcon_core.package_identification[0m [1;30mLevel 1[0m _identify(src) by extensions ['colcon_pkg']
[0.091s] [34mcolcon.colcon_core.package_identification[0m [1;30mLevel 1[0m _identify(src) by extension 'colcon_pkg'
[0.091s] [34mcolcon.colcon_core.package_identification[0m [1;30mLevel 1[0m _identify(src) by extensions ['colcon_meta']
[0.091s] [34mcolcon.colcon_core.package_identification[0m [1;30mLevel 1[0m _identify(src) by extension 'colcon_meta'
[0.091s] [34mcolcon.colcon_core.package_identification[0m [1;30mLevel 1[0m _identify(src) by extensions ['ros']
[0.091s] [34mcolcon.colcon_core.package_identification[0m [1;30mLevel 1[0m _identify(src) by extension 'ros'
[0.091s] [34mcolcon.colcon_core.package_identification[0m [1;30mLevel 1[0m _identify(src) by extensions ['cmake', 'python']
[0.091s] [34mcolcon.colcon_core.package_identification[0m [1;30mLevel 1[0m _identify(src) by extension 'cmake'
[0.091s] [34mcolcon.colcon_core.package_identification[0m [1;30mLevel 1[0m _identify(src) by extension 'python'
[0.091s] [34mcolcon.colcon_core.package_identification[0m [1;30mLevel 1[0m _identify(src) by extensions ['python_setup_py']
[0.091s] [34mcolcon.colcon_core.package_identification[0m [1;30mLevel 1[0m _identify(src) by extension 'python_setup_py'
[0.091s] [34mcolcon.colcon_core.package_identification[0m [1;30mLevel 1[0m _identify(src/Lslidar_ROS2_driver) by extensions ['ignore', 'ignore_ament_install']
[0.091s] [34mcolcon.colcon_core.package_identification[0m [1;30mLevel 1[0m _identify(src/Lslidar_ROS2_driver) by extension 'ignore'
[0.091s] [34mcolcon.colcon_core.package_identification[0m [1;30mLevel 1[0m _identify(src/Lslidar_ROS2_driver) by extension 'ignore_ament_install'
[0.091s] [34mcolcon.colcon_core.package_identification[0m [1;30mLevel 1[0m _identify(src/Lslidar_ROS2_driver) by extensions ['colcon_pkg']
[0.091s] [34mcolcon.colcon_core.package_identification[0m [1;30mLevel 1[0m _identify(src/Lslidar_ROS2_driver) by extension 'colcon_pkg'
[0.091s] [34mcolcon.colcon_core.package_identification[0m [1;30mLevel 1[0m _identify(src/Lslidar_ROS2_driver) by extensions ['colcon_meta']
[0.091s] [34mcolcon.colcon_core.package_identification[0m [1;30mLevel 1[0m _identify(src/Lslidar_ROS2_driver) by extension 'colcon_meta'
[0.091s] [34mcolcon.colcon_core.package_identification[0m [1;30mLevel 1[0m _identify(src/Lslidar_ROS2_driver) by extensions ['ros']
[0.091s] [34mcolcon.colcon_core.package_identification[0m [1;30mLevel 1[0m _identify(src/Lslidar_ROS2_driver) by extension 'ros'
[0.091s] [34mcolcon.colcon_core.package_identification[0m [1;30mLevel 1[0m _identify(src/Lslidar_ROS2_driver) by extensions ['cmake', 'python']
[0.091s] [34mcolcon.colcon_core.package_identification[0m [1;30mLevel 1[0m _identify(src/Lslidar_ROS2_driver) by extension 'cmake'
[0.091s] [34mcolcon.colcon_core.package_identification[0m [1;30mLevel 1[0m _identify(src/Lslidar_ROS2_driver) by extension 'python'
[0.091s] [34mcolcon.colcon_core.package_identification[0m [1;30mLevel 1[0m _identify(src/Lslidar_ROS2_driver) by extensions ['python_setup_py']
[0.091s] [34mcolcon.colcon_core.package_identification[0m [1;30mLevel 1[0m _identify(src/Lslidar_ROS2_driver) by extension 'python_setup_py'
[0.091s] [34mcolcon.colcon_core.package_identification[0m [1;30mLevel 1[0m _identify(src/Lslidar_ROS2_driver/lslidar_driver) by extensions ['ignore', 'ignore_ament_install']
[0.091s] [34mcolcon.colcon_core.package_identification[0m [1;30mLevel 1[0m _identify(src/Lslidar_ROS2_driver/lslidar_driver) by extension 'ignore'
[0.091s] [34mcolcon.colcon_core.package_identification[0m [1;30mLevel 1[0m _identify(src/Lslidar_ROS2_driver/lslidar_driver) by extension 'ignore_ament_install'
[0.091s] [34mcolcon.colcon_core.package_identification[0m [1;30mLevel 1[0m _identify(src/Lslidar_ROS2_driver/lslidar_driver) by extensions ['colcon_pkg']
[0.091s] [34mcolcon.colcon_core.package_identification[0m [1;30mLevel 1[0m _identify(src/Lslidar_ROS2_driver/lslidar_driver) by extension 'colcon_pkg'
[0.091s] [34mcolcon.colcon_core.package_identification[0m [1;30mLevel 1[0m _identify(src/Lslidar_ROS2_driver/lslidar_driver) by extensions ['colcon_meta']
[0.091s] [34mcolcon.colcon_core.package_identification[0m [1;30mLevel 1[0m _identify(src/Lslidar_ROS2_driver/lslidar_driver) by extension 'colcon_meta'
[0.091s] [34mcolcon.colcon_core.package_identification[0m [1;30mLevel 1[0m _identify(src/Lslidar_ROS2_driver/lslidar_driver) by extensions ['ros']
[0.091s] [34mcolcon.colcon_core.package_identification[0m [1;30mLevel 1[0m _identify(src/Lslidar_ROS2_driver/lslidar_driver) by extension 'ros'
[0.093s] [34mcolcon.colcon_core.package_identification[0m [1;30mDEBUG[0m [32mPackage 'src/Lslidar_ROS2_driver/lslidar_driver' with type 'ros.ament_cmake' and name 'lslidar_driver'[0m
[0.093s] [34mcolcon.colcon_core.package_identification[0m [1;30mLevel 1[0m _identify(src/Lslidar_ROS2_driver/lslidar_msgs) by extensions ['ignore', 'ignore_ament_install']
[0.093s] [34mcolcon.colcon_core.package_identification[0m [1;30mLevel 1[0m _identify(src/Lslidar_ROS2_driver/lslidar_msgs) by extension 'ignore'
[0.093s] [34mcolcon.colcon_core.package_identification[0m [1;30mLevel 1[0m _identify(src/Lslidar_ROS2_driver/lslidar_msgs) by extension 'ignore_ament_install'
[0.093s] [34mcolcon.colcon_core.package_identification[0m [1;30mLevel 1[0m _identify(src/Lslidar_ROS2_driver/lslidar_msgs) by extensions ['colcon_pkg']
[0.093s] [34mcolcon.colcon_core.package_identification[0m [1;30mLevel 1[0m _identify(src/Lslidar_ROS2_driver/lslidar_msgs) by extension 'colcon_pkg'
[0.093s] [34mcolcon.colcon_core.package_identification[0m [1;30mLevel 1[0m _identify(src/Lslidar_ROS2_driver/lslidar_msgs) by extensions ['colcon_meta']
[0.093s] [34mcolcon.colcon_core.package_identification[0m [1;30mLevel 1[0m _identify(src/Lslidar_ROS2_driver/lslidar_msgs) by extension 'colcon_meta'
[0.093s] [34mcolcon.colcon_core.package_identification[0m [1;30mLevel 1[0m _identify(src/Lslidar_ROS2_driver/lslidar_msgs) by extensions ['ros']
[0.093s] [34mcolcon.colcon_core.package_identification[0m [1;30mLevel 1[0m _identify(src/Lslidar_ROS2_driver/lslidar_msgs) by extension 'ros'
[0.093s] [34mcolcon.colcon_core.package_identification[0m [1;30mDEBUG[0m [32mPackage 'src/Lslidar_ROS2_driver/lslidar_msgs' with type 'ros.ament_cmake' and name 'lslidar_msgs'[0m
[0.093s] [34mcolcon.colcon_core.package_identification[0m [1;30mLevel 1[0m _identify(src/n10p_bringup) by extensions ['ignore', 'ignore_ament_install']
[0.093s] [34mcolcon.colcon_core.package_identification[0m [1;30mLevel 1[0m _identify(src/n10p_bringup) by extension 'ignore'
[0.093s] [34mcolcon.colcon_core.package_identification[0m [1;30mLevel 1[0m _identify(src/n10p_bringup) by extension 'ignore_ament_install'
[0.093s] [34mcolcon.colcon_core.package_identification[0m [1;30mLevel 1[0m _identify(src/n10p_bringup) by extensions ['colcon_pkg']
[0.093s] [34mcolcon.colcon_core.package_identification[0m [1;30mLevel 1[0m _identify(src/n10p_bringup) by extension 'colcon_pkg'
[0.093s] [34mcolcon.colcon_core.package_identification[0m [1;30mLevel 1[0m _identify(src/n10p_bringup) by extensions ['colcon_meta']
[0.093s] [34mcolcon.colcon_core.package_identification[0m [1;30mLevel 1[0m _identify(src/n10p_bringup) by extension 'colcon_meta'
[0.093s] [34mcolcon.colcon_core.package_identification[0m [1;30mLevel 1[0m _identify(src/n10p_bringup) by extensions ['ros']
[0.094s] [34mcolcon.colcon_core.package_identification[0m [1;30mLevel 1[0m _identify(src/n10p_bringup) by extension 'ros'
[0.094s] [34mcolcon.colcon_core.package_identification[0m [1;30mDEBUG[0m [32mPackage 'src/n10p_bringup' with type 'ros.ament_python' and name 'n10p_bringup'[0m
[0.094s] [34mcolcon.colcon_core.package_identification[0m [1;30mLevel 1[0m _identify(src/n10p_slam) by extensions ['ignore', 'ignore_ament_install']
[0.094s] [34mcolcon.colcon_core.package_identification[0m [1;30mLevel 1[0m _identify(src/n10p_slam) by extension 'ignore'
[0.094s] [34mcolcon.colcon_core.package_identification[0m [1;30mLevel 1[0m _identify(src/n10p_slam) by extension 'ignore_ament_install'
[0.094s] [34mcolcon.colcon_core.package_identification[0m [1;30mLevel 1[0m _identify(src/n10p_slam) by extensions ['colcon_pkg']
[0.094s] [34mcolcon.colcon_core.package_identification[0m [1;30mLevel 1[0m _identify(src/n10p_slam) by extension 'colcon_pkg'
[0.094s] [34mcolcon.colcon_core.package_identification[0m [1;30mLevel 1[0m _identify(src/n10p_slam) by extensions ['colcon_meta']
[0.094s] [34mcolcon.colcon_core.package_identification[0m [1;30mLevel 1[0m _identify(src/n10p_slam) by extension 'colcon_meta'
[0.094s] [34mcolcon.colcon_core.package_identification[0m [1;30mLevel 1[0m _identify(src/n10p_slam) by extensions ['ros']
[0.094s] [34mcolcon.colcon_core.package_identification[0m [1;30mLevel 1[0m _identify(src/n10p_slam) by extension 'ros'
[0.094s] [34mcolcon.colcon_core.package_identification[0m [1;30mDEBUG[0m [32mPackage 'src/n10p_slam' with type 'ros.ament_python' and name 'n10p_slam'[0m
[0.095s] [34mcolcon.colcon_core.package_discovery[0m [1;30mLevel 1[0m discover_packages(recursive) using defaults
[0.095s] [34mcolcon.colcon_core.package_discovery[0m [1;30mLevel 1[0m discover_packages(ignore) discover
[0.095s] [34mcolcon.colcon_core.package_discovery[0m [1;30mLevel 1[0m discover_packages(ignore) using defaults
[0.095s] [34mcolcon.colcon_core.package_discovery[0m [1;30mLevel 1[0m discover_packages(path) discover
[0.095s] [34mcolcon.colcon_core.package_discovery[0m [1;30mLevel 1[0m discover_packages(path) using defaults
[0.103s] [34mcolcon.colcon_core.package_selection[0m [1;30mINFO[0m Skipping not selected package 'lslidar_msgs' in 'src/Lslidar_ROS2_driver/lslidar_msgs'
[0.103s] [34mcolcon.colcon_core.package_selection[0m [1;30mINFO[0m Skipping not selected package 'n10p_bringup' in 'src/n10p_bringup'
[0.103s] [34mcolcon.colcon_core.package_selection[0m [1;30mINFO[0m Skipping not selected package 'lslidar_driver' in 'src/Lslidar_ROS2_driver/lslidar_driver'
[0.104s] [34mcolcon.colcon_core.package_discovery[0m [1;30mLevel 1[0m discover_packages(prefix_path) check parameters
[0.104s] [34mcolcon.colcon_core.package_discovery[0m [1;30mLevel 1[0m discover_packages(prefix_path) discover
[0.105s] [34mcolcon.colcon_installed_package_information.package_discovery[0m [1;30mDEBUG[0m [32mFound 4 installed packages in /home/ubuntu22/ROS2/n10p_leishen/n10p_ws/install[0m
[0.105s] [34mcolcon.colcon_installed_package_information.package_discovery[0m [1;30mDEBUG[0m [32mFound 2 installed packages in /home/ubuntu22/ws_ros2/install[0m
[0.106s] [34mcolcon.colcon_installed_package_information.package_discovery[0m [1;30mDEBUG[0m [32mFound 320 installed packages in /opt/ros/humble[0m
[0.107s] [34mcolcon.colcon_core.package_discovery[0m [1;30mLevel 1[0m discover_packages(prefix_path) using defaults
[0.126s] [34mcolcon.colcon_core.verb[0m [1;30mLevel 5[0m set package 'n10p_slam' build argument 'cmake_args' from command line to 'None'
[0.126s] [34mcolcon.colcon_core.verb[0m [1;30mLevel 5[0m set package 'n10p_slam' build argument 'cmake_target' from command line to 'None'
[0.126s] [34mcolcon.colcon_core.verb[0m [1;30mLevel 5[0m set package 'n10p_slam' build argument 'cmake_target_skip_unavailable' from command line to 'False'
[0.126s] [34mcolcon.colcon_core.verb[0m [1;30mLevel 5[0m set package 'n10p_slam' build argument 'cmake_clean_cache' from command line to 'False'
[0.126s] [34mcolcon.colcon_core.verb[0m [1;30mLevel 5[0m set package 'n10p_slam' build argument 'cmake_clean_first' from command line to 'False'
[0.127s] [34mcolcon.colcon_core.verb[0m [1;30mLevel 5[0m set package 'n10p_slam' build argument 'cmake_force_configure' from command line to 'False'
[0.127s] [34mcolcon.colcon_core.verb[0m [1;30mLevel 5[0m set package 'n10p_slam' build argument 'ament_cmake_args' from command line to 'None'
[0.127s] [34mcolcon.colcon_core.verb[0m [1;30mLevel 5[0m set package 'n10p_slam' build argument 'catkin_cmake_args' from command line to 'None'
[0.127s] [34mcolcon.colcon_core.verb[0m [1;30mLevel 5[0m set package 'n10p_slam' build argument 'catkin_skip_building_tests' from command line to 'False'
[0.127s] [34mcolcon.colcon_core.verb[0m [1;30mDEBUG[0m [32mBuilding package 'n10p_slam' with the following arguments: {'ament_cmake_args': None, 'build_base': '/home/ubuntu22/ROS2/n10p_leishen/n10p_ws/build/n10p_slam', 'catkin_cmake_args': None, 'catkin_skip_building_tests': False, 'cmake_args': None, 'cmake_clean_cache': False, 'cmake_clean_first': False, 'cmake_force_configure': False, 'cmake_target': None, 'cmake_target_skip_unavailable': False, 'install_base': '/home/ubuntu22/ROS2/n10p_leishen/n10p_ws/install/n10p_slam', 'merge_install': False, 'path': '/home/ubuntu22/ROS2/n10p_leishen/n10p_ws/src/n10p_slam', 'symlink_install': False, 'test_result_base': None}[0m
[0.127s] [34mcolcon.colcon_core.executor[0m [1;30mINFO[0m Executing jobs using 'parallel' executor
[0.127s] [34mcolcon.colcon_parallel_executor.executor.parallel[0m [1;30mDEBUG[0m [32mrun_until_complete[0m
[0.127s] [34mcolcon.colcon_ros.task.ament_python.build[0m [1;30mINFO[0m Building ROS package in '/home/ubuntu22/ROS2/n10p_leishen/n10p_ws/src/n10p_slam' with build type 'ament_python'
[0.128s] [34mcolcon.colcon_core.shell[0m [1;30mLevel 1[0m create_environment_hook('n10p_slam', 'ament_prefix_path')
[0.129s] [34mcolcon.colcon_core.plugin_system[0m [1;30mINFO[0m Skipping extension 'colcon_core.shell.bat': Not used on non-Windows systems
[0.129s] [34mcolcon.colcon_core.shell[0m [1;30mINFO[0m Creating environment hook '/home/ubuntu22/ROS2/n10p_leishen/n10p_ws/install/n10p_slam/share/n10p_slam/hook/ament_prefix_path.ps1'
[0.129s] [34mcolcon.colcon_core.shell[0m [1;30mINFO[0m Creating environment descriptor '/home/ubuntu22/ROS2/n10p_leishen/n10p_ws/install/n10p_slam/share/n10p_slam/hook/ament_prefix_path.dsv'
[0.129s] [34mcolcon.colcon_core.shell[0m [1;30mINFO[0m Creating environment hook '/home/ubuntu22/ROS2/n10p_leishen/n10p_ws/install/n10p_slam/share/n10p_slam/hook/ament_prefix_path.sh'
[0.130s] [34mcolcon.colcon_core.shell[0m [1;30mINFO[0m Skip shell extension 'powershell' for command environment: Not usable outside of PowerShell
[0.130s] [34mcolcon.colcon_core.shell[0m [1;30mDEBUG[0m [32mSkip shell extension 'dsv' for command environment[0m
[0.250s] [34mcolcon.colcon_core.task.python.build[0m [1;30mINFO[0m Building Python package in '/home/ubuntu22/ROS2/n10p_leishen/n10p_ws/src/n10p_slam'
[0.250s] [34mcolcon.colcon_core.shell[0m [1;30mINFO[0m Skip shell extension 'powershell' for command environment: Not usable outside of PowerShell
[0.250s] [34mcolcon.colcon_core.shell[0m [1;30mDEBUG[0m [32mSkip shell extension 'dsv' for command environment[0m
[0.578s] [34mcolcon.colcon_core.event_handler.log_command[0m [1;30mDEBUG[0m [32mInvoking command in '/home/ubuntu22/ROS2/n10p_leishen/n10p_ws/src/n10p_slam': AMENT_PREFIX_PATH=/home/ubuntu22/ROS2/n10p_leishen/n10p_ws/install/n10p_bringup:/home/ubuntu22/ROS2/n10p_leishen/n10p_ws/install/n10p_slam:/home/ubuntu22/ROS2/n10p_leishen/n10p_ws/install/lslidar_driver:/home/ubuntu22/ROS2/n10p_leishen/n10p_ws/install/lslidar_msgs:/home/ubuntu22/ws_ros2/install/px4_ros_com:/home/ubuntu22/ws_ros2/install/px4_msgs:/opt/ros/humble PYTHONPATH=/home/ubuntu22/ROS2/n10p_leishen/n10p_ws/build/n10p_slam/prefix_override:/usr/lib/python3/dist-packages/colcon_core/task/python/colcon_distutils_commands:/home/ubuntu22/ROS2/n10p_leishen/n10p_ws/install/n10p_slam/lib/python3.10/site-packages:/home/ubuntu22/ROS2/n10p_leishen/n10p_ws/install/n10p_bringup/lib/python3.10/site-packages:/home/ubuntu22/ROS2/n10p_leishen/n10p_ws/install/n10p_slam/lib/python3.10/site-packages:/home/ubuntu22/ROS2/n10p_leishen/n10p_ws/install/lslidar_msgs/local/lib/python3.10/dist-packages:/home/ubuntu22/ws_ros2/install/px4_ros_com/local/lib/python3.10/dist-packages:/home/ubuntu22/ws_ros2/install/px4_msgs/local/lib/python3.10/dist-packages:/opt/ros/humble/lib/python3.10/site-packages:/opt/ros/humble/local/lib/python3.10/dist-packages /usr/bin/python3 -W ignore:setup.py install is deprecated -W ignore:easy_install command is deprecated setup.py egg_info --egg-base ../../build/n10p_slam build --build-base /home/ubuntu22/ROS2/n10p_leishen/n10p_ws/build/n10p_slam/build install --record /home/ubuntu22/ROS2/n10p_leishen/n10p_ws/build/n10p_slam/install.log --single-version-externally-managed install_data[0m
[0.785s] [34mcolcon.colcon_core.event_handler.log_command[0m [1;30mDEBUG[0m [32mInvoked command in '/home/ubuntu22/ROS2/n10p_leishen/n10p_ws/src/n10p_slam' returned '0': AMENT_PREFIX_PATH=/home/ubuntu22/ROS2/n10p_leishen/n10p_ws/install/n10p_bringup:/home/ubuntu22/ROS2/n10p_leishen/n10p_ws/install/n10p_slam:/home/ubuntu22/ROS2/n10p_leishen/n10p_ws/install/lslidar_driver:/home/ubuntu22/ROS2/n10p_leishen/n10p_ws/install/lslidar_msgs:/home/ubuntu22/ws_ros2/install/px4_ros_com:/home/ubuntu22/ws_ros2/install/px4_msgs:/opt/ros/humble PYTHONPATH=/home/ubuntu22/ROS2/n10p_leishen/n10p_ws/build/n10p_slam/prefix_override:/usr/lib/python3/dist-packages/colcon_core/task/python/colcon_distutils_commands:/home/ubuntu22/ROS2/n10p_leishen/n10p_ws/install/n10p_slam/lib/python3.10/site-packages:/home/ubuntu22/ROS2/n10p_leishen/n10p_ws/install/n10p_bringup/lib/python3.10/site-packages:/home/ubuntu22/ROS2/n10p_leishen/n10p_ws/install/n10p_slam/lib/python3.10/site-packages:/home/ubuntu22/ROS2/n10p_leishen/n10p_ws/install/lslidar_msgs/local/lib/python3.10/dist-packages:/home/ubuntu22/ws_ros2/install/px4_ros_com/local/lib/python3.10/dist-packages:/home/ubuntu22/ws_ros2/install/px4_msgs/local/lib/python3.10/dist-packages:/opt/ros/humble/lib/python3.10/site-packages:/opt/ros/humble/local/lib/python3.10/dist-packages /usr/bin/python3 -W ignore:setup.py install is deprecated -W ignore:easy_install command is deprecated setup.py egg_info --egg-base ../../build/n10p_slam build --build-base /home/ubuntu22/ROS2/n10p_leishen/n10p_ws/build/n10p_slam/build install --record /home/ubuntu22/ROS2/n10p_leishen/n10p_ws/build/n10p_slam/install.log --single-version-externally-managed install_data[0m
[0.787s] [34mcolcon.colcon_core.environment[0m [1;30mLevel 1[0m checking '/home/ubuntu22/ROS2/n10p_leishen/n10p_ws/install/n10p_slam' for CMake module files
[0.787s] [34mcolcon.colcon_core.environment[0m [1;30mLevel 1[0m checking '/home/ubuntu22/ROS2/n10p_leishen/n10p_ws/install/n10p_slam' for CMake config files
[0.787s] [34mcolcon.colcon_core.environment[0m [1;30mLevel 1[0m checking '/home/ubuntu22/ROS2/n10p_leishen/n10p_ws/install/n10p_slam/lib'
[0.787s] [34mcolcon.colcon_core.environment[0m [1;30mLevel 1[0m checking '/home/ubuntu22/ROS2/n10p_leishen/n10p_ws/install/n10p_slam/bin'
[0.787s] [34mcolcon.colcon_core.environment[0m [1;30mLevel 1[0m checking '/home/ubuntu22/ROS2/n10p_leishen/n10p_ws/install/n10p_slam/lib/pkgconfig/n10p_slam.pc'
[0.788s] [34mcolcon.colcon_core.environment[0m [1;30mLevel 1[0m checking '/home/ubuntu22/ROS2/n10p_leishen/n10p_ws/install/n10p_slam/lib/python3.10/site-packages'
[0.788s] [34mcolcon.colcon_core.shell[0m [1;30mLevel 1[0m create_environment_hook('n10p_slam', 'pythonpath')
[0.788s] [34mcolcon.colcon_core.shell[0m [1;30mINFO[0m Creating environment hook '/home/ubuntu22/ROS2/n10p_leishen/n10p_ws/install/n10p_slam/share/n10p_slam/hook/pythonpath.ps1'
[0.788s] [34mcolcon.colcon_core.shell[0m [1;30mINFO[0m Creating environment descriptor '/home/ubuntu22/ROS2/n10p_leishen/n10p_ws/install/n10p_slam/share/n10p_slam/hook/pythonpath.dsv'
[0.788s] [34mcolcon.colcon_core.shell[0m [1;30mINFO[0m Creating environment hook '/home/ubuntu22/ROS2/n10p_leishen/n10p_ws/install/n10p_slam/share/n10p_slam/hook/pythonpath.sh'
[0.789s] [34mcolcon.colcon_core.environment[0m [1;30mLevel 1[0m checking '/home/ubuntu22/ROS2/n10p_leishen/n10p_ws/install/n10p_slam/bin'
[0.789s] [34mcolcon.colcon_core.environment[0m [1;30mLevel 1[0m create_environment_scripts_only(n10p_slam)
[0.789s] [34mcolcon.colcon_core.shell[0m [1;30mINFO[0m Creating package script '/home/ubuntu22/ROS2/n10p_leishen/n10p_ws/install/n10p_slam/share/n10p_slam/package.ps1'
[0.789s] [34mcolcon.colcon_core.shell[0m [1;30mINFO[0m Creating package descriptor '/home/ubuntu22/ROS2/n10p_leishen/n10p_ws/install/n10p_slam/share/n10p_slam/package.dsv'
[0.790s] [34mcolcon.colcon_core.shell[0m [1;30mINFO[0m Creating package script '/home/ubuntu22/ROS2/n10p_leishen/n10p_ws/install/n10p_slam/share/n10p_slam/package.sh'
[0.790s] [34mcolcon.colcon_core.shell[0m [1;30mINFO[0m Creating package script '/home/ubuntu22/ROS2/n10p_leishen/n10p_ws/install/n10p_slam/share/n10p_slam/package.bash'
[0.790s] [34mcolcon.colcon_core.shell[0m [1;30mINFO[0m Creating package script '/home/ubuntu22/ROS2/n10p_leishen/n10p_ws/install/n10p_slam/share/n10p_slam/package.zsh'
[0.791s] [34mcolcon.colcon_core.environment[0m [1;30mLevel 1[0m create_file_with_runtime_dependencies(/home/ubuntu22/ROS2/n10p_leishen/n10p_ws/install/n10p_slam/share/colcon-core/packages/n10p_slam)
[0.791s] [34mcolcon.colcon_parallel_executor.executor.parallel[0m [1;30mDEBUG[0m [32mclosing loop[0m
[0.791s] [34mcolcon.colcon_parallel_executor.executor.parallel[0m [1;30mDEBUG[0m [32mloop closed[0m
[0.791s] [34mcolcon.colcon_parallel_executor.executor.parallel[0m [1;30mDEBUG[0m [32mrun_until_complete finished with '0'[0m
[0.791s] [34mcolcon.colcon_core.event_reactor[0m [1;30mDEBUG[0m [32mjoining thread[0m
[0.800s] [34mcolcon.colcon_core.plugin_system[0m [1;30mINFO[0m Skipping extension 'colcon_notification.desktop_notification.terminal_notifier': Not used on non-Darwin systems
[0.800s] [34mcolcon.colcon_core.plugin_system[0m [1;30mINFO[0m Skipping extension 'colcon_notification.desktop_notification.win32': Not used on non-Windows systems
[0.800s] [34mcolcon.colcon_notification.desktop_notification[0m [1;30mINFO[0m Sending desktop notification using 'notify2'
[0.806s] [34mcolcon.colcon_core.event_reactor[0m [1;30mDEBUG[0m [32mjoined thread[0m
[0.806s] [34mcolcon.colcon_core.shell[0m [1;30mINFO[0m Creating prefix script '/home/ubuntu22/ROS2/n10p_leishen/n10p_ws/install/local_setup.ps1'
[0.807s] [34mcolcon.colcon_core.shell[0m [1;30mINFO[0m Creating prefix util module '/home/ubuntu22/ROS2/n10p_leishen/n10p_ws/install/_local_setup_util_ps1.py'
[0.807s] [34mcolcon.colcon_core.shell[0m [1;30mINFO[0m Creating prefix chain script '/home/ubuntu22/ROS2/n10p_leishen/n10p_ws/install/setup.ps1'
[0.808s] [34mcolcon.colcon_core.shell[0m [1;30mINFO[0m Creating prefix script '/home/ubuntu22/ROS2/n10p_leishen/n10p_ws/install/local_setup.sh'
[0.808s] [34mcolcon.colcon_core.shell[0m [1;30mINFO[0m Creating prefix util module '/home/ubuntu22/ROS2/n10p_leishen/n10p_ws/install/_local_setup_util_sh.py'
[0.809s] [34mcolcon.colcon_core.shell[0m [1;30mINFO[0m Creating prefix chain script '/home/ubuntu22/ROS2/n10p_leishen/n10p_ws/install/setup.sh'
[0.809s] [34mcolcon.colcon_core.shell[0m [1;30mINFO[0m Creating prefix script '/home/ubuntu22/ROS2/n10p_leishen/n10p_ws/install/local_setup.bash'
[0.809s] [34mcolcon.colcon_core.shell[0m [1;30mINFO[0m Creating prefix chain script '/home/ubuntu22/ROS2/n10p_leishen/n10p_ws/install/setup.bash'
[0.810s] [34mcolcon.colcon_core.shell[0m [1;30mINFO[0m Creating prefix script '/home/ubuntu22/ROS2/n10p_leishen/n10p_ws/install/local_setup.zsh'
[0.810s] [34mcolcon.colcon_core.shell[0m [1;30mINFO[0m Creating prefix chain script '/home/ubuntu22/ROS2/n10p_leishen/n10p_ws/install/setup.zsh'
