[0mCMake Deprecation Warning at CMakeLists.txt:1 (cmake_minimum_required):
  Compatibility with CMake < 3.10 will be removed from a future version of
  CMake.

  Update the VERSION argument <min> value.  Or, use the <min>...<max> syntax
  to tell CMake that the project requires at least <min> but has been updated
  to work with policies introduced by <max> or earlier.

[0m
-- The C compiler identification is GNU 11.4.0
-- The CXX compiler identification is GNU 11.4.0
-- Detecting C compiler ABI info
-- Detecting C compiler ABI info - done
-- Check for working C compiler: /usr/bin/cc - skipped
-- Detecting C compile features
-- Detecting C compile features - done
-- Detecting CXX compiler ABI info
-- Detecting CXX compiler ABI info - done
-- Check for working CXX compiler: /usr/bin/c++ - skipped
-- Detecting CXX compile features
-- Detecting CXX compile features - done
[33mCMake Warning (dev) at CMakeLists.txt:19 (find_package):
  Policy CMP0167 is not set: The FindBoost module is removed.  Run "cmake
  --help-policy CMP0167" for policy details.  Use the cmake_policy command to
  set the policy and suppress this warning.

This warning is for project developers.  Use -Wno-dev to suppress it.
[0m
-- Found Boost: /usr/lib/x86_64-linux-gnu/cmake/Boost-1.74.0/BoostConfig.cmake (found version "1.74.0") found components: thread
-- Found rclcpp: 16.0.19 (/opt/ros/humble/share/rclcpp/cmake)
-- Found Python3: /usr/bin/python3 (found version "3.10.12") found components: Interpreter
-- Override CMake install command with custom implementation using symlinks instead of copying resources
-- Found rosidl_generator_c: 3.1.8 (/opt/ros/humble/share/rosidl_generator_c/cmake)
-- Found rosidl_adapter: 3.1.8 (/opt/ros/humble/share/rosidl_adapter/cmake)
-- Found rosidl_generator_cpp: 3.1.8 (/opt/ros/humble/share/rosidl_generator_cpp/cmake)
-- Using all available rosidl_typesupport_c: rosidl_typesupport_fastrtps_c;rosidl_typesupport_introspection_c
-- Using all available rosidl_typesupport_cpp: rosidl_typesupport_fastrtps_cpp;rosidl_typesupport_introspection_cpp
-- Found rmw_implementation_cmake: 6.1.2 (/opt/ros/humble/share/rmw_implementation_cmake/cmake)
-- Found rmw_fastrtps_cpp: 6.2.10 (/opt/ros/humble/share/rmw_fastrtps_cpp/cmake)
-- Found OpenSSL: /usr/lib/x86_64-linux-gnu/libcrypto.so (found version "3.0.2")
-- Using RMW implementation 'rmw_fastrtps_cpp' as default
[33mCMake Warning (dev) at /usr/lib/x86_64-linux-gnu/cmake/pcl/PCLConfig.cmake:146 (find_package):
  Policy CMP0144 is not set: find_package uses upper-case <PACKAGENAME>_ROOT
  variables.  Run "cmake --help-policy CMP0144" for policy details.  Use the
  cmake_policy command to set the policy and suppress this warning.

  CMake variable EIGEN_ROOT is set to:

    /usr/include/eigen3

  For compatibility, find_package is ignoring the variable, but code in a
  .cmake module might still use it.
Call Stack (most recent call first):
  /usr/lib/x86_64-linux-gnu/cmake/pcl/PCLConfig.cmake:299 (find_eigen)
  /usr/lib/x86_64-linux-gnu/cmake/pcl/PCLConfig.cmake:543 (find_external_library)
  CMakeLists.txt:21 (find_package)
This warning is for project developers.  Use -Wno-dev to suppress it.
[0m
-- Eigen found (include: /usr/include/eigen3, version: 3.4.0)
[33mCMake Warning (dev) at /usr/lib/x86_64-linux-gnu/cmake/pcl/PCLConfig.cmake:128 (find_package):
  Policy CMP0167 is not set: The FindBoost module is removed.  Run "cmake
  --help-policy CMP0167" for policy details.  Use the cmake_policy command to
  set the policy and suppress this warning.

Call Stack (most recent call first):
  /usr/lib/x86_64-linux-gnu/cmake/pcl/PCLConfig.cmake:297 (find_boost)
  /usr/lib/x86_64-linux-gnu/cmake/pcl/PCLConfig.cmake:543 (find_external_library)
  CMakeLists.txt:21 (find_package)
This warning is for project developers.  Use -Wno-dev to suppress it.
[0m
-- Found Boost: /usr/lib/x86_64-linux-gnu/cmake/Boost-1.74.0/BoostConfig.cmake (found suitable version "1.74.0", minimum required is "1.65.0") found components: system filesystem date_time iostreams serialization
[33mCMake Warning (dev) at /usr/lib/x86_64-linux-gnu/cmake/pcl/Modules/FindFLANN.cmake:44 (find_package):
  Policy CMP0144 is not set: find_package uses upper-case <PACKAGENAME>_ROOT
  variables.  Run "cmake --help-policy CMP0144" for policy details.  Use the
  cmake_policy command to set the policy and suppress this warning.

  CMake variable FLANN_ROOT is set to:

    /usr

  For compatibility, find_package is ignoring the variable, but code in a
  .cmake module might still use it.
Call Stack (most recent call first):
  /usr/lib/x86_64-linux-gnu/cmake/pcl/PCLConfig.cmake:256 (find_package)
  /usr/lib/x86_64-linux-gnu/cmake/pcl/PCLConfig.cmake:301 (find_flann)
  /usr/lib/x86_64-linux-gnu/cmake/pcl/PCLConfig.cmake:543 (find_external_library)
  CMakeLists.txt:21 (find_package)
This warning is for project developers.  Use -Wno-dev to suppress it.
[0m
-- FLANN found (include: /usr/include, lib: /usr/lib/x86_64-linux-gnu/libflann_cpp.so)
-- Found OpenGL: /usr/lib/x86_64-linux-gnu/libOpenGL.so  found components: OpenGL GLX
-- Found MPI: TRUE (found version "3.1") found components: C
-- Found ZLIB: /usr/lib/x86_64-linux-gnu/libz.so (found version "1.2.11")
-- Found X11: /usr/include
-- Found TIFF: /usr/lib/x86_64-linux-gnu/libtiff.so (found version "4.3.0")
-- OpenNI found (version: 1.5.4.0, include: /usr/include/ni, lib: /usr/lib/libOpenNI.so;libusb::libusb)
-- OpenNI2 found (version: 2.2.0.33, include: /usr/include/openni2, lib: /usr/lib/x86_64-linux-gnu/libOpenNI2.so;libusb::libusb)
[0m** WARNING ** io features related to pcap will be disabled[0m
[33mCMake Warning (dev) at /usr/lib/x86_64-linux-gnu/cmake/pcl/PCLConfig.cmake:128 (find_package):
  Policy CMP0167 is not set: The FindBoost module is removed.  Run "cmake
  --help-policy CMP0167" for policy details.  Use the cmake_policy command to
  set the policy and suppress this warning.

Call Stack (most recent call first):
  /usr/lib/x86_64-linux-gnu/cmake/pcl/PCLConfig.cmake:297 (find_boost)
  /usr/lib/x86_64-linux-gnu/cmake/pcl/PCLConfig.cmake:543 (find_external_library)
  CMakeLists.txt:21 (find_package)
This warning is for project developers.  Use -Wno-dev to suppress it.
[0m
-- Eigen found (include: /usr/include/eigen3, version: 3.4.0)
-- OpenNI found (version: 1.5.4.0, include: /usr/include/ni, lib: /usr/lib/libOpenNI.so;libusb::libusb)
-- OpenNI2 found (version: 2.2.0.33, include: /usr/include/openni2, lib: /usr/lib/x86_64-linux-gnu/libOpenNI2.so;libusb::libusb)
-- Found Qhull version 8.0.2
-- OpenNI found (version: 1.5.4.0, include: /usr/include/ni, lib: /usr/lib/libOpenNI.so;libusb::libusb)
-- looking for PCL_COMMON
-- looking for PCL_KDTREE
-- looking for PCL_OCTREE
-- looking for PCL_SEARCH
-- looking for PCL_SAMPLE_CONSENSUS
-- looking for PCL_FILTERS
-- looking for PCL_2D
-- looking for PCL_GEOMETRY
-- looking for PCL_IO
-- looking for PCL_FEATURES
-- looking for PCL_ML
-- looking for PCL_SEGMENTATION
-- looking for PCL_VISUALIZATION
-- looking for PCL_SURFACE
-- looking for PCL_REGISTRATION
-- looking for PCL_KEYPOINTS
-- looking for PCL_TRACKING
-- looking for PCL_RECOGNITION
-- looking for PCL_STEREO
-- looking for PCL_APPS
-- looking for PCL_IN_HAND_SCANNER
-- looking for PCL_MODELER
-- looking for PCL_POINT_CLOUD_EDITOR
-- looking for PCL_OUTOFCORE
-- looking for PCL_PEOPLE
-- Found diagnostic_updater: 4.0.6 (/opt/ros/humble/share/diagnostic_updater/cmake)
-- Found lslidar_msgs: 1.2.0 (/home/ubuntu22/ROS2/n10p_leishen/n10p_ws/install/lslidar_msgs/share/lslidar_msgs/cmake)
-- Found pluginlib: 5.1.3 (/opt/ros/humble/share/pluginlib/cmake)
-- Found pcl_conversions: 2.4.5 (/opt/ros/humble/share/pcl_conversions/cmake)
-- Configuring done (2.0s)
-- Generating done (0.1s)
-- Build files have been written to: /home/ubuntu22/ROS2/n10p_leishen/n10p_ws/build/lslidar_driver
[ 20%] [32mBuilding CXX object CMakeFiles/lslidar_driver_node.dir/src/lslidar_driver_node.cc.o[0m
[ 40%] [32mBuilding CXX object CMakeFiles/lslidar_driver_node.dir/src/lslidar_driver.cc.o[0m
[ 60%] [32mBuilding CXX object CMakeFiles/lslidar_driver_node.dir/src/input.cc.o[0m
[ 80%] [32mBuilding CXX object CMakeFiles/lslidar_driver_node.dir/src/lsiosr.cpp.o[0m
[100%] [1m[32mLinking CXX executable lslidar_driver_node[0m
[100%] Built target lslidar_driver_node
-- Install configuration: ""
-- Execute custom install script
-- Up-to-date symlink: /home/ubuntu22/ROS2/n10p_leishen/n10p_ws/install/lslidar_driver/share/lslidar_driver/launch/lslidar_double_launch.py
-- Up-to-date symlink: /home/ubuntu22/ROS2/n10p_leishen/n10p_ws/install/lslidar_driver/share/lslidar_driver/launch/lslidar_launch.py
-- Up-to-date symlink: /home/ubuntu22/ROS2/n10p_leishen/n10p_ws/install/lslidar_driver/share/lslidar_driver/params/lsx10.yaml
-- Up-to-date symlink: /home/ubuntu22/ROS2/n10p_leishen/n10p_ws/install/lslidar_driver/share/lslidar_driver/params/lsx10_1.yaml
-- Up-to-date symlink: /home/ubuntu22/ROS2/n10p_leishen/n10p_ws/install/lslidar_driver/share/lslidar_driver/params/lsx10_2.yaml
-- Up-to-date symlink: /home/ubuntu22/ROS2/n10p_leishen/n10p_ws/install/lslidar_driver/share/lslidar_driver/rviz/lslidar.rviz
-- Up-to-date symlink: /home/ubuntu22/ROS2/n10p_leishen/n10p_ws/install/lslidar_driver/lib/lslidar_driver/lslidar_driver_node
-- Up-to-date symlink: /home/ubuntu22/ROS2/n10p_leishen/n10p_ws/install/lslidar_driver/share/ament_index/resource_index/package_run_dependencies/lslidar_driver
-- Up-to-date symlink: /home/ubuntu22/ROS2/n10p_leishen/n10p_ws/install/lslidar_driver/share/ament_index/resource_index/parent_prefix_path/lslidar_driver
-- Up-to-date symlink: /home/ubuntu22/ROS2/n10p_leishen/n10p_ws/install/lslidar_driver/share/lslidar_driver/environment/ament_prefix_path.sh
-- Up-to-date symlink: /home/ubuntu22/ROS2/n10p_leishen/n10p_ws/install/lslidar_driver/share/lslidar_driver/environment/ament_prefix_path.dsv
-- Up-to-date symlink: /home/ubuntu22/ROS2/n10p_leishen/n10p_ws/install/lslidar_driver/share/lslidar_driver/environment/path.sh
-- Up-to-date symlink: /home/ubuntu22/ROS2/n10p_leishen/n10p_ws/install/lslidar_driver/share/lslidar_driver/environment/path.dsv
-- Up-to-date symlink: /home/ubuntu22/ROS2/n10p_leishen/n10p_ws/install/lslidar_driver/share/lslidar_driver/local_setup.bash
-- Up-to-date symlink: /home/ubuntu22/ROS2/n10p_leishen/n10p_ws/install/lslidar_driver/share/lslidar_driver/local_setup.sh
-- Up-to-date symlink: /home/ubuntu22/ROS2/n10p_leishen/n10p_ws/install/lslidar_driver/share/lslidar_driver/local_setup.zsh
-- Up-to-date symlink: /home/ubuntu22/ROS2/n10p_leishen/n10p_ws/install/lslidar_driver/share/lslidar_driver/local_setup.dsv
-- Symlinking: /home/ubuntu22/ROS2/n10p_leishen/n10p_ws/install/lslidar_driver/share/lslidar_driver/package.dsv
-- Up-to-date symlink: /home/ubuntu22/ROS2/n10p_leishen/n10p_ws/install/lslidar_driver/share/ament_index/resource_index/packages/lslidar_driver
-- Up-to-date symlink: /home/ubuntu22/ROS2/n10p_leishen/n10p_ws/install/lslidar_driver/share/lslidar_driver/cmake/ament_cmake_export_dependencies-extras.cmake
-- Up-to-date symlink: /home/ubuntu22/ROS2/n10p_leishen/n10p_ws/install/lslidar_driver/share/lslidar_driver/cmake/ament_cmake_export_include_directories-extras.cmake
-- Up-to-date symlink: /home/ubuntu22/ROS2/n10p_leishen/n10p_ws/install/lslidar_driver/share/lslidar_driver/cmake/lslidar_driverConfig.cmake
-- Up-to-date symlink: /home/ubuntu22/ROS2/n10p_leishen/n10p_ws/install/lslidar_driver/share/lslidar_driver/cmake/lslidar_driverConfig-version.cmake
-- Up-to-date symlink: /home/ubuntu22/ROS2/n10p_leishen/n10p_ws/install/lslidar_driver/share/lslidar_driver/package.xml
