[0.058s] colcon DEBUG Command line arguments: ['/usr/bin/colcon', 'build', '--packages-select', 'n10p_slam']
[0.059s] colcon DEBUG Parsed command line arguments: Namespace(log_base=None, log_level=None, verb_name='build', build_base='build', install_base='install', merge_install=False, symlink_install=False, test_result_base=None, continue_on_error=False, executor='parallel', parallel_workers=32, event_handlers=None, ignore_user_meta=False, metas=['./colcon.meta'], base_paths=['.'], packages_ignore=None, packages_ignore_regex=None, paths=None, packages_up_to=None, packages_up_to_regex=None, packages_above=None, packages_above_and_dependencies=None, packages_above_depth=None, packages_select_by_dep=None, packages_skip_by_dep=None, packages_skip_up_to=None, packages_select_build_failed=False, packages_skip_build_finished=False, packages_select_test_failures=False, packages_skip_test_passed=False, packages_select=['n10p_slam'], packages_skip=None, packages_select_regex=None, packages_skip_regex=None, packages_start=None, packages_end=None, allow_overriding=[], cmake_args=None, cmake_target=None, cmake_target_skip_unavailable=False, cmake_clean_cache=False, cmake_clean_first=False, cmake_force_configure=False, ament_cmake_args=None, catkin_cmake_args=None, catkin_skip_building_tests=False, verb_parser=<colcon_defaults.argument_parser.defaults.DefaultArgumentsDecorator object at 0x7823dd55d120>, verb_extension=<colcon_core.verb.build.BuildVerb object at 0x7823dd55cdf0>, main=<bound method BuildVerb.main of <colcon_core.verb.build.BuildVerb object at 0x7823dd55cdf0>>)
[0.079s] colcon.colcon_core.package_discovery Level 1 discover_packages(colcon_meta) check parameters
[0.079s] colcon.colcon_core.package_discovery Level 1 discover_packages(recursive) check parameters
[0.079s] colcon.colcon_core.package_discovery Level 1 discover_packages(ignore) check parameters
[0.079s] colcon.colcon_core.package_discovery Level 1 discover_packages(path) check parameters
[0.079s] colcon.colcon_core.package_discovery Level 1 discover_packages(colcon_meta) discover
[0.079s] colcon.colcon_core.package_discovery Level 1 discover_packages(recursive) discover
[0.079s] colcon.colcon_core.package_discovery INFO Crawling recursively for packages in '/home/ubuntu22/ROS2/n10p_leishen'
[0.080s] colcon.colcon_core.package_identification Level 1 _identify(.) by extensions ['ignore', 'ignore_ament_install']
[0.080s] colcon.colcon_core.package_identification Level 1 _identify(.) by extension 'ignore'
[0.080s] colcon.colcon_core.package_identification Level 1 _identify(.) by extension 'ignore_ament_install'
[0.080s] colcon.colcon_core.package_identification Level 1 _identify(.) by extensions ['colcon_pkg']
[0.080s] colcon.colcon_core.package_identification Level 1 _identify(.) by extension 'colcon_pkg'
[0.080s] colcon.colcon_core.package_identification Level 1 _identify(.) by extensions ['colcon_meta']
[0.080s] colcon.colcon_core.package_identification Level 1 _identify(.) by extension 'colcon_meta'
[0.080s] colcon.colcon_core.package_identification Level 1 _identify(.) by extensions ['ros']
[0.080s] colcon.colcon_core.package_identification Level 1 _identify(.) by extension 'ros'
[0.087s] colcon.colcon_core.package_identification Level 1 _identify(.) by extensions ['cmake', 'python']
[0.087s] colcon.colcon_core.package_identification Level 1 _identify(.) by extension 'cmake'
[0.087s] colcon.colcon_core.package_identification Level 1 _identify(.) by extension 'python'
[0.087s] colcon.colcon_core.package_identification Level 1 _identify(.) by extensions ['python_setup_py']
[0.087s] colcon.colcon_core.package_identification Level 1 _identify(.) by extension 'python_setup_py'
[0.087s] colcon.colcon_core.package_identification Level 1 _identify(build) by extensions ['ignore', 'ignore_ament_install']
[0.087s] colcon.colcon_core.package_identification Level 1 _identify(build) by extension 'ignore'
[0.087s] colcon.colcon_core.package_identification Level 1 _identify(build) ignored
[0.088s] colcon.colcon_core.package_identification Level 1 _identify(install) by extensions ['ignore', 'ignore_ament_install']
[0.088s] colcon.colcon_core.package_identification Level 1 _identify(install) by extension 'ignore'
[0.088s] colcon.colcon_core.package_identification Level 1 _identify(install) ignored
[0.088s] colcon.colcon_core.package_identification Level 1 _identify(log) by extensions ['ignore', 'ignore_ament_install']
[0.088s] colcon.colcon_core.package_identification Level 1 _identify(log) by extension 'ignore'
[0.088s] colcon.colcon_core.package_identification Level 1 _identify(log) ignored
[0.088s] colcon.colcon_core.package_identification Level 1 _identify(maps) by extensions ['ignore', 'ignore_ament_install']
[0.088s] colcon.colcon_core.package_identification Level 1 _identify(maps) by extension 'ignore'
[0.088s] colcon.colcon_core.package_identification Level 1 _identify(maps) by extension 'ignore_ament_install'
[0.088s] colcon.colcon_core.package_identification Level 1 _identify(maps) by extensions ['colcon_pkg']
[0.088s] colcon.colcon_core.package_identification Level 1 _identify(maps) by extension 'colcon_pkg'
[0.088s] colcon.colcon_core.package_identification Level 1 _identify(maps) by extensions ['colcon_meta']
[0.088s] colcon.colcon_core.package_identification Level 1 _identify(maps) by extension 'colcon_meta'
[0.088s] colcon.colcon_core.package_identification Level 1 _identify(maps) by extensions ['ros']
[0.088s] colcon.colcon_core.package_identification Level 1 _identify(maps) by extension 'ros'
[0.088s] colcon.colcon_core.package_identification Level 1 _identify(maps) by extensions ['cmake', 'python']
[0.088s] colcon.colcon_core.package_identification Level 1 _identify(maps) by extension 'cmake'
[0.088s] colcon.colcon_core.package_identification Level 1 _identify(maps) by extension 'python'
[0.088s] colcon.colcon_core.package_identification Level 1 _identify(maps) by extensions ['python_setup_py']
[0.088s] colcon.colcon_core.package_identification Level 1 _identify(maps) by extension 'python_setup_py'
[0.088s] colcon.colcon_core.package_identification Level 1 _identify(n10p_knowledge_base) by extensions ['ignore', 'ignore_ament_install']
[0.088s] colcon.colcon_core.package_identification Level 1 _identify(n10p_knowledge_base) by extension 'ignore'
[0.088s] colcon.colcon_core.package_identification Level 1 _identify(n10p_knowledge_base) by extension 'ignore_ament_install'
[0.088s] colcon.colcon_core.package_identification Level 1 _identify(n10p_knowledge_base) by extensions ['colcon_pkg']
[0.088s] colcon.colcon_core.package_identification Level 1 _identify(n10p_knowledge_base) by extension 'colcon_pkg'
[0.088s] colcon.colcon_core.package_identification Level 1 _identify(n10p_knowledge_base) by extensions ['colcon_meta']
[0.088s] colcon.colcon_core.package_identification Level 1 _identify(n10p_knowledge_base) by extension 'colcon_meta'
[0.088s] colcon.colcon_core.package_identification Level 1 _identify(n10p_knowledge_base) by extensions ['ros']
[0.088s] colcon.colcon_core.package_identification Level 1 _identify(n10p_knowledge_base) by extension 'ros'
[0.088s] colcon.colcon_core.package_identification Level 1 _identify(n10p_knowledge_base) by extensions ['cmake', 'python']
[0.088s] colcon.colcon_core.package_identification Level 1 _identify(n10p_knowledge_base) by extension 'cmake'
[0.088s] colcon.colcon_core.package_identification Level 1 _identify(n10p_knowledge_base) by extension 'python'
[0.088s] colcon.colcon_core.package_identification Level 1 _identify(n10p_knowledge_base) by extensions ['python_setup_py']
[0.088s] colcon.colcon_core.package_identification Level 1 _identify(n10p_knowledge_base) by extension 'python_setup_py'
[0.088s] colcon.colcon_core.package_identification Level 1 _identify(n10p_knowledge_base/assets) by extensions ['ignore', 'ignore_ament_install']
[0.088s] colcon.colcon_core.package_identification Level 1 _identify(n10p_knowledge_base/assets) by extension 'ignore'
[0.088s] colcon.colcon_core.package_identification Level 1 _identify(n10p_knowledge_base/assets) by extension 'ignore_ament_install'
[0.088s] colcon.colcon_core.package_identification Level 1 _identify(n10p_knowledge_base/assets) by extensions ['colcon_pkg']
[0.088s] colcon.colcon_core.package_identification Level 1 _identify(n10p_knowledge_base/assets) by extension 'colcon_pkg'
[0.088s] colcon.colcon_core.package_identification Level 1 _identify(n10p_knowledge_base/assets) by extensions ['colcon_meta']
[0.088s] colcon.colcon_core.package_identification Level 1 _identify(n10p_knowledge_base/assets) by extension 'colcon_meta'
[0.088s] colcon.colcon_core.package_identification Level 1 _identify(n10p_knowledge_base/assets) by extensions ['ros']
[0.088s] colcon.colcon_core.package_identification Level 1 _identify(n10p_knowledge_base/assets) by extension 'ros'
[0.089s] colcon.colcon_core.package_identification Level 1 _identify(n10p_knowledge_base/assets) by extensions ['cmake', 'python']
[0.089s] colcon.colcon_core.package_identification Level 1 _identify(n10p_knowledge_base/assets) by extension 'cmake'
[0.089s] colcon.colcon_core.package_identification Level 1 _identify(n10p_knowledge_base/assets) by extension 'python'
[0.089s] colcon.colcon_core.package_identification Level 1 _identify(n10p_knowledge_base/assets) by extensions ['python_setup_py']
[0.089s] colcon.colcon_core.package_identification Level 1 _identify(n10p_knowledge_base/assets) by extension 'python_setup_py'
[0.089s] colcon.colcon_core.package_identification Level 1 _identify(n10p_ws) by extensions ['ignore', 'ignore_ament_install']
[0.089s] colcon.colcon_core.package_identification Level 1 _identify(n10p_ws) by extension 'ignore'
[0.089s] colcon.colcon_core.package_identification Level 1 _identify(n10p_ws) by extension 'ignore_ament_install'
[0.089s] colcon.colcon_core.package_identification Level 1 _identify(n10p_ws) by extensions ['colcon_pkg']
[0.089s] colcon.colcon_core.package_identification Level 1 _identify(n10p_ws) by extension 'colcon_pkg'
[0.089s] colcon.colcon_core.package_identification Level 1 _identify(n10p_ws) by extensions ['colcon_meta']
[0.089s] colcon.colcon_core.package_identification Level 1 _identify(n10p_ws) by extension 'colcon_meta'
[0.089s] colcon.colcon_core.package_identification Level 1 _identify(n10p_ws) by extensions ['ros']
[0.089s] colcon.colcon_core.package_identification Level 1 _identify(n10p_ws) by extension 'ros'
[0.089s] colcon.colcon_core.package_identification Level 1 _identify(n10p_ws) by extensions ['cmake', 'python']
[0.089s] colcon.colcon_core.package_identification Level 1 _identify(n10p_ws) by extension 'cmake'
[0.089s] colcon.colcon_core.package_identification Level 1 _identify(n10p_ws) by extension 'python'
[0.089s] colcon.colcon_core.package_identification Level 1 _identify(n10p_ws) by extensions ['python_setup_py']
[0.089s] colcon.colcon_core.package_identification Level 1 _identify(n10p_ws) by extension 'python_setup_py'
[0.089s] colcon.colcon_core.package_identification Level 1 _identify(n10p_ws/build) by extensions ['ignore', 'ignore_ament_install']
[0.089s] colcon.colcon_core.package_identification Level 1 _identify(n10p_ws/build) by extension 'ignore'
[0.089s] colcon.colcon_core.package_identification Level 1 _identify(n10p_ws/build) ignored
[0.089s] colcon.colcon_core.package_identification Level 1 _identify(n10p_ws/install) by extensions ['ignore', 'ignore_ament_install']
[0.089s] colcon.colcon_core.package_identification Level 1 _identify(n10p_ws/install) by extension 'ignore'
[0.089s] colcon.colcon_core.package_identification Level 1 _identify(n10p_ws/install) ignored
[0.089s] colcon.colcon_core.package_identification Level 1 _identify(n10p_ws/log) by extensions ['ignore', 'ignore_ament_install']
[0.089s] colcon.colcon_core.package_identification Level 1 _identify(n10p_ws/log) by extension 'ignore'
[0.089s] colcon.colcon_core.package_identification Level 1 _identify(n10p_ws/log) ignored
[0.089s] colcon.colcon_core.package_identification Level 1 _identify(n10p_ws/src) by extensions ['ignore', 'ignore_ament_install']
[0.089s] colcon.colcon_core.package_identification Level 1 _identify(n10p_ws/src) by extension 'ignore'
[0.089s] colcon.colcon_core.package_identification Level 1 _identify(n10p_ws/src) by extension 'ignore_ament_install'
[0.089s] colcon.colcon_core.package_identification Level 1 _identify(n10p_ws/src) by extensions ['colcon_pkg']
[0.089s] colcon.colcon_core.package_identification Level 1 _identify(n10p_ws/src) by extension 'colcon_pkg'
[0.089s] colcon.colcon_core.package_identification Level 1 _identify(n10p_ws/src) by extensions ['colcon_meta']
[0.089s] colcon.colcon_core.package_identification Level 1 _identify(n10p_ws/src) by extension 'colcon_meta'
[0.089s] colcon.colcon_core.package_identification Level 1 _identify(n10p_ws/src) by extensions ['ros']
[0.089s] colcon.colcon_core.package_identification Level 1 _identify(n10p_ws/src) by extension 'ros'
[0.089s] colcon.colcon_core.package_identification Level 1 _identify(n10p_ws/src) by extensions ['cmake', 'python']
[0.089s] colcon.colcon_core.package_identification Level 1 _identify(n10p_ws/src) by extension 'cmake'
[0.089s] colcon.colcon_core.package_identification Level 1 _identify(n10p_ws/src) by extension 'python'
[0.089s] colcon.colcon_core.package_identification Level 1 _identify(n10p_ws/src) by extensions ['python_setup_py']
[0.089s] colcon.colcon_core.package_identification Level 1 _identify(n10p_ws/src) by extension 'python_setup_py'
[0.089s] colcon.colcon_core.package_identification Level 1 _identify(n10p_ws/src/Lslidar_ROS2_driver) by extensions ['ignore', 'ignore_ament_install']
[0.089s] colcon.colcon_core.package_identification Level 1 _identify(n10p_ws/src/Lslidar_ROS2_driver) by extension 'ignore'
[0.090s] colcon.colcon_core.package_identification Level 1 _identify(n10p_ws/src/Lslidar_ROS2_driver) by extension 'ignore_ament_install'
[0.090s] colcon.colcon_core.package_identification Level 1 _identify(n10p_ws/src/Lslidar_ROS2_driver) by extensions ['colcon_pkg']
[0.090s] colcon.colcon_core.package_identification Level 1 _identify(n10p_ws/src/Lslidar_ROS2_driver) by extension 'colcon_pkg'
[0.090s] colcon.colcon_core.package_identification Level 1 _identify(n10p_ws/src/Lslidar_ROS2_driver) by extensions ['colcon_meta']
[0.090s] colcon.colcon_core.package_identification Level 1 _identify(n10p_ws/src/Lslidar_ROS2_driver) by extension 'colcon_meta'
[0.090s] colcon.colcon_core.package_identification Level 1 _identify(n10p_ws/src/Lslidar_ROS2_driver) by extensions ['ros']
[0.090s] colcon.colcon_core.package_identification Level 1 _identify(n10p_ws/src/Lslidar_ROS2_driver) by extension 'ros'
[0.090s] colcon.colcon_core.package_identification Level 1 _identify(n10p_ws/src/Lslidar_ROS2_driver) by extensions ['cmake', 'python']
[0.090s] colcon.colcon_core.package_identification Level 1 _identify(n10p_ws/src/Lslidar_ROS2_driver) by extension 'cmake'
[0.090s] colcon.colcon_core.package_identification Level 1 _identify(n10p_ws/src/Lslidar_ROS2_driver) by extension 'python'
[0.090s] colcon.colcon_core.package_identification Level 1 _identify(n10p_ws/src/Lslidar_ROS2_driver) by extensions ['python_setup_py']
[0.090s] colcon.colcon_core.package_identification Level 1 _identify(n10p_ws/src/Lslidar_ROS2_driver) by extension 'python_setup_py'
[0.090s] colcon.colcon_core.package_identification Level 1 _identify(n10p_ws/src/Lslidar_ROS2_driver/lslidar_driver) by extensions ['ignore', 'ignore_ament_install']
[0.090s] colcon.colcon_core.package_identification Level 1 _identify(n10p_ws/src/Lslidar_ROS2_driver/lslidar_driver) by extension 'ignore'
[0.090s] colcon.colcon_core.package_identification Level 1 _identify(n10p_ws/src/Lslidar_ROS2_driver/lslidar_driver) by extension 'ignore_ament_install'
[0.090s] colcon.colcon_core.package_identification Level 1 _identify(n10p_ws/src/Lslidar_ROS2_driver/lslidar_driver) by extensions ['colcon_pkg']
[0.090s] colcon.colcon_core.package_identification Level 1 _identify(n10p_ws/src/Lslidar_ROS2_driver/lslidar_driver) by extension 'colcon_pkg'
[0.090s] colcon.colcon_core.package_identification Level 1 _identify(n10p_ws/src/Lslidar_ROS2_driver/lslidar_driver) by extensions ['colcon_meta']
[0.090s] colcon.colcon_core.package_identification Level 1 _identify(n10p_ws/src/Lslidar_ROS2_driver/lslidar_driver) by extension 'colcon_meta'
[0.090s] colcon.colcon_core.package_identification Level 1 _identify(n10p_ws/src/Lslidar_ROS2_driver/lslidar_driver) by extensions ['ros']
[0.090s] colcon.colcon_core.package_identification Level 1 _identify(n10p_ws/src/Lslidar_ROS2_driver/lslidar_driver) by extension 'ros'
[0.091s] colcon.colcon_core.package_identification DEBUG Package 'n10p_ws/src/Lslidar_ROS2_driver/lslidar_driver' with type 'ros.ament_cmake' and name 'lslidar_driver'
[0.091s] colcon.colcon_core.package_identification Level 1 _identify(n10p_ws/src/Lslidar_ROS2_driver/lslidar_msgs) by extensions ['ignore', 'ignore_ament_install']
[0.091s] colcon.colcon_core.package_identification Level 1 _identify(n10p_ws/src/Lslidar_ROS2_driver/lslidar_msgs) by extension 'ignore'
[0.091s] colcon.colcon_core.package_identification Level 1 _identify(n10p_ws/src/Lslidar_ROS2_driver/lslidar_msgs) by extension 'ignore_ament_install'
[0.091s] colcon.colcon_core.package_identification Level 1 _identify(n10p_ws/src/Lslidar_ROS2_driver/lslidar_msgs) by extensions ['colcon_pkg']
[0.091s] colcon.colcon_core.package_identification Level 1 _identify(n10p_ws/src/Lslidar_ROS2_driver/lslidar_msgs) by extension 'colcon_pkg'
[0.091s] colcon.colcon_core.package_identification Level 1 _identify(n10p_ws/src/Lslidar_ROS2_driver/lslidar_msgs) by extensions ['colcon_meta']
[0.091s] colcon.colcon_core.package_identification Level 1 _identify(n10p_ws/src/Lslidar_ROS2_driver/lslidar_msgs) by extension 'colcon_meta'
[0.091s] colcon.colcon_core.package_identification Level 1 _identify(n10p_ws/src/Lslidar_ROS2_driver/lslidar_msgs) by extensions ['ros']
[0.091s] colcon.colcon_core.package_identification Level 1 _identify(n10p_ws/src/Lslidar_ROS2_driver/lslidar_msgs) by extension 'ros'
[0.092s] colcon.colcon_core.package_identification DEBUG Package 'n10p_ws/src/Lslidar_ROS2_driver/lslidar_msgs' with type 'ros.ament_cmake' and name 'lslidar_msgs'
[0.092s] colcon.colcon_core.package_identification Level 1 _identify(n10p_ws/src/n10p_bringup) by extensions ['ignore', 'ignore_ament_install']
[0.092s] colcon.colcon_core.package_identification Level 1 _identify(n10p_ws/src/n10p_bringup) by extension 'ignore'
[0.092s] colcon.colcon_core.package_identification Level 1 _identify(n10p_ws/src/n10p_bringup) by extension 'ignore_ament_install'
[0.092s] colcon.colcon_core.package_identification Level 1 _identify(n10p_ws/src/n10p_bringup) by extensions ['colcon_pkg']
[0.092s] colcon.colcon_core.package_identification Level 1 _identify(n10p_ws/src/n10p_bringup) by extension 'colcon_pkg'
[0.092s] colcon.colcon_core.package_identification Level 1 _identify(n10p_ws/src/n10p_bringup) by extensions ['colcon_meta']
[0.092s] colcon.colcon_core.package_identification Level 1 _identify(n10p_ws/src/n10p_bringup) by extension 'colcon_meta'
[0.092s] colcon.colcon_core.package_identification Level 1 _identify(n10p_ws/src/n10p_bringup) by extensions ['ros']
[0.092s] colcon.colcon_core.package_identification Level 1 _identify(n10p_ws/src/n10p_bringup) by extension 'ros'
[0.093s] colcon.colcon_core.package_identification DEBUG Package 'n10p_ws/src/n10p_bringup' with type 'ros.ament_python' and name 'n10p_bringup'
[0.093s] colcon.colcon_core.package_identification Level 1 _identify(n10p_ws/src/n10p_slam) by extensions ['ignore', 'ignore_ament_install']
[0.093s] colcon.colcon_core.package_identification Level 1 _identify(n10p_ws/src/n10p_slam) by extension 'ignore'
[0.093s] colcon.colcon_core.package_identification Level 1 _identify(n10p_ws/src/n10p_slam) by extension 'ignore_ament_install'
[0.093s] colcon.colcon_core.package_identification Level 1 _identify(n10p_ws/src/n10p_slam) by extensions ['colcon_pkg']
[0.093s] colcon.colcon_core.package_identification Level 1 _identify(n10p_ws/src/n10p_slam) by extension 'colcon_pkg'
[0.093s] colcon.colcon_core.package_identification Level 1 _identify(n10p_ws/src/n10p_slam) by extensions ['colcon_meta']
[0.093s] colcon.colcon_core.package_identification Level 1 _identify(n10p_ws/src/n10p_slam) by extension 'colcon_meta'
[0.093s] colcon.colcon_core.package_identification Level 1 _identify(n10p_ws/src/n10p_slam) by extensions ['ros']
[0.093s] colcon.colcon_core.package_identification Level 1 _identify(n10p_ws/src/n10p_slam) by extension 'ros'
[0.093s] colcon.colcon_core.package_identification DEBUG Package 'n10p_ws/src/n10p_slam' with type 'ros.ament_python' and name 'n10p_slam'
[0.093s] colcon.colcon_core.package_identification Level 1 _identify(凌霄协议) by extensions ['ignore', 'ignore_ament_install']
[0.093s] colcon.colcon_core.package_identification Level 1 _identify(凌霄协议) by extension 'ignore'
[0.093s] colcon.colcon_core.package_identification Level 1 _identify(凌霄协议) by extension 'ignore_ament_install'
[0.093s] colcon.colcon_core.package_identification Level 1 _identify(凌霄协议) by extensions ['colcon_pkg']
[0.093s] colcon.colcon_core.package_identification Level 1 _identify(凌霄协议) by extension 'colcon_pkg'
[0.094s] colcon.colcon_core.package_identification Level 1 _identify(凌霄协议) by extensions ['colcon_meta']
[0.094s] colcon.colcon_core.package_identification Level 1 _identify(凌霄协议) by extension 'colcon_meta'
[0.094s] colcon.colcon_core.package_identification Level 1 _identify(凌霄协议) by extensions ['ros']
[0.094s] colcon.colcon_core.package_identification Level 1 _identify(凌霄协议) by extension 'ros'
[0.094s] colcon.colcon_core.package_identification Level 1 _identify(凌霄协议) by extensions ['cmake', 'python']
[0.094s] colcon.colcon_core.package_identification Level 1 _identify(凌霄协议) by extension 'cmake'
[0.094s] colcon.colcon_core.package_identification Level 1 _identify(凌霄协议) by extension 'python'
[0.094s] colcon.colcon_core.package_identification Level 1 _identify(凌霄协议) by extensions ['python_setup_py']
[0.094s] colcon.colcon_core.package_identification Level 1 _identify(凌霄协议) by extension 'python_setup_py'
[0.094s] colcon.colcon_core.package_discovery Level 1 discover_packages(recursive) using defaults
[0.094s] colcon.colcon_core.package_discovery Level 1 discover_packages(ignore) discover
[0.094s] colcon.colcon_core.package_discovery Level 1 discover_packages(ignore) using defaults
[0.094s] colcon.colcon_core.package_discovery Level 1 discover_packages(path) discover
[0.094s] colcon.colcon_core.package_discovery Level 1 discover_packages(path) using defaults
[0.102s] colcon.colcon_core.package_selection INFO Skipping not selected package 'lslidar_msgs' in 'n10p_ws/src/Lslidar_ROS2_driver/lslidar_msgs'
[0.102s] colcon.colcon_core.package_selection INFO Skipping not selected package 'n10p_bringup' in 'n10p_ws/src/n10p_bringup'
[0.102s] colcon.colcon_core.package_selection INFO Skipping not selected package 'lslidar_driver' in 'n10p_ws/src/Lslidar_ROS2_driver/lslidar_driver'
[0.102s] colcon.colcon_core.package_discovery Level 1 discover_packages(prefix_path) check parameters
[0.102s] colcon.colcon_core.package_discovery Level 1 discover_packages(prefix_path) discover
[0.103s] colcon.colcon_installed_package_information.package_discovery DEBUG Found 2 installed packages in /home/ubuntu22/ws_ros2/install
[0.104s] colcon.colcon_installed_package_information.package_discovery DEBUG Found 320 installed packages in /opt/ros/humble
[0.105s] colcon.colcon_core.package_discovery Level 1 discover_packages(prefix_path) using defaults
[0.125s] colcon.colcon_core.verb Level 5 set package 'n10p_slam' build argument 'cmake_args' from command line to 'None'
[0.125s] colcon.colcon_core.verb Level 5 set package 'n10p_slam' build argument 'cmake_target' from command line to 'None'
[0.125s] colcon.colcon_core.verb Level 5 set package 'n10p_slam' build argument 'cmake_target_skip_unavailable' from command line to 'False'
[0.125s] colcon.colcon_core.verb Level 5 set package 'n10p_slam' build argument 'cmake_clean_cache' from command line to 'False'
[0.125s] colcon.colcon_core.verb Level 5 set package 'n10p_slam' build argument 'cmake_clean_first' from command line to 'False'
[0.125s] colcon.colcon_core.verb Level 5 set package 'n10p_slam' build argument 'cmake_force_configure' from command line to 'False'
[0.125s] colcon.colcon_core.verb Level 5 set package 'n10p_slam' build argument 'ament_cmake_args' from command line to 'None'
[0.125s] colcon.colcon_core.verb Level 5 set package 'n10p_slam' build argument 'catkin_cmake_args' from command line to 'None'
[0.125s] colcon.colcon_core.verb Level 5 set package 'n10p_slam' build argument 'catkin_skip_building_tests' from command line to 'False'
[0.125s] colcon.colcon_core.verb DEBUG Building package 'n10p_slam' with the following arguments: {'ament_cmake_args': None, 'build_base': '/home/ubuntu22/ROS2/n10p_leishen/build/n10p_slam', 'catkin_cmake_args': None, 'catkin_skip_building_tests': False, 'cmake_args': None, 'cmake_clean_cache': False, 'cmake_clean_first': False, 'cmake_force_configure': False, 'cmake_target': None, 'cmake_target_skip_unavailable': False, 'install_base': '/home/ubuntu22/ROS2/n10p_leishen/install/n10p_slam', 'merge_install': False, 'path': '/home/ubuntu22/ROS2/n10p_leishen/n10p_ws/src/n10p_slam', 'symlink_install': False, 'test_result_base': None}
[0.125s] colcon.colcon_core.executor INFO Executing jobs using 'parallel' executor
[0.126s] colcon.colcon_parallel_executor.executor.parallel DEBUG run_until_complete
[0.126s] colcon.colcon_ros.task.ament_python.build INFO Building ROS package in '/home/ubuntu22/ROS2/n10p_leishen/n10p_ws/src/n10p_slam' with build type 'ament_python'
[0.126s] colcon.colcon_core.shell Level 1 create_environment_hook('n10p_slam', 'ament_prefix_path')
[0.127s] colcon.colcon_core.plugin_system INFO Skipping extension 'colcon_core.shell.bat': Not used on non-Windows systems
[0.127s] colcon.colcon_core.shell INFO Creating environment hook '/home/ubuntu22/ROS2/n10p_leishen/install/n10p_slam/share/n10p_slam/hook/ament_prefix_path.ps1'
[0.128s] colcon.colcon_core.shell INFO Creating environment descriptor '/home/ubuntu22/ROS2/n10p_leishen/install/n10p_slam/share/n10p_slam/hook/ament_prefix_path.dsv'
[0.128s] colcon.colcon_core.shell INFO Creating environment hook '/home/ubuntu22/ROS2/n10p_leishen/install/n10p_slam/share/n10p_slam/hook/ament_prefix_path.sh'
[0.128s] colcon.colcon_core.shell INFO Skip shell extension 'powershell' for command environment: Not usable outside of PowerShell
[0.128s] colcon.colcon_core.shell DEBUG Skip shell extension 'dsv' for command environment
[0.129s] colcon.colcon_ros.task.ament_python.build ERROR Failed to find the following files:
- /home/ubuntu22/ROS2/n10p_leishen/install/n10p_bringup/share/n10p_bringup/package.sh
Check that the following packages have been built:
- n10p_bringup
[0.140s] colcon.colcon_parallel_executor.executor.parallel DEBUG closing loop
[0.140s] colcon.colcon_parallel_executor.executor.parallel DEBUG loop closed
[0.140s] colcon.colcon_parallel_executor.executor.parallel DEBUG run_until_complete finished with '1'
[0.140s] colcon.colcon_core.event_reactor DEBUG joining thread
[0.143s] colcon.colcon_core.plugin_system INFO Skipping extension 'colcon_notification.desktop_notification.terminal_notifier': Not used on non-Darwin systems
[0.143s] colcon.colcon_core.plugin_system INFO Skipping extension 'colcon_notification.desktop_notification.win32': Not used on non-Windows systems
[0.143s] colcon.colcon_notification.desktop_notification INFO Sending desktop notification using 'notify2'
[0.150s] colcon.colcon_core.event_reactor DEBUG joined thread
[0.150s] colcon.colcon_core.shell INFO Creating prefix script '/home/ubuntu22/ROS2/n10p_leishen/install/local_setup.ps1'
[0.150s] colcon.colcon_core.shell INFO Creating prefix util module '/home/ubuntu22/ROS2/n10p_leishen/install/_local_setup_util_ps1.py'
[0.151s] colcon.colcon_core.shell INFO Creating prefix chain script '/home/ubuntu22/ROS2/n10p_leishen/install/setup.ps1'
[0.152s] colcon.colcon_core.shell INFO Creating prefix script '/home/ubuntu22/ROS2/n10p_leishen/install/local_setup.sh'
[0.152s] colcon.colcon_core.shell INFO Creating prefix util module '/home/ubuntu22/ROS2/n10p_leishen/install/_local_setup_util_sh.py'
[0.152s] colcon.colcon_core.shell INFO Creating prefix chain script '/home/ubuntu22/ROS2/n10p_leishen/install/setup.sh'
[0.153s] colcon.colcon_core.shell INFO Creating prefix script '/home/ubuntu22/ROS2/n10p_leishen/install/local_setup.bash'
[0.153s] colcon.colcon_core.shell INFO Creating prefix chain script '/home/ubuntu22/ROS2/n10p_leishen/install/setup.bash'
[0.153s] colcon.colcon_core.shell INFO Creating prefix script '/home/ubuntu22/ROS2/n10p_leishen/install/local_setup.zsh'
[0.154s] colcon.colcon_core.shell INFO Creating prefix chain script '/home/ubuntu22/ROS2/n10p_leishen/install/setup.zsh'
