[0.022s] Invoking command in '/home/ubuntu22/ROS2/n10p_leishen/n10p_ws/build/lslidar_driver': AMENT_PREFIX_PATH=/home/ubuntu22/ROS2/n10p_leishen/n10p_ws/install/lslidar_msgs:${AMENT_PREFIX_PATH} CMAKE_PREFIX_PATH=/home/ubuntu22/ROS2/n10p_leishen/n10p_ws/install/lslidar_msgs:/home/ubuntu22/ws_ros2/install/px4_ros_com:/home/ubuntu22/ws_ros2/install/px4_msgs:/opt/ros/humble LD_LIBRARY_PATH=/home/ubuntu22/ROS2/n10p_leishen/n10p_ws/install/lslidar_msgs/lib:${LD_LIBRARY_PATH} PYTHONPATH=/home/ubuntu22/ROS2/n10p_leishen/n10p_ws/install/lslidar_msgs/local/lib/python3.10/dist-packages:${PYTHONPATH} /usr/bin/cmake --build /home/ubuntu22/ROS2/n10p_leishen/n10p_ws/build/lslidar_driver -- -j32 -l32
[0.139s] [ 20%] Building CXX object CMakeFiles/lslidar_driver_node.dir/src/lslidar_driver.cc.o
[8.630s] [ 40%] Linking CXX executable lslidar_driver_node
[9.417s] [100%] Built target lslidar_driver_node
[9.423s] Invoked command in '/home/ubuntu22/ROS2/n10p_leishen/n10p_ws/build/lslidar_driver' returned '0': AMENT_PREFIX_PATH=/home/ubuntu22/ROS2/n10p_leishen/n10p_ws/install/lslidar_msgs:${AMENT_PREFIX_PATH} CMAKE_PREFIX_PATH=/home/ubuntu22/ROS2/n10p_leishen/n10p_ws/install/lslidar_msgs:/home/ubuntu22/ws_ros2/install/px4_ros_com:/home/ubuntu22/ws_ros2/install/px4_msgs:/opt/ros/humble LD_LIBRARY_PATH=/home/ubuntu22/ROS2/n10p_leishen/n10p_ws/install/lslidar_msgs/lib:${LD_LIBRARY_PATH} PYTHONPATH=/home/ubuntu22/ROS2/n10p_leishen/n10p_ws/install/lslidar_msgs/local/lib/python3.10/dist-packages:${PYTHONPATH} /usr/bin/cmake --build /home/ubuntu22/ROS2/n10p_leishen/n10p_ws/build/lslidar_driver -- -j32 -l32
[9.430s] Invoking command in '/home/ubuntu22/ROS2/n10p_leishen/n10p_ws/build/lslidar_driver': AMENT_PREFIX_PATH=/home/ubuntu22/ROS2/n10p_leishen/n10p_ws/install/lslidar_msgs:${AMENT_PREFIX_PATH} CMAKE_PREFIX_PATH=/home/ubuntu22/ROS2/n10p_leishen/n10p_ws/install/lslidar_msgs:/home/ubuntu22/ws_ros2/install/px4_ros_com:/home/ubuntu22/ws_ros2/install/px4_msgs:/opt/ros/humble LD_LIBRARY_PATH=/home/ubuntu22/ROS2/n10p_leishen/n10p_ws/install/lslidar_msgs/lib:${LD_LIBRARY_PATH} PYTHONPATH=/home/ubuntu22/ROS2/n10p_leishen/n10p_ws/install/lslidar_msgs/local/lib/python3.10/dist-packages:${PYTHONPATH} /usr/bin/cmake --install /home/ubuntu22/ROS2/n10p_leishen/n10p_ws/build/lslidar_driver
[9.436s] -- Install configuration: ""
[9.436s] -- Execute custom install script
[9.437s] -- Up-to-date symlink: /home/ubuntu22/ROS2/n10p_leishen/n10p_ws/install/lslidar_driver/share/lslidar_driver/launch/lslidar_double_launch.py
[9.437s] -- Up-to-date symlink: /home/ubuntu22/ROS2/n10p_leishen/n10p_ws/install/lslidar_driver/share/lslidar_driver/launch/lslidar_launch.py
[9.437s] -- Up-to-date symlink: /home/ubuntu22/ROS2/n10p_leishen/n10p_ws/install/lslidar_driver/share/lslidar_driver/params/lsx10.yaml
[9.437s] -- Up-to-date symlink: /home/ubuntu22/ROS2/n10p_leishen/n10p_ws/install/lslidar_driver/share/lslidar_driver/params/lsx10_1.yaml
[9.437s] -- Up-to-date symlink: /home/ubuntu22/ROS2/n10p_leishen/n10p_ws/install/lslidar_driver/share/lslidar_driver/params/lsx10_2.yaml
[9.437s] -- Up-to-date symlink: /home/ubuntu22/ROS2/n10p_leishen/n10p_ws/install/lslidar_driver/share/lslidar_driver/rviz/lslidar.rviz
[9.438s] -- Up-to-date symlink: /home/ubuntu22/ROS2/n10p_leishen/n10p_ws/install/lslidar_driver/lib/lslidar_driver/lslidar_driver_node
[9.438s] -- Up-to-date symlink: /home/ubuntu22/ROS2/n10p_leishen/n10p_ws/install/lslidar_driver/share/ament_index/resource_index/package_run_dependencies/lslidar_driver
[9.438s] -- Up-to-date symlink: /home/ubuntu22/ROS2/n10p_leishen/n10p_ws/install/lslidar_driver/share/ament_index/resource_index/parent_prefix_path/lslidar_driver
[9.438s] -- Up-to-date symlink: /home/ubuntu22/ROS2/n10p_leishen/n10p_ws/install/lslidar_driver/share/lslidar_driver/environment/ament_prefix_path.sh
[9.438s] -- Up-to-date symlink: /home/ubuntu22/ROS2/n10p_leishen/n10p_ws/install/lslidar_driver/share/lslidar_driver/environment/ament_prefix_path.dsv
[9.438s] -- Up-to-date symlink: /home/ubuntu22/ROS2/n10p_leishen/n10p_ws/install/lslidar_driver/share/lslidar_driver/environment/path.sh
[9.438s] -- Up-to-date symlink: /home/ubuntu22/ROS2/n10p_leishen/n10p_ws/install/lslidar_driver/share/lslidar_driver/environment/path.dsv
[9.438s] -- Up-to-date symlink: /home/ubuntu22/ROS2/n10p_leishen/n10p_ws/install/lslidar_driver/share/lslidar_driver/local_setup.bash
[9.438s] -- Up-to-date symlink: /home/ubuntu22/ROS2/n10p_leishen/n10p_ws/install/lslidar_driver/share/lslidar_driver/local_setup.sh
[9.438s] -- Up-to-date symlink: /home/ubuntu22/ROS2/n10p_leishen/n10p_ws/install/lslidar_driver/share/lslidar_driver/local_setup.zsh
[9.439s] -- Up-to-date symlink: /home/ubuntu22/ROS2/n10p_leishen/n10p_ws/install/lslidar_driver/share/lslidar_driver/local_setup.dsv
[9.439s] -- Symlinking: /home/ubuntu22/ROS2/n10p_leishen/n10p_ws/install/lslidar_driver/share/lslidar_driver/package.dsv
[9.441s] -- Up-to-date symlink: /home/ubuntu22/ROS2/n10p_leishen/n10p_ws/install/lslidar_driver/share/ament_index/resource_index/packages/lslidar_driver
[9.441s] -- Up-to-date symlink: /home/ubuntu22/ROS2/n10p_leishen/n10p_ws/install/lslidar_driver/share/lslidar_driver/cmake/ament_cmake_export_dependencies-extras.cmake
[9.441s] -- Up-to-date symlink: /home/ubuntu22/ROS2/n10p_leishen/n10p_ws/install/lslidar_driver/share/lslidar_driver/cmake/ament_cmake_export_include_directories-extras.cmake
[9.441s] -- Up-to-date symlink: /home/ubuntu22/ROS2/n10p_leishen/n10p_ws/install/lslidar_driver/share/lslidar_driver/cmake/lslidar_driverConfig.cmake
[9.442s] -- Up-to-date symlink: /home/ubuntu22/ROS2/n10p_leishen/n10p_ws/install/lslidar_driver/share/lslidar_driver/cmake/lslidar_driverConfig-version.cmake
[9.442s] -- Up-to-date symlink: /home/ubuntu22/ROS2/n10p_leishen/n10p_ws/install/lslidar_driver/share/lslidar_driver/package.xml
[9.443s] Invoked command in '/home/ubuntu22/ROS2/n10p_leishen/n10p_ws/build/lslidar_driver' returned '0': AMENT_PREFIX_PATH=/home/ubuntu22/ROS2/n10p_leishen/n10p_ws/install/lslidar_msgs:${AMENT_PREFIX_PATH} CMAKE_PREFIX_PATH=/home/ubuntu22/ROS2/n10p_leishen/n10p_ws/install/lslidar_msgs:/home/ubuntu22/ws_ros2/install/px4_ros_com:/home/ubuntu22/ws_ros2/install/px4_msgs:/opt/ros/humble LD_LIBRARY_PATH=/home/ubuntu22/ROS2/n10p_leishen/n10p_ws/install/lslidar_msgs/lib:${LD_LIBRARY_PATH} PYTHONPATH=/home/ubuntu22/ROS2/n10p_leishen/n10p_ws/install/lslidar_msgs/local/lib/python3.10/dist-packages:${PYTHONPATH} /usr/bin/cmake --install /home/ubuntu22/ROS2/n10p_leishen/n10p_ws/build/lslidar_driver
