[0.060s] colcon DEBUG Command line arguments: ['/usr/bin/colcon', 'build', '--packages-select', 'lslidar_driver']
[0.060s] colcon DEBUG Parsed command line arguments: Namespace(log_base=None, log_level=None, verb_name='build', build_base='build', install_base='install', merge_install=False, symlink_install=False, test_result_base=None, continue_on_error=False, executor='parallel', parallel_workers=32, event_handlers=None, ignore_user_meta=False, metas=['./colcon.meta'], base_paths=['.'], packages_ignore=None, packages_ignore_regex=None, paths=None, packages_up_to=None, packages_up_to_regex=None, packages_above=None, packages_above_and_dependencies=None, packages_above_depth=None, packages_select_by_dep=None, packages_skip_by_dep=None, packages_skip_up_to=None, packages_select_build_failed=False, packages_skip_build_finished=False, packages_select_test_failures=False, packages_skip_test_passed=False, packages_select=['lslidar_driver'], packages_skip=None, packages_select_regex=None, packages_skip_regex=None, packages_start=None, packages_end=None, allow_overriding=[], cmake_args=None, cmake_target=None, cmake_target_skip_unavailable=False, cmake_clean_cache=False, cmake_clean_first=False, cmake_force_configure=False, ament_cmake_args=None, catkin_cmake_args=None, catkin_skip_building_tests=False, verb_parser=<colcon_defaults.argument_parser.defaults.DefaultArgumentsDecorator object at 0x708e9bb4d720>, verb_extension=<colcon_core.verb.build.BuildVerb object at 0x708e9bb4d2d0>, main=<bound method BuildVerb.main of <colcon_core.verb.build.BuildVerb object at 0x708e9bb4d2d0>>)
[0.081s] colcon.colcon_core.package_discovery Level 1 discover_packages(colcon_meta) check parameters
[0.081s] colcon.colcon_core.package_discovery Level 1 discover_packages(recursive) check parameters
[0.081s] colcon.colcon_core.package_discovery Level 1 discover_packages(ignore) check parameters
[0.081s] colcon.colcon_core.package_discovery Level 1 discover_packages(path) check parameters
[0.081s] colcon.colcon_core.package_discovery Level 1 discover_packages(colcon_meta) discover
[0.081s] colcon.colcon_core.package_discovery Level 1 discover_packages(recursive) discover
[0.081s] colcon.colcon_core.package_discovery INFO Crawling recursively for packages in '/home/ubuntu22/ROS2/n10p_leishen/n10p_ws'
[0.081s] colcon.colcon_core.package_identification Level 1 _identify(.) by extensions ['ignore', 'ignore_ament_install']
[0.081s] colcon.colcon_core.package_identification Level 1 _identify(.) by extension 'ignore'
[0.081s] colcon.colcon_core.package_identification Level 1 _identify(.) by extension 'ignore_ament_install'
[0.081s] colcon.colcon_core.package_identification Level 1 _identify(.) by extensions ['colcon_pkg']
[0.081s] colcon.colcon_core.package_identification Level 1 _identify(.) by extension 'colcon_pkg'
[0.081s] colcon.colcon_core.package_identification Level 1 _identify(.) by extensions ['colcon_meta']
[0.081s] colcon.colcon_core.package_identification Level 1 _identify(.) by extension 'colcon_meta'
[0.081s] colcon.colcon_core.package_identification Level 1 _identify(.) by extensions ['ros']
[0.081s] colcon.colcon_core.package_identification Level 1 _identify(.) by extension 'ros'
[0.089s] colcon.colcon_core.package_identification Level 1 _identify(.) by extensions ['cmake', 'python']
[0.089s] colcon.colcon_core.package_identification Level 1 _identify(.) by extension 'cmake'
[0.089s] colcon.colcon_core.package_identification Level 1 _identify(.) by extension 'python'
[0.089s] colcon.colcon_core.package_identification Level 1 _identify(.) by extensions ['python_setup_py']
[0.089s] colcon.colcon_core.package_identification Level 1 _identify(.) by extension 'python_setup_py'
[0.089s] colcon.colcon_core.package_identification Level 1 _identify(build) by extensions ['ignore', 'ignore_ament_install']
[0.089s] colcon.colcon_core.package_identification Level 1 _identify(build) by extension 'ignore'
[0.089s] colcon.colcon_core.package_identification Level 1 _identify(build) ignored
[0.089s] colcon.colcon_core.package_identification Level 1 _identify(install) by extensions ['ignore', 'ignore_ament_install']
[0.089s] colcon.colcon_core.package_identification Level 1 _identify(install) by extension 'ignore'
[0.089s] colcon.colcon_core.package_identification Level 1 _identify(install) ignored
[0.089s] colcon.colcon_core.package_identification Level 1 _identify(log) by extensions ['ignore', 'ignore_ament_install']
[0.089s] colcon.colcon_core.package_identification Level 1 _identify(log) by extension 'ignore'
[0.089s] colcon.colcon_core.package_identification Level 1 _identify(log) ignored
[0.089s] colcon.colcon_core.package_identification Level 1 _identify(src) by extensions ['ignore', 'ignore_ament_install']
[0.090s] colcon.colcon_core.package_identification Level 1 _identify(src) by extension 'ignore'
[0.090s] colcon.colcon_core.package_identification Level 1 _identify(src) by extension 'ignore_ament_install'
[0.090s] colcon.colcon_core.package_identification Level 1 _identify(src) by extensions ['colcon_pkg']
[0.090s] colcon.colcon_core.package_identification Level 1 _identify(src) by extension 'colcon_pkg'
[0.090s] colcon.colcon_core.package_identification Level 1 _identify(src) by extensions ['colcon_meta']
[0.090s] colcon.colcon_core.package_identification Level 1 _identify(src) by extension 'colcon_meta'
[0.090s] colcon.colcon_core.package_identification Level 1 _identify(src) by extensions ['ros']
[0.090s] colcon.colcon_core.package_identification Level 1 _identify(src) by extension 'ros'
[0.090s] colcon.colcon_core.package_identification Level 1 _identify(src) by extensions ['cmake', 'python']
[0.090s] colcon.colcon_core.package_identification Level 1 _identify(src) by extension 'cmake'
[0.090s] colcon.colcon_core.package_identification Level 1 _identify(src) by extension 'python'
[0.090s] colcon.colcon_core.package_identification Level 1 _identify(src) by extensions ['python_setup_py']
[0.090s] colcon.colcon_core.package_identification Level 1 _identify(src) by extension 'python_setup_py'
[0.090s] colcon.colcon_core.package_identification Level 1 _identify(src/Lslidar_ROS2_driver) by extensions ['ignore', 'ignore_ament_install']
[0.090s] colcon.colcon_core.package_identification Level 1 _identify(src/Lslidar_ROS2_driver) by extension 'ignore'
[0.090s] colcon.colcon_core.package_identification Level 1 _identify(src/Lslidar_ROS2_driver) by extension 'ignore_ament_install'
[0.090s] colcon.colcon_core.package_identification Level 1 _identify(src/Lslidar_ROS2_driver) by extensions ['colcon_pkg']
[0.090s] colcon.colcon_core.package_identification Level 1 _identify(src/Lslidar_ROS2_driver) by extension 'colcon_pkg'
[0.090s] colcon.colcon_core.package_identification Level 1 _identify(src/Lslidar_ROS2_driver) by extensions ['colcon_meta']
[0.090s] colcon.colcon_core.package_identification Level 1 _identify(src/Lslidar_ROS2_driver) by extension 'colcon_meta'
[0.090s] colcon.colcon_core.package_identification Level 1 _identify(src/Lslidar_ROS2_driver) by extensions ['ros']
[0.090s] colcon.colcon_core.package_identification Level 1 _identify(src/Lslidar_ROS2_driver) by extension 'ros'
[0.090s] colcon.colcon_core.package_identification Level 1 _identify(src/Lslidar_ROS2_driver) by extensions ['cmake', 'python']
[0.090s] colcon.colcon_core.package_identification Level 1 _identify(src/Lslidar_ROS2_driver) by extension 'cmake'
[0.090s] colcon.colcon_core.package_identification Level 1 _identify(src/Lslidar_ROS2_driver) by extension 'python'
[0.090s] colcon.colcon_core.package_identification Level 1 _identify(src/Lslidar_ROS2_driver) by extensions ['python_setup_py']
[0.090s] colcon.colcon_core.package_identification Level 1 _identify(src/Lslidar_ROS2_driver) by extension 'python_setup_py'
[0.090s] colcon.colcon_core.package_identification Level 1 _identify(src/Lslidar_ROS2_driver/lslidar_driver) by extensions ['ignore', 'ignore_ament_install']
[0.090s] colcon.colcon_core.package_identification Level 1 _identify(src/Lslidar_ROS2_driver/lslidar_driver) by extension 'ignore'
[0.090s] colcon.colcon_core.package_identification Level 1 _identify(src/Lslidar_ROS2_driver/lslidar_driver) by extension 'ignore_ament_install'
[0.090s] colcon.colcon_core.package_identification Level 1 _identify(src/Lslidar_ROS2_driver/lslidar_driver) by extensions ['colcon_pkg']
[0.090s] colcon.colcon_core.package_identification Level 1 _identify(src/Lslidar_ROS2_driver/lslidar_driver) by extension 'colcon_pkg'
[0.090s] colcon.colcon_core.package_identification Level 1 _identify(src/Lslidar_ROS2_driver/lslidar_driver) by extensions ['colcon_meta']
[0.090s] colcon.colcon_core.package_identification Level 1 _identify(src/Lslidar_ROS2_driver/lslidar_driver) by extension 'colcon_meta'
[0.090s] colcon.colcon_core.package_identification Level 1 _identify(src/Lslidar_ROS2_driver/lslidar_driver) by extensions ['ros']
[0.090s] colcon.colcon_core.package_identification Level 1 _identify(src/Lslidar_ROS2_driver/lslidar_driver) by extension 'ros'
[0.092s] colcon.colcon_core.package_identification DEBUG Package 'src/Lslidar_ROS2_driver/lslidar_driver' with type 'ros.ament_cmake' and name 'lslidar_driver'
[0.092s] colcon.colcon_core.package_identification Level 1 _identify(src/Lslidar_ROS2_driver/lslidar_msgs) by extensions ['ignore', 'ignore_ament_install']
[0.092s] colcon.colcon_core.package_identification Level 1 _identify(src/Lslidar_ROS2_driver/lslidar_msgs) by extension 'ignore'
[0.092s] colcon.colcon_core.package_identification Level 1 _identify(src/Lslidar_ROS2_driver/lslidar_msgs) by extension 'ignore_ament_install'
[0.092s] colcon.colcon_core.package_identification Level 1 _identify(src/Lslidar_ROS2_driver/lslidar_msgs) by extensions ['colcon_pkg']
[0.092s] colcon.colcon_core.package_identification Level 1 _identify(src/Lslidar_ROS2_driver/lslidar_msgs) by extension 'colcon_pkg'
[0.092s] colcon.colcon_core.package_identification Level 1 _identify(src/Lslidar_ROS2_driver/lslidar_msgs) by extensions ['colcon_meta']
[0.092s] colcon.colcon_core.package_identification Level 1 _identify(src/Lslidar_ROS2_driver/lslidar_msgs) by extension 'colcon_meta'
[0.092s] colcon.colcon_core.package_identification Level 1 _identify(src/Lslidar_ROS2_driver/lslidar_msgs) by extensions ['ros']
[0.092s] colcon.colcon_core.package_identification Level 1 _identify(src/Lslidar_ROS2_driver/lslidar_msgs) by extension 'ros'
[0.092s] colcon.colcon_core.package_identification DEBUG Package 'src/Lslidar_ROS2_driver/lslidar_msgs' with type 'ros.ament_cmake' and name 'lslidar_msgs'
[0.092s] colcon.colcon_core.package_identification Level 1 _identify(src/n10p_bringup) by extensions ['ignore', 'ignore_ament_install']
[0.092s] colcon.colcon_core.package_identification Level 1 _identify(src/n10p_bringup) by extension 'ignore'
[0.092s] colcon.colcon_core.package_identification Level 1 _identify(src/n10p_bringup) by extension 'ignore_ament_install'
[0.092s] colcon.colcon_core.package_identification Level 1 _identify(src/n10p_bringup) by extensions ['colcon_pkg']
[0.092s] colcon.colcon_core.package_identification Level 1 _identify(src/n10p_bringup) by extension 'colcon_pkg'
[0.092s] colcon.colcon_core.package_identification Level 1 _identify(src/n10p_bringup) by extensions ['colcon_meta']
[0.092s] colcon.colcon_core.package_identification Level 1 _identify(src/n10p_bringup) by extension 'colcon_meta'
[0.092s] colcon.colcon_core.package_identification Level 1 _identify(src/n10p_bringup) by extensions ['ros']
[0.092s] colcon.colcon_core.package_identification Level 1 _identify(src/n10p_bringup) by extension 'ros'
[0.093s] colcon.colcon_core.package_identification DEBUG Package 'src/n10p_bringup' with type 'ros.ament_python' and name 'n10p_bringup'
[0.093s] colcon.colcon_core.package_identification Level 1 _identify(src/n10p_gazebo) by extensions ['ignore', 'ignore_ament_install']
[0.093s] colcon.colcon_core.package_identification Level 1 _identify(src/n10p_gazebo) by extension 'ignore'
[0.093s] colcon.colcon_core.package_identification Level 1 _identify(src/n10p_gazebo) by extension 'ignore_ament_install'
[0.093s] colcon.colcon_core.package_identification Level 1 _identify(src/n10p_gazebo) by extensions ['colcon_pkg']
[0.093s] colcon.colcon_core.package_identification Level 1 _identify(src/n10p_gazebo) by extension 'colcon_pkg'
[0.093s] colcon.colcon_core.package_identification Level 1 _identify(src/n10p_gazebo) by extensions ['colcon_meta']
[0.093s] colcon.colcon_core.package_identification Level 1 _identify(src/n10p_gazebo) by extension 'colcon_meta'
[0.093s] colcon.colcon_core.package_identification Level 1 _identify(src/n10p_gazebo) by extensions ['ros']
[0.093s] colcon.colcon_core.package_identification Level 1 _identify(src/n10p_gazebo) by extension 'ros'
[0.093s] colcon.colcon_core.package_identification DEBUG Package 'src/n10p_gazebo' with type 'ros.ament_python' and name 'n10p_gazebo'
[0.094s] colcon.colcon_core.package_identification Level 1 _identify(src/n10p_nav) by extensions ['ignore', 'ignore_ament_install']
[0.094s] colcon.colcon_core.package_identification Level 1 _identify(src/n10p_nav) by extension 'ignore'
[0.094s] colcon.colcon_core.package_identification Level 1 _identify(src/n10p_nav) by extension 'ignore_ament_install'
[0.094s] colcon.colcon_core.package_identification Level 1 _identify(src/n10p_nav) by extensions ['colcon_pkg']
[0.094s] colcon.colcon_core.package_identification Level 1 _identify(src/n10p_nav) by extension 'colcon_pkg'
[0.094s] colcon.colcon_core.package_identification Level 1 _identify(src/n10p_nav) by extensions ['colcon_meta']
[0.094s] colcon.colcon_core.package_identification Level 1 _identify(src/n10p_nav) by extension 'colcon_meta'
[0.094s] colcon.colcon_core.package_identification Level 1 _identify(src/n10p_nav) by extensions ['ros']
[0.094s] colcon.colcon_core.package_identification Level 1 _identify(src/n10p_nav) by extension 'ros'
[0.094s] colcon.colcon_core.package_identification DEBUG Package 'src/n10p_nav' with type 'ros.ament_python' and name 'n10p_nav'
[0.094s] colcon.colcon_core.package_identification Level 1 _identify(src/n10p_slam) by extensions ['ignore', 'ignore_ament_install']
[0.094s] colcon.colcon_core.package_identification Level 1 _identify(src/n10p_slam) by extension 'ignore'
[0.095s] colcon.colcon_core.package_identification Level 1 _identify(src/n10p_slam) by extension 'ignore_ament_install'
[0.095s] colcon.colcon_core.package_identification Level 1 _identify(src/n10p_slam) by extensions ['colcon_pkg']
[0.095s] colcon.colcon_core.package_identification Level 1 _identify(src/n10p_slam) by extension 'colcon_pkg'
[0.095s] colcon.colcon_core.package_identification Level 1 _identify(src/n10p_slam) by extensions ['colcon_meta']
[0.095s] colcon.colcon_core.package_identification Level 1 _identify(src/n10p_slam) by extension 'colcon_meta'
[0.095s] colcon.colcon_core.package_identification Level 1 _identify(src/n10p_slam) by extensions ['ros']
[0.095s] colcon.colcon_core.package_identification Level 1 _identify(src/n10p_slam) by extension 'ros'
[0.095s] colcon.colcon_core.package_identification DEBUG Package 'src/n10p_slam' with type 'ros.ament_python' and name 'n10p_slam'
[0.095s] colcon.colcon_core.package_discovery Level 1 discover_packages(recursive) using defaults
[0.095s] colcon.colcon_core.package_discovery Level 1 discover_packages(ignore) discover
[0.095s] colcon.colcon_core.package_discovery Level 1 discover_packages(ignore) using defaults
[0.095s] colcon.colcon_core.package_discovery Level 1 discover_packages(path) discover
[0.095s] colcon.colcon_core.package_discovery Level 1 discover_packages(path) using defaults
[0.103s] colcon.colcon_core.package_selection INFO Skipping not selected package 'lslidar_msgs' in 'src/Lslidar_ROS2_driver/lslidar_msgs'
[0.103s] colcon.colcon_core.package_selection INFO Skipping not selected package 'n10p_bringup' in 'src/n10p_bringup'
[0.103s] colcon.colcon_core.package_selection INFO Skipping not selected package 'n10p_gazebo' in 'src/n10p_gazebo'
[0.103s] colcon.colcon_core.package_selection INFO Skipping not selected package 'n10p_nav' in 'src/n10p_nav'
[0.103s] colcon.colcon_core.package_selection INFO Skipping not selected package 'n10p_slam' in 'src/n10p_slam'
[0.104s] colcon.colcon_core.package_discovery Level 1 discover_packages(prefix_path) check parameters
[0.104s] colcon.colcon_core.package_discovery Level 1 discover_packages(prefix_path) discover
[0.104s] colcon.colcon_installed_package_information.package_discovery DEBUG Found 2 installed packages in /home/ubuntu22/ws_ros2/install
[0.105s] colcon.colcon_installed_package_information.package_discovery DEBUG Found 320 installed packages in /opt/ros/humble
[0.106s] colcon.colcon_core.package_discovery Level 1 discover_packages(prefix_path) using defaults
[0.126s] colcon.colcon_core.verb Level 5 set package 'lslidar_driver' build argument 'cmake_args' from command line to 'None'
[0.126s] colcon.colcon_core.verb Level 5 set package 'lslidar_driver' build argument 'cmake_target' from command line to 'None'
[0.126s] colcon.colcon_core.verb Level 5 set package 'lslidar_driver' build argument 'cmake_target_skip_unavailable' from command line to 'False'
[0.126s] colcon.colcon_core.verb Level 5 set package 'lslidar_driver' build argument 'cmake_clean_cache' from command line to 'False'
[0.126s] colcon.colcon_core.verb Level 5 set package 'lslidar_driver' build argument 'cmake_clean_first' from command line to 'False'
[0.126s] colcon.colcon_core.verb Level 5 set package 'lslidar_driver' build argument 'cmake_force_configure' from command line to 'False'
[0.126s] colcon.colcon_core.verb Level 5 set package 'lslidar_driver' build argument 'ament_cmake_args' from command line to 'None'
[0.126s] colcon.colcon_core.verb Level 5 set package 'lslidar_driver' build argument 'catkin_cmake_args' from command line to 'None'
[0.126s] colcon.colcon_core.verb Level 5 set package 'lslidar_driver' build argument 'catkin_skip_building_tests' from command line to 'False'
[0.126s] colcon.colcon_core.verb DEBUG Building package 'lslidar_driver' with the following arguments: {'ament_cmake_args': None, 'build_base': '/home/ubuntu22/ROS2/n10p_leishen/n10p_ws/build/lslidar_driver', 'catkin_cmake_args': None, 'catkin_skip_building_tests': False, 'cmake_args': None, 'cmake_clean_cache': False, 'cmake_clean_first': False, 'cmake_force_configure': False, 'cmake_target': None, 'cmake_target_skip_unavailable': False, 'install_base': '/home/ubuntu22/ROS2/n10p_leishen/n10p_ws/install/lslidar_driver', 'merge_install': False, 'path': '/home/ubuntu22/ROS2/n10p_leishen/n10p_ws/src/Lslidar_ROS2_driver/lslidar_driver', 'symlink_install': False, 'test_result_base': None}
[0.126s] colcon.colcon_core.executor INFO Executing jobs using 'parallel' executor
[0.127s] colcon.colcon_parallel_executor.executor.parallel DEBUG run_until_complete
[0.127s] colcon.colcon_ros.task.ament_cmake.build INFO Building ROS package in '/home/ubuntu22/ROS2/n10p_leishen/n10p_ws/src/Lslidar_ROS2_driver/lslidar_driver' with build type 'ament_cmake'
[0.127s] colcon.colcon_cmake.task.cmake.build INFO Building CMake package in '/home/ubuntu22/ROS2/n10p_leishen/n10p_ws/src/Lslidar_ROS2_driver/lslidar_driver'
[0.129s] colcon.colcon_core.plugin_system INFO Skipping extension 'colcon_core.shell.bat': Not used on non-Windows systems
[0.129s] colcon.colcon_core.shell INFO Skip shell extension 'powershell' for command environment: Not usable outside of PowerShell
[0.129s] colcon.colcon_core.shell DEBUG Skip shell extension 'dsv' for command environment
[0.149s] colcon.colcon_core.event_handler.log_command DEBUG Invoking command in '/home/ubuntu22/ROS2/n10p_leishen/n10p_ws/build/lslidar_driver': AMENT_PREFIX_PATH=/home/ubuntu22/ROS2/n10p_leishen/n10p_ws/install/lslidar_msgs:${AMENT_PREFIX_PATH} CMAKE_PREFIX_PATH=/home/ubuntu22/ROS2/n10p_leishen/n10p_ws/install/lslidar_msgs:/home/ubuntu22/ws_ros2/install/px4_ros_com:/home/ubuntu22/ws_ros2/install/px4_msgs:/opt/ros/humble LD_LIBRARY_PATH=/home/ubuntu22/ROS2/n10p_leishen/n10p_ws/install/lslidar_msgs/lib:${LD_LIBRARY_PATH} PYTHONPATH=/home/ubuntu22/ROS2/n10p_leishen/n10p_ws/install/lslidar_msgs/local/lib/python3.10/dist-packages:${PYTHONPATH} /usr/bin/cmake --build /home/ubuntu22/ROS2/n10p_leishen/n10p_ws/build/lslidar_driver -- -j32 -l32
[9.550s] colcon.colcon_core.event_handler.log_command DEBUG Invoked command in '/home/ubuntu22/ROS2/n10p_leishen/n10p_ws/build/lslidar_driver' returned '0': AMENT_PREFIX_PATH=/home/ubuntu22/ROS2/n10p_leishen/n10p_ws/install/lslidar_msgs:${AMENT_PREFIX_PATH} CMAKE_PREFIX_PATH=/home/ubuntu22/ROS2/n10p_leishen/n10p_ws/install/lslidar_msgs:/home/ubuntu22/ws_ros2/install/px4_ros_com:/home/ubuntu22/ws_ros2/install/px4_msgs:/opt/ros/humble LD_LIBRARY_PATH=/home/ubuntu22/ROS2/n10p_leishen/n10p_ws/install/lslidar_msgs/lib:${LD_LIBRARY_PATH} PYTHONPATH=/home/ubuntu22/ROS2/n10p_leishen/n10p_ws/install/lslidar_msgs/local/lib/python3.10/dist-packages:${PYTHONPATH} /usr/bin/cmake --build /home/ubuntu22/ROS2/n10p_leishen/n10p_ws/build/lslidar_driver -- -j32 -l32
[9.558s] colcon.colcon_core.event_handler.log_command DEBUG Invoking command in '/home/ubuntu22/ROS2/n10p_leishen/n10p_ws/build/lslidar_driver': AMENT_PREFIX_PATH=/home/ubuntu22/ROS2/n10p_leishen/n10p_ws/install/lslidar_msgs:${AMENT_PREFIX_PATH} CMAKE_PREFIX_PATH=/home/ubuntu22/ROS2/n10p_leishen/n10p_ws/install/lslidar_msgs:/home/ubuntu22/ws_ros2/install/px4_ros_com:/home/ubuntu22/ws_ros2/install/px4_msgs:/opt/ros/humble LD_LIBRARY_PATH=/home/ubuntu22/ROS2/n10p_leishen/n10p_ws/install/lslidar_msgs/lib:${LD_LIBRARY_PATH} PYTHONPATH=/home/ubuntu22/ROS2/n10p_leishen/n10p_ws/install/lslidar_msgs/local/lib/python3.10/dist-packages:${PYTHONPATH} /usr/bin/cmake --install /home/ubuntu22/ROS2/n10p_leishen/n10p_ws/build/lslidar_driver
[9.570s] colcon.colcon_core.environment Level 1 create_environment_scripts_only(lslidar_driver)
[9.570s] colcon.colcon_core.event_handler.log_command DEBUG Invoked command in '/home/ubuntu22/ROS2/n10p_leishen/n10p_ws/build/lslidar_driver' returned '0': AMENT_PREFIX_PATH=/home/ubuntu22/ROS2/n10p_leishen/n10p_ws/install/lslidar_msgs:${AMENT_PREFIX_PATH} CMAKE_PREFIX_PATH=/home/ubuntu22/ROS2/n10p_leishen/n10p_ws/install/lslidar_msgs:/home/ubuntu22/ws_ros2/install/px4_ros_com:/home/ubuntu22/ws_ros2/install/px4_msgs:/opt/ros/humble LD_LIBRARY_PATH=/home/ubuntu22/ROS2/n10p_leishen/n10p_ws/install/lslidar_msgs/lib:${LD_LIBRARY_PATH} PYTHONPATH=/home/ubuntu22/ROS2/n10p_leishen/n10p_ws/install/lslidar_msgs/local/lib/python3.10/dist-packages:${PYTHONPATH} /usr/bin/cmake --install /home/ubuntu22/ROS2/n10p_leishen/n10p_ws/build/lslidar_driver
[9.572s] colcon.colcon_core.environment Level 1 checking '/home/ubuntu22/ROS2/n10p_leishen/n10p_ws/install/lslidar_driver' for CMake module files
[9.572s] colcon.colcon_core.environment Level 1 checking '/home/ubuntu22/ROS2/n10p_leishen/n10p_ws/install/lslidar_driver' for CMake config files
[9.572s] colcon.colcon_core.shell Level 1 create_environment_hook('lslidar_driver', 'cmake_prefix_path')
[9.572s] colcon.colcon_core.shell INFO Creating environment hook '/home/ubuntu22/ROS2/n10p_leishen/n10p_ws/install/lslidar_driver/share/lslidar_driver/hook/cmake_prefix_path.ps1'
[9.573s] colcon.colcon_core.shell INFO Creating environment descriptor '/home/ubuntu22/ROS2/n10p_leishen/n10p_ws/install/lslidar_driver/share/lslidar_driver/hook/cmake_prefix_path.dsv'
[9.573s] colcon.colcon_core.shell INFO Creating environment hook '/home/ubuntu22/ROS2/n10p_leishen/n10p_ws/install/lslidar_driver/share/lslidar_driver/hook/cmake_prefix_path.sh'
[9.573s] colcon.colcon_core.environment Level 1 checking '/home/ubuntu22/ROS2/n10p_leishen/n10p_ws/install/lslidar_driver/lib'
[9.574s] colcon.colcon_core.environment Level 1 checking '/home/ubuntu22/ROS2/n10p_leishen/n10p_ws/install/lslidar_driver/bin'
[9.574s] colcon.colcon_core.environment Level 1 checking '/home/ubuntu22/ROS2/n10p_leishen/n10p_ws/install/lslidar_driver/lib/pkgconfig/lslidar_driver.pc'
[9.574s] colcon.colcon_core.environment Level 1 checking '/home/ubuntu22/ROS2/n10p_leishen/n10p_ws/install/lslidar_driver/lib/python3.10/site-packages'
[9.574s] colcon.colcon_core.environment Level 1 checking '/home/ubuntu22/ROS2/n10p_leishen/n10p_ws/install/lslidar_driver/bin'
[9.574s] colcon.colcon_core.shell INFO Creating package script '/home/ubuntu22/ROS2/n10p_leishen/n10p_ws/install/lslidar_driver/share/lslidar_driver/package.ps1'
[9.575s] colcon.colcon_core.shell INFO Creating package descriptor '/home/ubuntu22/ROS2/n10p_leishen/n10p_ws/install/lslidar_driver/share/lslidar_driver/package.dsv'
[9.575s] colcon.colcon_core.shell INFO Creating package script '/home/ubuntu22/ROS2/n10p_leishen/n10p_ws/install/lslidar_driver/share/lslidar_driver/package.sh'
[9.575s] colcon.colcon_core.shell INFO Creating package script '/home/ubuntu22/ROS2/n10p_leishen/n10p_ws/install/lslidar_driver/share/lslidar_driver/package.bash'
[9.576s] colcon.colcon_core.shell INFO Creating package script '/home/ubuntu22/ROS2/n10p_leishen/n10p_ws/install/lslidar_driver/share/lslidar_driver/package.zsh'
[9.576s] colcon.colcon_core.environment Level 1 create_file_with_runtime_dependencies(/home/ubuntu22/ROS2/n10p_leishen/n10p_ws/install/lslidar_driver/share/colcon-core/packages/lslidar_driver)
[9.576s] colcon.colcon_core.environment Level 1 create_environment_scripts_only(lslidar_driver)
[9.576s] colcon.colcon_core.environment Level 1 checking '/home/ubuntu22/ROS2/n10p_leishen/n10p_ws/install/lslidar_driver' for CMake module files
[9.577s] colcon.colcon_core.environment Level 1 checking '/home/ubuntu22/ROS2/n10p_leishen/n10p_ws/install/lslidar_driver' for CMake config files
[9.577s] colcon.colcon_core.shell Level 1 create_environment_hook('lslidar_driver', 'cmake_prefix_path')
[9.577s] colcon.colcon_core.shell INFO Creating environment hook '/home/ubuntu22/ROS2/n10p_leishen/n10p_ws/install/lslidar_driver/share/lslidar_driver/hook/cmake_prefix_path.ps1'
[9.577s] colcon.colcon_core.shell INFO Creating environment descriptor '/home/ubuntu22/ROS2/n10p_leishen/n10p_ws/install/lslidar_driver/share/lslidar_driver/hook/cmake_prefix_path.dsv'
[9.578s] colcon.colcon_core.shell INFO Creating environment hook '/home/ubuntu22/ROS2/n10p_leishen/n10p_ws/install/lslidar_driver/share/lslidar_driver/hook/cmake_prefix_path.sh'
[9.578s] colcon.colcon_core.environment Level 1 checking '/home/ubuntu22/ROS2/n10p_leishen/n10p_ws/install/lslidar_driver/lib'
[9.578s] colcon.colcon_core.environment Level 1 checking '/home/ubuntu22/ROS2/n10p_leishen/n10p_ws/install/lslidar_driver/bin'
[9.578s] colcon.colcon_core.environment Level 1 checking '/home/ubuntu22/ROS2/n10p_leishen/n10p_ws/install/lslidar_driver/lib/pkgconfig/lslidar_driver.pc'
[9.578s] colcon.colcon_core.environment Level 1 checking '/home/ubuntu22/ROS2/n10p_leishen/n10p_ws/install/lslidar_driver/lib/python3.10/site-packages'
[9.578s] colcon.colcon_core.environment Level 1 checking '/home/ubuntu22/ROS2/n10p_leishen/n10p_ws/install/lslidar_driver/bin'
[9.578s] colcon.colcon_core.shell INFO Creating package script '/home/ubuntu22/ROS2/n10p_leishen/n10p_ws/install/lslidar_driver/share/lslidar_driver/package.ps1'
[9.579s] colcon.colcon_core.shell INFO Creating package descriptor '/home/ubuntu22/ROS2/n10p_leishen/n10p_ws/install/lslidar_driver/share/lslidar_driver/package.dsv'
[9.579s] colcon.colcon_core.shell INFO Creating package script '/home/ubuntu22/ROS2/n10p_leishen/n10p_ws/install/lslidar_driver/share/lslidar_driver/package.sh'
[9.579s] colcon.colcon_core.shell INFO Creating package script '/home/ubuntu22/ROS2/n10p_leishen/n10p_ws/install/lslidar_driver/share/lslidar_driver/package.bash'
[9.579s] colcon.colcon_core.shell INFO Creating package script '/home/ubuntu22/ROS2/n10p_leishen/n10p_ws/install/lslidar_driver/share/lslidar_driver/package.zsh'
[9.579s] colcon.colcon_core.environment Level 1 create_file_with_runtime_dependencies(/home/ubuntu22/ROS2/n10p_leishen/n10p_ws/install/lslidar_driver/share/colcon-core/packages/lslidar_driver)
[9.580s] colcon.colcon_parallel_executor.executor.parallel DEBUG closing loop
[9.580s] colcon.colcon_parallel_executor.executor.parallel DEBUG loop closed
[9.580s] colcon.colcon_parallel_executor.executor.parallel DEBUG run_until_complete finished with '0'
[9.580s] colcon.colcon_core.event_reactor DEBUG joining thread
[9.588s] colcon.colcon_core.plugin_system INFO Skipping extension 'colcon_notification.desktop_notification.terminal_notifier': Not used on non-Darwin systems
[9.588s] colcon.colcon_core.plugin_system INFO Skipping extension 'colcon_notification.desktop_notification.win32': Not used on non-Windows systems
[9.588s] colcon.colcon_notification.desktop_notification INFO Sending desktop notification using 'notify2'
[9.594s] colcon.colcon_core.event_reactor DEBUG joined thread
[9.595s] colcon.colcon_core.shell INFO Creating prefix script '/home/ubuntu22/ROS2/n10p_leishen/n10p_ws/install/local_setup.ps1'
[9.595s] colcon.colcon_core.shell INFO Creating prefix util module '/home/ubuntu22/ROS2/n10p_leishen/n10p_ws/install/_local_setup_util_ps1.py'
[9.596s] colcon.colcon_core.shell INFO Creating prefix chain script '/home/ubuntu22/ROS2/n10p_leishen/n10p_ws/install/setup.ps1'
[9.596s] colcon.colcon_core.shell INFO Creating prefix script '/home/ubuntu22/ROS2/n10p_leishen/n10p_ws/install/local_setup.sh'
[9.597s] colcon.colcon_core.shell INFO Creating prefix util module '/home/ubuntu22/ROS2/n10p_leishen/n10p_ws/install/_local_setup_util_sh.py'
[9.597s] colcon.colcon_core.shell INFO Creating prefix chain script '/home/ubuntu22/ROS2/n10p_leishen/n10p_ws/install/setup.sh'
[9.597s] colcon.colcon_core.shell INFO Creating prefix script '/home/ubuntu22/ROS2/n10p_leishen/n10p_ws/install/local_setup.bash'
[9.598s] colcon.colcon_core.shell INFO Creating prefix chain script '/home/ubuntu22/ROS2/n10p_leishen/n10p_ws/install/setup.bash'
[9.598s] colcon.colcon_core.shell INFO Creating prefix script '/home/ubuntu22/ROS2/n10p_leishen/n10p_ws/install/local_setup.zsh'
[9.598s] colcon.colcon_core.shell INFO Creating prefix chain script '/home/ubuntu22/ROS2/n10p_leishen/n10p_ws/install/setup.zsh'
