[0.429s] Invoking command in '/home/ubuntu22/ROS2/n10p_leishen/n10p_ws/src/n10p_slam': AMENT_PREFIX_PATH=/home/ubuntu22/ROS2/n10p_leishen/install/n10p_bringup:${AMENT_PREFIX_PATH} PYTHONPATH=/home/ubuntu22/ROS2/n10p_leishen/build/n10p_slam/prefix_override:/usr/lib/python3/dist-packages/colcon_core/task/python/colcon_distutils_commands:/home/ubuntu22/ROS2/n10p_leishen/install/n10p_slam/lib/python3.10/site-packages:/home/ubuntu22/ROS2/n10p_leishen/install/n10p_bringup/lib/python3.10/site-packages:${PYTHONPATH} /usr/bin/python3 -W ignore:setup.py install is deprecated -W ignore:easy_install command is deprecated setup.py egg_info --egg-base ../../../build/n10p_slam build --build-base /home/ubuntu22/ROS2/n10p_leishen/build/n10p_slam/build install --record /home/ubuntu22/ROS2/n10p_leishen/build/n10p_slam/install.log --single-version-externally-managed install_data
[0.569s] running egg_info
[0.577s] creating ../../../build/n10p_slam/n10p_slam.egg-info
[0.577s] writing ../../../build/n10p_slam/n10p_slam.egg-info/PKG-INFO
[0.577s] writing dependency_links to ../../../build/n10p_slam/n10p_slam.egg-info/dependency_links.txt
[0.578s] writing requirements to ../../../build/n10p_slam/n10p_slam.egg-info/requires.txt
[0.578s] writing top-level names to ../../../build/n10p_slam/n10p_slam.egg-info/top_level.txt
[0.578s] writing manifest file '../../../build/n10p_slam/n10p_slam.egg-info/SOURCES.txt'
[0.589s] reading manifest file '../../../build/n10p_slam/n10p_slam.egg-info/SOURCES.txt'
[0.589s] writing manifest file '../../../build/n10p_slam/n10p_slam.egg-info/SOURCES.txt'
[0.589s] running build
[0.589s] running install
[0.593s] running install_data
[0.593s] creating /home/ubuntu22/ROS2/n10p_leishen/install/n10p_slam/share/ament_index/resource_index/packages
[0.593s] copying resource/n10p_slam -> /home/ubuntu22/ROS2/n10p_leishen/install/n10p_slam/share/ament_index/resource_index/packages
[0.593s] copying package.xml -> /home/ubuntu22/ROS2/n10p_leishen/install/n10p_slam/share/n10p_slam
[0.593s] creating /home/ubuntu22/ROS2/n10p_leishen/install/n10p_slam/share/n10p_slam/launch
[0.593s] copying launch/slam_launch.py -> /home/ubuntu22/ROS2/n10p_leishen/install/n10p_slam/share/n10p_slam/launch
[0.593s] creating /home/ubuntu22/ROS2/n10p_leishen/install/n10p_slam/share/n10p_slam/config
[0.593s] copying config/mapper_params_online_async.yaml -> /home/ubuntu22/ROS2/n10p_leishen/install/n10p_slam/share/n10p_slam/config
[0.593s] running install_egg_info
[0.611s] Copying ../../../build/n10p_slam/n10p_slam.egg-info to /home/ubuntu22/ROS2/n10p_leishen/install/n10p_slam/lib/python3.10/site-packages/n10p_slam-0.1.0-py3.10.egg-info
[0.612s] running install_scripts
[0.629s] writing list of installed files to '/home/ubuntu22/ROS2/n10p_leishen/build/n10p_slam/install.log'
[0.641s] Invoked command in '/home/ubuntu22/ROS2/n10p_leishen/n10p_ws/src/n10p_slam' returned '0': AMENT_PREFIX_PATH=/home/ubuntu22/ROS2/n10p_leishen/install/n10p_bringup:${AMENT_PREFIX_PATH} PYTHONPATH=/home/ubuntu22/ROS2/n10p_leishen/build/n10p_slam/prefix_override:/usr/lib/python3/dist-packages/colcon_core/task/python/colcon_distutils_commands:/home/ubuntu22/ROS2/n10p_leishen/install/n10p_slam/lib/python3.10/site-packages:/home/ubuntu22/ROS2/n10p_leishen/install/n10p_bringup/lib/python3.10/site-packages:${PYTHONPATH} /usr/bin/python3 -W ignore:setup.py install is deprecated -W ignore:easy_install command is deprecated setup.py egg_info --egg-base ../../../build/n10p_slam build --build-base /home/ubuntu22/ROS2/n10p_leishen/build/n10p_slam/build install --record /home/ubuntu22/ROS2/n10p_leishen/build/n10p_slam/install.log --single-version-externally-managed install_data
