running egg_info
writing ../../build/n10p_slam/n10p_slam.egg-info/PKG-INFO
writing dependency_links to ../../build/n10p_slam/n10p_slam.egg-info/dependency_links.txt
writing requirements to ../../build/n10p_slam/n10p_slam.egg-info/requires.txt
writing top-level names to ../../build/n10p_slam/n10p_slam.egg-info/top_level.txt
reading manifest file '../../build/n10p_slam/n10p_slam.egg-info/SOURCES.txt'
writing manifest file '../../build/n10p_slam/n10p_slam.egg-info/SOURCES.txt'
running build
running install
running install_data
copying resource/n10p_slam -> /home/ubuntu22/ROS2/n10p_leishen/n10p_ws/install/n10p_slam/share/ament_index/resource_index/packages
copying package.xml -> /home/ubuntu22/ROS2/n10p_leishen/n10p_ws/install/n10p_slam/share/n10p_slam
copying launch/slam_launch.py -> /home/ubuntu22/ROS2/n10p_leishen/n10p_ws/install/n10p_slam/share/n10p_slam/launch
copying config/mapper_params_online_async.yaml -> /home/ubuntu22/ROS2/n10p_leishen/n10p_ws/install/n10p_slam/share/n10p_slam/config
copying config/n10p_slam.rviz -> /home/ubuntu22/ROS2/n10p_leishen/n10p_ws/install/n10p_slam/share/n10p_slam/config
running install_egg_info
removing '/home/ubuntu22/ROS2/n10p_leishen/n10p_ws/install/n10p_slam/lib/python3.10/site-packages/n10p_slam-0.1.0-py3.10.egg-info' (and everything under it)
Copying ../../build/n10p_slam/n10p_slam.egg-info to /home/ubuntu22/ROS2/n10p_leishen/n10p_ws/install/n10p_slam/lib/python3.10/site-packages/n10p_slam-0.1.0-py3.10.egg-info
running install_scripts
writing list of installed files to '/home/ubuntu22/ROS2/n10p_leishen/n10p_ws/build/n10p_slam/install.log'
