[0.521s] Invoking command in '/home/ubuntu22/ROS2/n10p_leishen/n10p_ws/src/n10p_bringup': PYTHONPATH=/home/ubuntu22/ROS2/n10p_leishen/n10p_ws/build/n10p_bringup/prefix_override:/usr/lib/python3/dist-packages/colcon_core/task/python/colcon_distutils_commands:/home/ubuntu22/ROS2/n10p_leishen/n10p_ws/install/n10p_bringup/lib/python3.10/site-packages:${PYTHONPATH} /usr/bin/python3 -W ignore:setup.py install is deprecated -W ignore:easy_install command is deprecated setup.py egg_info --egg-base ../../build/n10p_bringup build --build-base /home/ubuntu22/ROS2/n10p_leishen/n10p_ws/build/n10p_bringup/build install --record /home/ubuntu22/ROS2/n10p_leishen/n10p_ws/build/n10p_bringup/install.log --single-version-externally-managed install_data
[0.662s] running egg_info
[0.670s] writing ../../build/n10p_bringup/n10p_bringup.egg-info/PKG-INFO
[0.670s] writing dependency_links to ../../build/n10p_bringup/n10p_bringup.egg-info/dependency_links.txt
[0.671s] writing entry points to ../../build/n10p_bringup/n10p_bringup.egg-info/entry_points.txt
[0.671s] writing requirements to ../../build/n10p_bringup/n10p_bringup.egg-info/requires.txt
[0.671s] writing top-level names to ../../build/n10p_bringup/n10p_bringup.egg-info/top_level.txt
[0.689s] reading manifest file '../../build/n10p_bringup/n10p_bringup.egg-info/SOURCES.txt'
[0.690s] writing manifest file '../../build/n10p_bringup/n10p_bringup.egg-info/SOURCES.txt'
[0.690s] running build
[0.690s] running build_py
[0.690s] copying n10p_bringup/dummy_odom_node.py -> /home/ubuntu22/ROS2/n10p_leishen/n10p_ws/build/n10p_bringup/build/lib/n10p_bringup
[0.690s] copying n10p_bringup/ano_bridge_node.py -> /home/ubuntu22/ROS2/n10p_leishen/n10p_ws/build/n10p_bringup/build/lib/n10p_bringup
[0.690s] copying n10p_bringup/__init__.py -> /home/ubuntu22/ROS2/n10p_leishen/n10p_ws/build/n10p_bringup/build/lib/n10p_bringup
[0.690s] copying n10p_bringup/keyboard_odom_node.py -> /home/ubuntu22/ROS2/n10p_leishen/n10p_ws/build/n10p_bringup/build/lib/n10p_bringup
[0.690s] running install
[0.693s] running install_lib
[0.701s] copying /home/ubuntu22/ROS2/n10p_leishen/n10p_ws/build/n10p_bringup/build/lib/n10p_bringup/keyboard_odom_node.py -> /home/ubuntu22/ROS2/n10p_leishen/n10p_ws/install/n10p_bringup/lib/python3.10/site-packages/n10p_bringup
[0.701s] byte-compiling /home/ubuntu22/ROS2/n10p_leishen/n10p_ws/install/n10p_bringup/lib/python3.10/site-packages/n10p_bringup/keyboard_odom_node.py to keyboard_odom_node.cpython-310.pyc
[0.702s] running install_data
[0.702s] copying resource/n10p_bringup -> /home/ubuntu22/ROS2/n10p_leishen/n10p_ws/install/n10p_bringup/share/ament_index/resource_index/packages
[0.702s] copying package.xml -> /home/ubuntu22/ROS2/n10p_leishen/n10p_ws/install/n10p_bringup/share/n10p_bringup
[0.703s] copying launch/n10p_bringup_launch.py -> /home/ubuntu22/ROS2/n10p_leishen/n10p_ws/install/n10p_bringup/share/n10p_bringup/launch
[0.703s] copying params/ano_bridge.yaml -> /home/ubuntu22/ROS2/n10p_leishen/n10p_ws/install/n10p_bringup/share/n10p_bringup/params
[0.703s] running install_egg_info
[0.712s] removing '/home/ubuntu22/ROS2/n10p_leishen/n10p_ws/install/n10p_bringup/lib/python3.10/site-packages/n10p_bringup-0.1.0-py3.10.egg-info' (and everything under it)
[0.712s] Copying ../../build/n10p_bringup/n10p_bringup.egg-info to /home/ubuntu22/ROS2/n10p_leishen/n10p_ws/install/n10p_bringup/lib/python3.10/site-packages/n10p_bringup-0.1.0-py3.10.egg-info
[0.713s] running install_scripts
[0.731s] Installing ano_bridge_node script to /home/ubuntu22/ROS2/n10p_leishen/n10p_ws/install/n10p_bringup/lib/n10p_bringup
[0.731s] Installing dummy_odom_node script to /home/ubuntu22/ROS2/n10p_leishen/n10p_ws/install/n10p_bringup/lib/n10p_bringup
[0.731s] Installing keyboard_odom_node script to /home/ubuntu22/ROS2/n10p_leishen/n10p_ws/install/n10p_bringup/lib/n10p_bringup
[0.731s] writing list of installed files to '/home/ubuntu22/ROS2/n10p_leishen/n10p_ws/build/n10p_bringup/install.log'
[0.743s] Invoked command in '/home/ubuntu22/ROS2/n10p_leishen/n10p_ws/src/n10p_bringup' returned '0': PYTHONPATH=/home/ubuntu22/ROS2/n10p_leishen/n10p_ws/build/n10p_bringup/prefix_override:/usr/lib/python3/dist-packages/colcon_core/task/python/colcon_distutils_commands:/home/ubuntu22/ROS2/n10p_leishen/n10p_ws/install/n10p_bringup/lib/python3.10/site-packages:${PYTHONPATH} /usr/bin/python3 -W ignore:setup.py install is deprecated -W ignore:easy_install command is deprecated setup.py egg_info --egg-base ../../build/n10p_bringup build --build-base /home/ubuntu22/ROS2/n10p_leishen/n10p_ws/build/n10p_bringup/build install --record /home/ubuntu22/ROS2/n10p_leishen/n10p_ws/build/n10p_bringup/install.log --single-version-externally-managed install_data
