[0.079s] colcon DEBUG Command line arguments: ['/usr/bin/colcon', 'build', '--symlink-install']
[0.079s] colcon DEBUG Parsed command line arguments: Namespace(log_base=None, log_level=None, verb_name='build', build_base='build', install_base='install', merge_install=False, symlink_install=True, test_result_base=None, continue_on_error=False, executor='parallel', parallel_workers=32, event_handlers=None, ignore_user_meta=False, metas=['./colcon.meta'], base_paths=['.'], packages_ignore=None, packages_ignore_regex=None, paths=None, packages_up_to=None, packages_up_to_regex=None, packages_above=None, packages_above_and_dependencies=None, packages_above_depth=None, packages_select_by_dep=None, packages_skip_by_dep=None, packages_skip_up_to=None, packages_select_build_failed=False, packages_skip_build_finished=False, packages_select_test_failures=False, packages_skip_test_passed=False, packages_select=None, packages_skip=None, packages_select_regex=None, packages_skip_regex=None, packages_start=None, packages_end=None, allow_overriding=[], cmake_args=None, cmake_target=None, cmake_target_skip_unavailable=False, cmake_clean_cache=False, cmake_clean_first=False, cmake_force_configure=False, ament_cmake_args=None, catkin_cmake_args=None, catkin_skip_building_tests=False, verb_parser=<colcon_defaults.argument_parser.defaults.DefaultArgumentsDecorator object at 0x7643ecf4d0f0>, verb_extension=<colcon_core.verb.build.BuildVerb object at 0x7643ecf4cdc0>, main=<bound method BuildVerb.main of <colcon_core.verb.build.BuildVerb object at 0x7643ecf4cdc0>>)
[0.104s] colcon.colcon_core.package_discovery Level 1 discover_packages(colcon_meta) check parameters
[0.104s] colcon.colcon_core.package_discovery Level 1 discover_packages(recursive) check parameters
[0.104s] colcon.colcon_core.package_discovery Level 1 discover_packages(ignore) check parameters
[0.104s] colcon.colcon_core.package_discovery Level 1 discover_packages(path) check parameters
[0.104s] colcon.colcon_core.package_discovery Level 1 discover_packages(colcon_meta) discover
[0.104s] colcon.colcon_core.package_discovery Level 1 discover_packages(recursive) discover
[0.104s] colcon.colcon_core.package_discovery INFO Crawling recursively for packages in '/home/ubuntu22/ROS2/n10p_leishen/n10p_ws'
[0.104s] colcon.colcon_core.package_identification Level 1 _identify(.) by extensions ['ignore', 'ignore_ament_install']
[0.104s] colcon.colcon_core.package_identification Level 1 _identify(.) by extension 'ignore'
[0.104s] colcon.colcon_core.package_identification Level 1 _identify(.) by extension 'ignore_ament_install'
[0.104s] colcon.colcon_core.package_identification Level 1 _identify(.) by extensions ['colcon_pkg']
[0.104s] colcon.colcon_core.package_identification Level 1 _identify(.) by extension 'colcon_pkg'
[0.104s] colcon.colcon_core.package_identification Level 1 _identify(.) by extensions ['colcon_meta']
[0.104s] colcon.colcon_core.package_identification Level 1 _identify(.) by extension 'colcon_meta'
[0.104s] colcon.colcon_core.package_identification Level 1 _identify(.) by extensions ['ros']
[0.104s] colcon.colcon_core.package_identification Level 1 _identify(.) by extension 'ros'
[0.112s] colcon.colcon_core.package_identification Level 1 _identify(.) by extensions ['cmake', 'python']
[0.112s] colcon.colcon_core.package_identification Level 1 _identify(.) by extension 'cmake'
[0.113s] colcon.colcon_core.package_identification Level 1 _identify(.) by extension 'python'
[0.113s] colcon.colcon_core.package_identification Level 1 _identify(.) by extensions ['python_setup_py']
[0.113s] colcon.colcon_core.package_identification Level 1 _identify(.) by extension 'python_setup_py'
[0.113s] colcon.colcon_core.package_identification Level 1 _identify(build) by extensions ['ignore', 'ignore_ament_install']
[0.113s] colcon.colcon_core.package_identification Level 1 _identify(build) by extension 'ignore'
[0.113s] colcon.colcon_core.package_identification Level 1 _identify(build) ignored
[0.113s] colcon.colcon_core.package_identification Level 1 _identify(install) by extensions ['ignore', 'ignore_ament_install']
[0.113s] colcon.colcon_core.package_identification Level 1 _identify(install) by extension 'ignore'
[0.113s] colcon.colcon_core.package_identification Level 1 _identify(install) ignored
[0.113s] colcon.colcon_core.package_identification Level 1 _identify(log) by extensions ['ignore', 'ignore_ament_install']
[0.113s] colcon.colcon_core.package_identification Level 1 _identify(log) by extension 'ignore'
[0.113s] colcon.colcon_core.package_identification Level 1 _identify(log) ignored
[0.113s] colcon.colcon_core.package_identification Level 1 _identify(src) by extensions ['ignore', 'ignore_ament_install']
[0.113s] colcon.colcon_core.package_identification Level 1 _identify(src) by extension 'ignore'
[0.113s] colcon.colcon_core.package_identification Level 1 _identify(src) by extension 'ignore_ament_install'
[0.113s] colcon.colcon_core.package_identification Level 1 _identify(src) by extensions ['colcon_pkg']
[0.113s] colcon.colcon_core.package_identification Level 1 _identify(src) by extension 'colcon_pkg'
[0.113s] colcon.colcon_core.package_identification Level 1 _identify(src) by extensions ['colcon_meta']
[0.113s] colcon.colcon_core.package_identification Level 1 _identify(src) by extension 'colcon_meta'
[0.113s] colcon.colcon_core.package_identification Level 1 _identify(src) by extensions ['ros']
[0.113s] colcon.colcon_core.package_identification Level 1 _identify(src) by extension 'ros'
[0.113s] colcon.colcon_core.package_identification Level 1 _identify(src) by extensions ['cmake', 'python']
[0.113s] colcon.colcon_core.package_identification Level 1 _identify(src) by extension 'cmake'
[0.113s] colcon.colcon_core.package_identification Level 1 _identify(src) by extension 'python'
[0.113s] colcon.colcon_core.package_identification Level 1 _identify(src) by extensions ['python_setup_py']
[0.113s] colcon.colcon_core.package_identification Level 1 _identify(src) by extension 'python_setup_py'
[0.113s] colcon.colcon_core.package_identification Level 1 _identify(src/Lslidar_ROS2_driver) by extensions ['ignore', 'ignore_ament_install']
[0.113s] colcon.colcon_core.package_identification Level 1 _identify(src/Lslidar_ROS2_driver) by extension 'ignore'
[0.113s] colcon.colcon_core.package_identification Level 1 _identify(src/Lslidar_ROS2_driver) by extension 'ignore_ament_install'
[0.113s] colcon.colcon_core.package_identification Level 1 _identify(src/Lslidar_ROS2_driver) by extensions ['colcon_pkg']
[0.113s] colcon.colcon_core.package_identification Level 1 _identify(src/Lslidar_ROS2_driver) by extension 'colcon_pkg'
[0.113s] colcon.colcon_core.package_identification Level 1 _identify(src/Lslidar_ROS2_driver) by extensions ['colcon_meta']
[0.114s] colcon.colcon_core.package_identification Level 1 _identify(src/Lslidar_ROS2_driver) by extension 'colcon_meta'
[0.114s] colcon.colcon_core.package_identification Level 1 _identify(src/Lslidar_ROS2_driver) by extensions ['ros']
[0.114s] colcon.colcon_core.package_identification Level 1 _identify(src/Lslidar_ROS2_driver) by extension 'ros'
[0.114s] colcon.colcon_core.package_identification Level 1 _identify(src/Lslidar_ROS2_driver) by extensions ['cmake', 'python']
[0.114s] colcon.colcon_core.package_identification Level 1 _identify(src/Lslidar_ROS2_driver) by extension 'cmake'
[0.114s] colcon.colcon_core.package_identification Level 1 _identify(src/Lslidar_ROS2_driver) by extension 'python'
[0.114s] colcon.colcon_core.package_identification Level 1 _identify(src/Lslidar_ROS2_driver) by extensions ['python_setup_py']
[0.114s] colcon.colcon_core.package_identification Level 1 _identify(src/Lslidar_ROS2_driver) by extension 'python_setup_py'
[0.114s] colcon.colcon_core.package_identification Level 1 _identify(src/Lslidar_ROS2_driver/lslidar_driver) by extensions ['ignore', 'ignore_ament_install']
[0.114s] colcon.colcon_core.package_identification Level 1 _identify(src/Lslidar_ROS2_driver/lslidar_driver) by extension 'ignore'
[0.114s] colcon.colcon_core.package_identification Level 1 _identify(src/Lslidar_ROS2_driver/lslidar_driver) by extension 'ignore_ament_install'
[0.114s] colcon.colcon_core.package_identification Level 1 _identify(src/Lslidar_ROS2_driver/lslidar_driver) by extensions ['colcon_pkg']
[0.114s] colcon.colcon_core.package_identification Level 1 _identify(src/Lslidar_ROS2_driver/lslidar_driver) by extension 'colcon_pkg'
[0.114s] colcon.colcon_core.package_identification Level 1 _identify(src/Lslidar_ROS2_driver/lslidar_driver) by extensions ['colcon_meta']
[0.114s] colcon.colcon_core.package_identification Level 1 _identify(src/Lslidar_ROS2_driver/lslidar_driver) by extension 'colcon_meta'
[0.114s] colcon.colcon_core.package_identification Level 1 _identify(src/Lslidar_ROS2_driver/lslidar_driver) by extensions ['ros']
[0.114s] colcon.colcon_core.package_identification Level 1 _identify(src/Lslidar_ROS2_driver/lslidar_driver) by extension 'ros'
[0.115s] colcon.colcon_core.package_identification DEBUG Package 'src/Lslidar_ROS2_driver/lslidar_driver' with type 'ros.ament_cmake' and name 'lslidar_driver'
[0.115s] colcon.colcon_core.package_identification Level 1 _identify(src/Lslidar_ROS2_driver/lslidar_msgs) by extensions ['ignore', 'ignore_ament_install']
[0.115s] colcon.colcon_core.package_identification Level 1 _identify(src/Lslidar_ROS2_driver/lslidar_msgs) by extension 'ignore'
[0.116s] colcon.colcon_core.package_identification Level 1 _identify(src/Lslidar_ROS2_driver/lslidar_msgs) by extension 'ignore_ament_install'
[0.116s] colcon.colcon_core.package_identification Level 1 _identify(src/Lslidar_ROS2_driver/lslidar_msgs) by extensions ['colcon_pkg']
[0.116s] colcon.colcon_core.package_identification Level 1 _identify(src/Lslidar_ROS2_driver/lslidar_msgs) by extension 'colcon_pkg'
[0.116s] colcon.colcon_core.package_identification Level 1 _identify(src/Lslidar_ROS2_driver/lslidar_msgs) by extensions ['colcon_meta']
[0.116s] colcon.colcon_core.package_identification Level 1 _identify(src/Lslidar_ROS2_driver/lslidar_msgs) by extension 'colcon_meta'
[0.116s] colcon.colcon_core.package_identification Level 1 _identify(src/Lslidar_ROS2_driver/lslidar_msgs) by extensions ['ros']
[0.116s] colcon.colcon_core.package_identification Level 1 _identify(src/Lslidar_ROS2_driver/lslidar_msgs) by extension 'ros'
[0.116s] colcon.colcon_core.package_identification DEBUG Package 'src/Lslidar_ROS2_driver/lslidar_msgs' with type 'ros.ament_cmake' and name 'lslidar_msgs'
[0.116s] colcon.colcon_core.package_discovery Level 1 discover_packages(recursive) using defaults
[0.116s] colcon.colcon_core.package_discovery Level 1 discover_packages(ignore) discover
[0.116s] colcon.colcon_core.package_discovery Level 1 discover_packages(ignore) using defaults
[0.116s] colcon.colcon_core.package_discovery Level 1 discover_packages(path) discover
[0.116s] colcon.colcon_core.package_discovery Level 1 discover_packages(path) using defaults
[0.127s] colcon.colcon_core.package_discovery Level 1 discover_packages(prefix_path) check parameters
[0.127s] colcon.colcon_core.package_discovery Level 1 discover_packages(prefix_path) discover
[0.128s] colcon.colcon_installed_package_information.package_discovery DEBUG Found 2 installed packages in /home/ubuntu22/ws_ros2/install
[0.129s] colcon.colcon_installed_package_information.package_discovery DEBUG Found 320 installed packages in /opt/ros/humble
[0.130s] colcon.colcon_core.package_discovery Level 1 discover_packages(prefix_path) using defaults
[0.152s] colcon.colcon_core.verb Level 5 set package 'lslidar_msgs' build argument 'cmake_args' from command line to 'None'
[0.152s] colcon.colcon_core.verb Level 5 set package 'lslidar_msgs' build argument 'cmake_target' from command line to 'None'
[0.152s] colcon.colcon_core.verb Level 5 set package 'lslidar_msgs' build argument 'cmake_target_skip_unavailable' from command line to 'False'
[0.152s] colcon.colcon_core.verb Level 5 set package 'lslidar_msgs' build argument 'cmake_clean_cache' from command line to 'False'
[0.152s] colcon.colcon_core.verb Level 5 set package 'lslidar_msgs' build argument 'cmake_clean_first' from command line to 'False'
[0.152s] colcon.colcon_core.verb Level 5 set package 'lslidar_msgs' build argument 'cmake_force_configure' from command line to 'False'
[0.152s] colcon.colcon_core.verb Level 5 set package 'lslidar_msgs' build argument 'ament_cmake_args' from command line to 'None'
[0.152s] colcon.colcon_core.verb Level 5 set package 'lslidar_msgs' build argument 'catkin_cmake_args' from command line to 'None'
[0.152s] colcon.colcon_core.verb Level 5 set package 'lslidar_msgs' build argument 'catkin_skip_building_tests' from command line to 'False'
[0.152s] colcon.colcon_core.verb DEBUG Building package 'lslidar_msgs' with the following arguments: {'ament_cmake_args': None, 'build_base': '/home/ubuntu22/ROS2/n10p_leishen/n10p_ws/build/lslidar_msgs', 'catkin_cmake_args': None, 'catkin_skip_building_tests': False, 'cmake_args': None, 'cmake_clean_cache': False, 'cmake_clean_first': False, 'cmake_force_configure': False, 'cmake_target': None, 'cmake_target_skip_unavailable': False, 'install_base': '/home/ubuntu22/ROS2/n10p_leishen/n10p_ws/install/lslidar_msgs', 'merge_install': False, 'path': '/home/ubuntu22/ROS2/n10p_leishen/n10p_ws/src/Lslidar_ROS2_driver/lslidar_msgs', 'symlink_install': True, 'test_result_base': None}
[0.153s] colcon.colcon_core.verb Level 5 set package 'lslidar_driver' build argument 'cmake_args' from command line to 'None'
[0.153s] colcon.colcon_core.verb Level 5 set package 'lslidar_driver' build argument 'cmake_target' from command line to 'None'
[0.153s] colcon.colcon_core.verb Level 5 set package 'lslidar_driver' build argument 'cmake_target_skip_unavailable' from command line to 'False'
[0.153s] colcon.colcon_core.verb Level 5 set package 'lslidar_driver' build argument 'cmake_clean_cache' from command line to 'False'
[0.153s] colcon.colcon_core.verb Level 5 set package 'lslidar_driver' build argument 'cmake_clean_first' from command line to 'False'
[0.153s] colcon.colcon_core.verb Level 5 set package 'lslidar_driver' build argument 'cmake_force_configure' from command line to 'False'
[0.153s] colcon.colcon_core.verb Level 5 set package 'lslidar_driver' build argument 'ament_cmake_args' from command line to 'None'
[0.153s] colcon.colcon_core.verb Level 5 set package 'lslidar_driver' build argument 'catkin_cmake_args' from command line to 'None'
[0.153s] colcon.colcon_core.verb Level 5 set package 'lslidar_driver' build argument 'catkin_skip_building_tests' from command line to 'False'
[0.153s] colcon.colcon_core.verb DEBUG Building package 'lslidar_driver' with the following arguments: {'ament_cmake_args': None, 'build_base': '/home/ubuntu22/ROS2/n10p_leishen/n10p_ws/build/lslidar_driver', 'catkin_cmake_args': None, 'catkin_skip_building_tests': False, 'cmake_args': None, 'cmake_clean_cache': False, 'cmake_clean_first': False, 'cmake_force_configure': False, 'cmake_target': None, 'cmake_target_skip_unavailable': False, 'install_base': '/home/ubuntu22/ROS2/n10p_leishen/n10p_ws/install/lslidar_driver', 'merge_install': False, 'path': '/home/ubuntu22/ROS2/n10p_leishen/n10p_ws/src/Lslidar_ROS2_driver/lslidar_driver', 'symlink_install': True, 'test_result_base': None}
[0.153s] colcon.colcon_core.executor INFO Executing jobs using 'parallel' executor
[0.154s] colcon.colcon_parallel_executor.executor.parallel DEBUG run_until_complete
[0.154s] colcon.colcon_ros.task.ament_cmake.build INFO Building ROS package in '/home/ubuntu22/ROS2/n10p_leishen/n10p_ws/src/Lslidar_ROS2_driver/lslidar_msgs' with build type 'ament_cmake'
[0.154s] colcon.colcon_cmake.task.cmake.build INFO Building CMake package in '/home/ubuntu22/ROS2/n10p_leishen/n10p_ws/src/Lslidar_ROS2_driver/lslidar_msgs'
[0.156s] colcon.colcon_core.plugin_system INFO Skipping extension 'colcon_core.shell.bat': Not used on non-Windows systems
[0.156s] colcon.colcon_core.shell INFO Skip shell extension 'powershell' for command environment: Not usable outside of PowerShell
[0.156s] colcon.colcon_core.shell DEBUG Skip shell extension 'dsv' for command environment
[0.162s] colcon.colcon_core.event_handler.log_command DEBUG Invoking command in '/home/ubuntu22/ROS2/n10p_leishen/n10p_ws/build/lslidar_msgs': CMAKE_PREFIX_PATH=${CMAKE_PREFIX_PATH}:/opt/ros/humble /usr/bin/cmake /home/ubuntu22/ROS2/n10p_leishen/n10p_ws/src/Lslidar_ROS2_driver/lslidar_msgs -DAMENT_CMAKE_SYMLINK_INSTALL=1 -DCMAKE_INSTALL_PREFIX=/home/ubuntu22/ROS2/n10p_leishen/n10p_ws/install/lslidar_msgs
[1.493s] colcon.colcon_core.event_handler.log_command DEBUG Invoked command in '/home/ubuntu22/ROS2/n10p_leishen/n10p_ws/build/lslidar_msgs' returned '0': CMAKE_PREFIX_PATH=${CMAKE_PREFIX_PATH}:/opt/ros/humble /usr/bin/cmake /home/ubuntu22/ROS2/n10p_leishen/n10p_ws/src/Lslidar_ROS2_driver/lslidar_msgs -DAMENT_CMAKE_SYMLINK_INSTALL=1 -DCMAKE_INSTALL_PREFIX=/home/ubuntu22/ROS2/n10p_leishen/n10p_ws/install/lslidar_msgs
[1.494s] colcon.colcon_core.event_handler.log_command DEBUG Invoking command in '/home/ubuntu22/ROS2/n10p_leishen/n10p_ws/build/lslidar_msgs': CMAKE_PREFIX_PATH=${CMAKE_PREFIX_PATH}:/opt/ros/humble /usr/bin/cmake --build /home/ubuntu22/ROS2/n10p_leishen/n10p_ws/build/lslidar_msgs -- -j32 -l32
[3.274s] colcon.colcon_core.event_handler.log_command DEBUG Invoked command in '/home/ubuntu22/ROS2/n10p_leishen/n10p_ws/build/lslidar_msgs' returned '0': CMAKE_PREFIX_PATH=${CMAKE_PREFIX_PATH}:/opt/ros/humble /usr/bin/cmake --build /home/ubuntu22/ROS2/n10p_leishen/n10p_ws/build/lslidar_msgs -- -j32 -l32
[3.280s] colcon.colcon_core.event_handler.log_command DEBUG Invoking command in '/home/ubuntu22/ROS2/n10p_leishen/n10p_ws/build/lslidar_msgs': CMAKE_PREFIX_PATH=${CMAKE_PREFIX_PATH}:/opt/ros/humble /usr/bin/cmake --install /home/ubuntu22/ROS2/n10p_leishen/n10p_ws/build/lslidar_msgs
[4.201s] colcon.colcon_core.environment Level 1 create_environment_scripts_only(lslidar_msgs)
[4.201s] colcon.colcon_core.event_handler.log_command DEBUG Invoked command in '/home/ubuntu22/ROS2/n10p_leishen/n10p_ws/build/lslidar_msgs' returned '0': CMAKE_PREFIX_PATH=${CMAKE_PREFIX_PATH}:/opt/ros/humble /usr/bin/cmake --install /home/ubuntu22/ROS2/n10p_leishen/n10p_ws/build/lslidar_msgs
[4.203s] colcon.colcon_core.environment Level 1 checking '/home/ubuntu22/ROS2/n10p_leishen/n10p_ws/install/lslidar_msgs' for CMake module files
[4.204s] colcon.colcon_core.environment Level 1 checking '/home/ubuntu22/ROS2/n10p_leishen/n10p_ws/install/lslidar_msgs' for CMake config files
[4.205s] colcon.colcon_core.shell Level 1 create_environment_hook('lslidar_msgs', 'cmake_prefix_path')
[4.205s] colcon.colcon_core.shell INFO Creating environment hook '/home/ubuntu22/ROS2/n10p_leishen/n10p_ws/install/lslidar_msgs/share/lslidar_msgs/hook/cmake_prefix_path.ps1'
[4.206s] colcon.colcon_core.shell INFO Creating environment descriptor '/home/ubuntu22/ROS2/n10p_leishen/n10p_ws/install/lslidar_msgs/share/lslidar_msgs/hook/cmake_prefix_path.dsv'
[4.206s] colcon.colcon_core.shell INFO Creating environment hook '/home/ubuntu22/ROS2/n10p_leishen/n10p_ws/install/lslidar_msgs/share/lslidar_msgs/hook/cmake_prefix_path.sh'
[4.206s] colcon.colcon_core.environment Level 1 checking '/home/ubuntu22/ROS2/n10p_leishen/n10p_ws/install/lslidar_msgs/lib'
[4.206s] colcon.colcon_core.shell Level 1 create_environment_hook('lslidar_msgs', 'ld_library_path_lib')
[4.207s] colcon.colcon_core.shell INFO Creating environment hook '/home/ubuntu22/ROS2/n10p_leishen/n10p_ws/install/lslidar_msgs/share/lslidar_msgs/hook/ld_library_path_lib.ps1'
[4.207s] colcon.colcon_core.shell INFO Creating environment descriptor '/home/ubuntu22/ROS2/n10p_leishen/n10p_ws/install/lslidar_msgs/share/lslidar_msgs/hook/ld_library_path_lib.dsv'
[4.207s] colcon.colcon_core.shell INFO Creating environment hook '/home/ubuntu22/ROS2/n10p_leishen/n10p_ws/install/lslidar_msgs/share/lslidar_msgs/hook/ld_library_path_lib.sh'
[4.207s] colcon.colcon_core.environment Level 1 checking '/home/ubuntu22/ROS2/n10p_leishen/n10p_ws/install/lslidar_msgs/bin'
[4.207s] colcon.colcon_core.environment Level 1 checking '/home/ubuntu22/ROS2/n10p_leishen/n10p_ws/install/lslidar_msgs/lib/pkgconfig/lslidar_msgs.pc'
[4.207s] colcon.colcon_core.environment Level 1 checking '/home/ubuntu22/ROS2/n10p_leishen/n10p_ws/install/lslidar_msgs/lib/python3.10/site-packages'
[4.208s] colcon.colcon_core.environment Level 1 checking '/home/ubuntu22/ROS2/n10p_leishen/n10p_ws/install/lslidar_msgs/bin'
[4.208s] colcon.colcon_core.shell INFO Creating package script '/home/ubuntu22/ROS2/n10p_leishen/n10p_ws/install/lslidar_msgs/share/lslidar_msgs/package.ps1'
[4.208s] colcon.colcon_core.shell INFO Creating package descriptor '/home/ubuntu22/ROS2/n10p_leishen/n10p_ws/install/lslidar_msgs/share/lslidar_msgs/package.dsv'
[4.209s] colcon.colcon_core.shell INFO Creating package script '/home/ubuntu22/ROS2/n10p_leishen/n10p_ws/install/lslidar_msgs/share/lslidar_msgs/package.sh'
[4.209s] colcon.colcon_core.shell INFO Creating package script '/home/ubuntu22/ROS2/n10p_leishen/n10p_ws/install/lslidar_msgs/share/lslidar_msgs/package.bash'
[4.209s] colcon.colcon_core.shell INFO Creating package script '/home/ubuntu22/ROS2/n10p_leishen/n10p_ws/install/lslidar_msgs/share/lslidar_msgs/package.zsh'
[4.210s] colcon.colcon_core.environment Level 1 create_file_with_runtime_dependencies(/home/ubuntu22/ROS2/n10p_leishen/n10p_ws/install/lslidar_msgs/share/colcon-core/packages/lslidar_msgs)
[4.210s] colcon.colcon_core.environment Level 1 create_environment_scripts_only(lslidar_msgs)
[4.210s] colcon.colcon_core.environment Level 1 checking '/home/ubuntu22/ROS2/n10p_leishen/n10p_ws/install/lslidar_msgs' for CMake module files
[4.210s] colcon.colcon_core.environment Level 1 checking '/home/ubuntu22/ROS2/n10p_leishen/n10p_ws/install/lslidar_msgs' for CMake config files
[4.211s] colcon.colcon_core.shell Level 1 create_environment_hook('lslidar_msgs', 'cmake_prefix_path')
[4.211s] colcon.colcon_core.shell INFO Creating environment hook '/home/ubuntu22/ROS2/n10p_leishen/n10p_ws/install/lslidar_msgs/share/lslidar_msgs/hook/cmake_prefix_path.ps1'
[4.212s] colcon.colcon_core.shell INFO Creating environment descriptor '/home/ubuntu22/ROS2/n10p_leishen/n10p_ws/install/lslidar_msgs/share/lslidar_msgs/hook/cmake_prefix_path.dsv'
[4.212s] colcon.colcon_core.shell INFO Creating environment hook '/home/ubuntu22/ROS2/n10p_leishen/n10p_ws/install/lslidar_msgs/share/lslidar_msgs/hook/cmake_prefix_path.sh'
[4.212s] colcon.colcon_core.environment Level 1 checking '/home/ubuntu22/ROS2/n10p_leishen/n10p_ws/install/lslidar_msgs/lib'
[4.212s] colcon.colcon_core.shell Level 1 create_environment_hook('lslidar_msgs', 'ld_library_path_lib')
[4.212s] colcon.colcon_core.shell INFO Creating environment hook '/home/ubuntu22/ROS2/n10p_leishen/n10p_ws/install/lslidar_msgs/share/lslidar_msgs/hook/ld_library_path_lib.ps1'
[4.212s] colcon.colcon_core.shell INFO Creating environment descriptor '/home/ubuntu22/ROS2/n10p_leishen/n10p_ws/install/lslidar_msgs/share/lslidar_msgs/hook/ld_library_path_lib.dsv'
[4.213s] colcon.colcon_core.shell INFO Creating environment hook '/home/ubuntu22/ROS2/n10p_leishen/n10p_ws/install/lslidar_msgs/share/lslidar_msgs/hook/ld_library_path_lib.sh'
[4.213s] colcon.colcon_core.environment Level 1 checking '/home/ubuntu22/ROS2/n10p_leishen/n10p_ws/install/lslidar_msgs/bin'
[4.213s] colcon.colcon_core.environment Level 1 checking '/home/ubuntu22/ROS2/n10p_leishen/n10p_ws/install/lslidar_msgs/lib/pkgconfig/lslidar_msgs.pc'
[4.213s] colcon.colcon_core.environment Level 1 checking '/home/ubuntu22/ROS2/n10p_leishen/n10p_ws/install/lslidar_msgs/lib/python3.10/site-packages'
[4.213s] colcon.colcon_core.environment Level 1 checking '/home/ubuntu22/ROS2/n10p_leishen/n10p_ws/install/lslidar_msgs/bin'
[4.213s] colcon.colcon_core.shell INFO Creating package script '/home/ubuntu22/ROS2/n10p_leishen/n10p_ws/install/lslidar_msgs/share/lslidar_msgs/package.ps1'
[4.214s] colcon.colcon_core.shell INFO Creating package descriptor '/home/ubuntu22/ROS2/n10p_leishen/n10p_ws/install/lslidar_msgs/share/lslidar_msgs/package.dsv'
[4.214s] colcon.colcon_core.shell INFO Creating package script '/home/ubuntu22/ROS2/n10p_leishen/n10p_ws/install/lslidar_msgs/share/lslidar_msgs/package.sh'
[4.214s] colcon.colcon_core.shell INFO Creating package script '/home/ubuntu22/ROS2/n10p_leishen/n10p_ws/install/lslidar_msgs/share/lslidar_msgs/package.bash'
[4.214s] colcon.colcon_core.shell INFO Creating package script '/home/ubuntu22/ROS2/n10p_leishen/n10p_ws/install/lslidar_msgs/share/lslidar_msgs/package.zsh'
[4.214s] colcon.colcon_core.environment Level 1 create_file_with_runtime_dependencies(/home/ubuntu22/ROS2/n10p_leishen/n10p_ws/install/lslidar_msgs/share/colcon-core/packages/lslidar_msgs)
[4.215s] colcon.colcon_ros.task.ament_cmake.build INFO Building ROS package in '/home/ubuntu22/ROS2/n10p_leishen/n10p_ws/src/Lslidar_ROS2_driver/lslidar_driver' with build type 'ament_cmake'
[4.215s] colcon.colcon_cmake.task.cmake.build INFO Building CMake package in '/home/ubuntu22/ROS2/n10p_leishen/n10p_ws/src/Lslidar_ROS2_driver/lslidar_driver'
[4.215s] colcon.colcon_core.shell INFO Skip shell extension 'powershell' for command environment: Not usable outside of PowerShell
[4.215s] colcon.colcon_core.shell DEBUG Skip shell extension 'dsv' for command environment
[4.222s] colcon.colcon_core.event_handler.log_command DEBUG Invoking command in '/home/ubuntu22/ROS2/n10p_leishen/n10p_ws/build/lslidar_driver': AMENT_PREFIX_PATH=/home/ubuntu22/ROS2/n10p_leishen/n10p_ws/install/lslidar_msgs:${AMENT_PREFIX_PATH} CMAKE_PREFIX_PATH=/home/ubuntu22/ROS2/n10p_leishen/n10p_ws/install/lslidar_msgs:/home/ubuntu22/ws_ros2/install/px4_ros_com:/home/ubuntu22/ws_ros2/install/px4_msgs:/opt/ros/humble LD_LIBRARY_PATH=/home/ubuntu22/ROS2/n10p_leishen/n10p_ws/install/lslidar_msgs/lib:/home/ubuntu22/ws_ros2/install/px4_ros_com/lib:/home/ubuntu22/ws_ros2/install/px4_msgs/lib:/usr/lib/x86_64-linux-gnu/gazebo-11/plugins:/opt/ros/humble/opt/rviz_ogre_vendor/lib:/opt/ros/humble/lib/x86_64-linux-gnu:/opt/ros/humble/lib:/usr/local/cuda/lib64:/usr/local/cuda/lib64:/usr/share/gazebo/../../lib/x86_64-linux-gnu/gazebo-11/plugins PYTHONPATH=/home/ubuntu22/ROS2/n10p_leishen/n10p_ws/install/lslidar_msgs/local/lib/python3.10/dist-packages:${PYTHONPATH} /usr/bin/cmake /home/ubuntu22/ROS2/n10p_leishen/n10p_ws/src/Lslidar_ROS2_driver/lslidar_driver -DAMENT_CMAKE_SYMLINK_INSTALL=1 -DCMAKE_INSTALL_PREFIX=/home/ubuntu22/ROS2/n10p_leishen/n10p_ws/install/lslidar_driver
[6.618s] colcon.colcon_core.event_handler.log_command DEBUG Invoked command in '/home/ubuntu22/ROS2/n10p_leishen/n10p_ws/build/lslidar_driver' returned '0': AMENT_PREFIX_PATH=/home/ubuntu22/ROS2/n10p_leishen/n10p_ws/install/lslidar_msgs:${AMENT_PREFIX_PATH} CMAKE_PREFIX_PATH=/home/ubuntu22/ROS2/n10p_leishen/n10p_ws/install/lslidar_msgs:/home/ubuntu22/ws_ros2/install/px4_ros_com:/home/ubuntu22/ws_ros2/install/px4_msgs:/opt/ros/humble LD_LIBRARY_PATH=/home/ubuntu22/ROS2/n10p_leishen/n10p_ws/install/lslidar_msgs/lib:/home/ubuntu22/ws_ros2/install/px4_ros_com/lib:/home/ubuntu22/ws_ros2/install/px4_msgs/lib:/usr/lib/x86_64-linux-gnu/gazebo-11/plugins:/opt/ros/humble/opt/rviz_ogre_vendor/lib:/opt/ros/humble/lib/x86_64-linux-gnu:/opt/ros/humble/lib:/usr/local/cuda/lib64:/usr/local/cuda/lib64:/usr/share/gazebo/../../lib/x86_64-linux-gnu/gazebo-11/plugins PYTHONPATH=/home/ubuntu22/ROS2/n10p_leishen/n10p_ws/install/lslidar_msgs/local/lib/python3.10/dist-packages:${PYTHONPATH} /usr/bin/cmake /home/ubuntu22/ROS2/n10p_leishen/n10p_ws/src/Lslidar_ROS2_driver/lslidar_driver -DAMENT_CMAKE_SYMLINK_INSTALL=1 -DCMAKE_INSTALL_PREFIX=/home/ubuntu22/ROS2/n10p_leishen/n10p_ws/install/lslidar_driver
[6.619s] colcon.colcon_core.event_handler.log_command DEBUG Invoking command in '/home/ubuntu22/ROS2/n10p_leishen/n10p_ws/build/lslidar_driver': AMENT_PREFIX_PATH=/home/ubuntu22/ROS2/n10p_leishen/n10p_ws/install/lslidar_msgs:${AMENT_PREFIX_PATH} CMAKE_PREFIX_PATH=/home/ubuntu22/ROS2/n10p_leishen/n10p_ws/install/lslidar_msgs:/home/ubuntu22/ws_ros2/install/px4_ros_com:/home/ubuntu22/ws_ros2/install/px4_msgs:/opt/ros/humble LD_LIBRARY_PATH=/home/ubuntu22/ROS2/n10p_leishen/n10p_ws/install/lslidar_msgs/lib:/home/ubuntu22/ws_ros2/install/px4_ros_com/lib:/home/ubuntu22/ws_ros2/install/px4_msgs/lib:/usr/lib/x86_64-linux-gnu/gazebo-11/plugins:/opt/ros/humble/opt/rviz_ogre_vendor/lib:/opt/ros/humble/lib/x86_64-linux-gnu:/opt/ros/humble/lib:/usr/local/cuda/lib64:/usr/local/cuda/lib64:/usr/share/gazebo/../../lib/x86_64-linux-gnu/gazebo-11/plugins PYTHONPATH=/home/ubuntu22/ROS2/n10p_leishen/n10p_ws/install/lslidar_msgs/local/lib/python3.10/dist-packages:${PYTHONPATH} /usr/bin/cmake --build /home/ubuntu22/ROS2/n10p_leishen/n10p_ws/build/lslidar_driver -- -j32 -l32
[16.677s] colcon.colcon_core.event_handler.log_command DEBUG Invoked command in '/home/ubuntu22/ROS2/n10p_leishen/n10p_ws/build/lslidar_driver' returned '0': AMENT_PREFIX_PATH=/home/ubuntu22/ROS2/n10p_leishen/n10p_ws/install/lslidar_msgs:${AMENT_PREFIX_PATH} CMAKE_PREFIX_PATH=/home/ubuntu22/ROS2/n10p_leishen/n10p_ws/install/lslidar_msgs:/home/ubuntu22/ws_ros2/install/px4_ros_com:/home/ubuntu22/ws_ros2/install/px4_msgs:/opt/ros/humble LD_LIBRARY_PATH=/home/ubuntu22/ROS2/n10p_leishen/n10p_ws/install/lslidar_msgs/lib:/home/ubuntu22/ws_ros2/install/px4_ros_com/lib:/home/ubuntu22/ws_ros2/install/px4_msgs/lib:/usr/lib/x86_64-linux-gnu/gazebo-11/plugins:/opt/ros/humble/opt/rviz_ogre_vendor/lib:/opt/ros/humble/lib/x86_64-linux-gnu:/opt/ros/humble/lib:/usr/local/cuda/lib64:/usr/local/cuda/lib64:/usr/share/gazebo/../../lib/x86_64-linux-gnu/gazebo-11/plugins PYTHONPATH=/home/ubuntu22/ROS2/n10p_leishen/n10p_ws/install/lslidar_msgs/local/lib/python3.10/dist-packages:${PYTHONPATH} /usr/bin/cmake --build /home/ubuntu22/ROS2/n10p_leishen/n10p_ws/build/lslidar_driver -- -j32 -l32
[16.677s] colcon.colcon_core.event_handler.log_command DEBUG Invoking command in '/home/ubuntu22/ROS2/n10p_leishen/n10p_ws/build/lslidar_driver': AMENT_PREFIX_PATH=/home/ubuntu22/ROS2/n10p_leishen/n10p_ws/install/lslidar_msgs:${AMENT_PREFIX_PATH} CMAKE_PREFIX_PATH=/home/ubuntu22/ROS2/n10p_leishen/n10p_ws/install/lslidar_msgs:/home/ubuntu22/ws_ros2/install/px4_ros_com:/home/ubuntu22/ws_ros2/install/px4_msgs:/opt/ros/humble LD_LIBRARY_PATH=/home/ubuntu22/ROS2/n10p_leishen/n10p_ws/install/lslidar_msgs/lib:/home/ubuntu22/ws_ros2/install/px4_ros_com/lib:/home/ubuntu22/ws_ros2/install/px4_msgs/lib:/usr/lib/x86_64-linux-gnu/gazebo-11/plugins:/opt/ros/humble/opt/rviz_ogre_vendor/lib:/opt/ros/humble/lib/x86_64-linux-gnu:/opt/ros/humble/lib:/usr/local/cuda/lib64:/usr/local/cuda/lib64:/usr/share/gazebo/../../lib/x86_64-linux-gnu/gazebo-11/plugins PYTHONPATH=/home/ubuntu22/ROS2/n10p_leishen/n10p_ws/install/lslidar_msgs/local/lib/python3.10/dist-packages:${PYTHONPATH} /usr/bin/cmake --install /home/ubuntu22/ROS2/n10p_leishen/n10p_ws/build/lslidar_driver
[16.828s] colcon.colcon_core.environment Level 1 create_environment_scripts_only(lslidar_driver)
[16.829s] colcon.colcon_core.environment Level 1 checking '/home/ubuntu22/ROS2/n10p_leishen/n10p_ws/install/lslidar_driver' for CMake module files
[16.829s] colcon.colcon_core.event_handler.log_command DEBUG Invoked command in '/home/ubuntu22/ROS2/n10p_leishen/n10p_ws/build/lslidar_driver' returned '0': AMENT_PREFIX_PATH=/home/ubuntu22/ROS2/n10p_leishen/n10p_ws/install/lslidar_msgs:${AMENT_PREFIX_PATH} CMAKE_PREFIX_PATH=/home/ubuntu22/ROS2/n10p_leishen/n10p_ws/install/lslidar_msgs:/home/ubuntu22/ws_ros2/install/px4_ros_com:/home/ubuntu22/ws_ros2/install/px4_msgs:/opt/ros/humble LD_LIBRARY_PATH=/home/ubuntu22/ROS2/n10p_leishen/n10p_ws/install/lslidar_msgs/lib:/home/ubuntu22/ws_ros2/install/px4_ros_com/lib:/home/ubuntu22/ws_ros2/install/px4_msgs/lib:/usr/lib/x86_64-linux-gnu/gazebo-11/plugins:/opt/ros/humble/opt/rviz_ogre_vendor/lib:/opt/ros/humble/lib/x86_64-linux-gnu:/opt/ros/humble/lib:/usr/local/cuda/lib64:/usr/local/cuda/lib64:/usr/share/gazebo/../../lib/x86_64-linux-gnu/gazebo-11/plugins PYTHONPATH=/home/ubuntu22/ROS2/n10p_leishen/n10p_ws/install/lslidar_msgs/local/lib/python3.10/dist-packages:${PYTHONPATH} /usr/bin/cmake --install /home/ubuntu22/ROS2/n10p_leishen/n10p_ws/build/lslidar_driver
[16.829s] colcon.colcon_core.environment Level 1 checking '/home/ubuntu22/ROS2/n10p_leishen/n10p_ws/install/lslidar_driver' for CMake config files
[16.830s] colcon.colcon_core.shell Level 1 create_environment_hook('lslidar_driver', 'cmake_prefix_path')
[16.830s] colcon.colcon_core.shell INFO Creating environment hook '/home/ubuntu22/ROS2/n10p_leishen/n10p_ws/install/lslidar_driver/share/lslidar_driver/hook/cmake_prefix_path.ps1'
[16.830s] colcon.colcon_core.shell INFO Creating environment descriptor '/home/ubuntu22/ROS2/n10p_leishen/n10p_ws/install/lslidar_driver/share/lslidar_driver/hook/cmake_prefix_path.dsv'
[16.830s] colcon.colcon_core.shell INFO Creating environment hook '/home/ubuntu22/ROS2/n10p_leishen/n10p_ws/install/lslidar_driver/share/lslidar_driver/hook/cmake_prefix_path.sh'
[16.831s] colcon.colcon_core.environment Level 1 checking '/home/ubuntu22/ROS2/n10p_leishen/n10p_ws/install/lslidar_driver/lib'
[16.831s] colcon.colcon_core.environment Level 1 checking '/home/ubuntu22/ROS2/n10p_leishen/n10p_ws/install/lslidar_driver/bin'
[16.831s] colcon.colcon_core.environment Level 1 checking '/home/ubuntu22/ROS2/n10p_leishen/n10p_ws/install/lslidar_driver/lib/pkgconfig/lslidar_driver.pc'
[16.831s] colcon.colcon_core.environment Level 1 checking '/home/ubuntu22/ROS2/n10p_leishen/n10p_ws/install/lslidar_driver/lib/python3.10/site-packages'
[16.831s] colcon.colcon_core.environment Level 1 checking '/home/ubuntu22/ROS2/n10p_leishen/n10p_ws/install/lslidar_driver/bin'
[16.831s] colcon.colcon_core.shell INFO Creating package script '/home/ubuntu22/ROS2/n10p_leishen/n10p_ws/install/lslidar_driver/share/lslidar_driver/package.ps1'
[16.831s] colcon.colcon_core.shell INFO Creating package descriptor '/home/ubuntu22/ROS2/n10p_leishen/n10p_ws/install/lslidar_driver/share/lslidar_driver/package.dsv'
[16.832s] colcon.colcon_core.shell INFO Creating package script '/home/ubuntu22/ROS2/n10p_leishen/n10p_ws/install/lslidar_driver/share/lslidar_driver/package.sh'
[16.832s] colcon.colcon_core.shell INFO Creating package script '/home/ubuntu22/ROS2/n10p_leishen/n10p_ws/install/lslidar_driver/share/lslidar_driver/package.bash'
[16.832s] colcon.colcon_core.shell INFO Creating package script '/home/ubuntu22/ROS2/n10p_leishen/n10p_ws/install/lslidar_driver/share/lslidar_driver/package.zsh'
[16.832s] colcon.colcon_core.environment Level 1 create_file_with_runtime_dependencies(/home/ubuntu22/ROS2/n10p_leishen/n10p_ws/install/lslidar_driver/share/colcon-core/packages/lslidar_driver)
[16.832s] colcon.colcon_core.environment Level 1 create_environment_scripts_only(lslidar_driver)
[16.833s] colcon.colcon_core.environment Level 1 checking '/home/ubuntu22/ROS2/n10p_leishen/n10p_ws/install/lslidar_driver' for CMake module files
[16.833s] colcon.colcon_core.environment Level 1 checking '/home/ubuntu22/ROS2/n10p_leishen/n10p_ws/install/lslidar_driver' for CMake config files
[16.833s] colcon.colcon_core.shell Level 1 create_environment_hook('lslidar_driver', 'cmake_prefix_path')
[16.833s] colcon.colcon_core.shell INFO Creating environment hook '/home/ubuntu22/ROS2/n10p_leishen/n10p_ws/install/lslidar_driver/share/lslidar_driver/hook/cmake_prefix_path.ps1'
[16.833s] colcon.colcon_core.shell INFO Creating environment descriptor '/home/ubuntu22/ROS2/n10p_leishen/n10p_ws/install/lslidar_driver/share/lslidar_driver/hook/cmake_prefix_path.dsv'
[16.834s] colcon.colcon_core.shell INFO Creating environment hook '/home/ubuntu22/ROS2/n10p_leishen/n10p_ws/install/lslidar_driver/share/lslidar_driver/hook/cmake_prefix_path.sh'
[16.834s] colcon.colcon_core.environment Level 1 checking '/home/ubuntu22/ROS2/n10p_leishen/n10p_ws/install/lslidar_driver/lib'
[16.834s] colcon.colcon_core.environment Level 1 checking '/home/ubuntu22/ROS2/n10p_leishen/n10p_ws/install/lslidar_driver/bin'
[16.834s] colcon.colcon_core.environment Level 1 checking '/home/ubuntu22/ROS2/n10p_leishen/n10p_ws/install/lslidar_driver/lib/pkgconfig/lslidar_driver.pc'
[16.834s] colcon.colcon_core.environment Level 1 checking '/home/ubuntu22/ROS2/n10p_leishen/n10p_ws/install/lslidar_driver/lib/python3.10/site-packages'
[16.834s] colcon.colcon_core.environment Level 1 checking '/home/ubuntu22/ROS2/n10p_leishen/n10p_ws/install/lslidar_driver/bin'
[16.834s] colcon.colcon_core.shell INFO Creating package script '/home/ubuntu22/ROS2/n10p_leishen/n10p_ws/install/lslidar_driver/share/lslidar_driver/package.ps1'
[16.835s] colcon.colcon_core.shell INFO Creating package descriptor '/home/ubuntu22/ROS2/n10p_leishen/n10p_ws/install/lslidar_driver/share/lslidar_driver/package.dsv'
[16.835s] colcon.colcon_core.shell INFO Creating package script '/home/ubuntu22/ROS2/n10p_leishen/n10p_ws/install/lslidar_driver/share/lslidar_driver/package.sh'
[16.835s] colcon.colcon_core.shell INFO Creating package script '/home/ubuntu22/ROS2/n10p_leishen/n10p_ws/install/lslidar_driver/share/lslidar_driver/package.bash'
[16.835s] colcon.colcon_core.shell INFO Creating package script '/home/ubuntu22/ROS2/n10p_leishen/n10p_ws/install/lslidar_driver/share/lslidar_driver/package.zsh'
[16.835s] colcon.colcon_core.environment Level 1 create_file_with_runtime_dependencies(/home/ubuntu22/ROS2/n10p_leishen/n10p_ws/install/lslidar_driver/share/colcon-core/packages/lslidar_driver)
[16.835s] colcon.colcon_parallel_executor.executor.parallel DEBUG closing loop
[16.836s] colcon.colcon_parallel_executor.executor.parallel DEBUG loop closed
[16.836s] colcon.colcon_parallel_executor.executor.parallel DEBUG run_until_complete finished with '0'
[16.836s] colcon.colcon_core.event_reactor DEBUG joining thread
[16.849s] colcon.colcon_core.plugin_system INFO Skipping extension 'colcon_notification.desktop_notification.terminal_notifier': Not used on non-Darwin systems
[16.849s] colcon.colcon_core.plugin_system INFO Skipping extension 'colcon_notification.desktop_notification.win32': Not used on non-Windows systems
[16.849s] colcon.colcon_notification.desktop_notification INFO Sending desktop notification using 'notify2'
[16.859s] colcon.colcon_core.event_reactor DEBUG joined thread
[16.859s] colcon.colcon_core.shell INFO Creating prefix script '/home/ubuntu22/ROS2/n10p_leishen/n10p_ws/install/local_setup.ps1'
[16.860s] colcon.colcon_core.shell INFO Creating prefix util module '/home/ubuntu22/ROS2/n10p_leishen/n10p_ws/install/_local_setup_util_ps1.py'
[16.868s] colcon.colcon_core.shell INFO Creating prefix chain script '/home/ubuntu22/ROS2/n10p_leishen/n10p_ws/install/setup.ps1'
[16.868s] colcon.colcon_core.shell INFO Creating prefix script '/home/ubuntu22/ROS2/n10p_leishen/n10p_ws/install/local_setup.sh'
[16.869s] colcon.colcon_core.shell INFO Creating prefix util module '/home/ubuntu22/ROS2/n10p_leishen/n10p_ws/install/_local_setup_util_sh.py'
[16.869s] colcon.colcon_core.shell INFO Creating prefix chain script '/home/ubuntu22/ROS2/n10p_leishen/n10p_ws/install/setup.sh'
[16.870s] colcon.colcon_core.shell INFO Creating prefix script '/home/ubuntu22/ROS2/n10p_leishen/n10p_ws/install/local_setup.bash'
[16.870s] colcon.colcon_core.shell INFO Creating prefix chain script '/home/ubuntu22/ROS2/n10p_leishen/n10p_ws/install/setup.bash'
[16.870s] colcon.colcon_core.shell INFO Creating prefix script '/home/ubuntu22/ROS2/n10p_leishen/n10p_ws/install/local_setup.zsh'
[16.871s] colcon.colcon_core.shell INFO Creating prefix chain script '/home/ubuntu22/ROS2/n10p_leishen/n10p_ws/install/setup.zsh'
