[0.007s] Invoking command in '/home/ubuntu22/ROS2/n10p_leishen/n10p_ws/build/lslidar_msgs': CMAKE_PREFIX_PATH=${CMAKE_PREFIX_PATH}:/opt/ros/humble /usr/bin/cmake /home/ubuntu22/ROS2/n10p_leishen/n10p_ws/src/Lslidar_ROS2_driver/lslidar_msgs -DAMENT_CMAKE_SYMLINK_INSTALL=1 -DCMAKE_INSTALL_PREFIX=/home/ubuntu22/ROS2/n10p_leishen/n10p_ws/install/lslidar_msgs
[0.082s] -- The C compiler identification is GNU 11.4.0
[0.140s] -- The CXX compiler identification is GNU 11.4.0
[0.147s] -- Detecting C compiler ABI info
[0.201s] -- Detecting C compiler ABI info - done
[0.205s] -- Check for working C compiler: /usr/bin/cc - skipped
[0.206s] -- Detecting C compile features
[0.206s] -- Detecting C compile features - done
[0.208s] -- Detecting CXX compiler ABI info
[0.266s] -- Detecting CXX compiler ABI info - done
[0.269s] -- Check for working CXX compiler: /usr/bin/c++ - skipped
[0.270s] -- Detecting CXX compile features
[0.270s] -- Detecting CXX compile features - done
[0.274s] -- Found ament_cmake: 1.3.14 (/opt/ros/humble/share/ament_cmake/cmake)
[0.477s] -- Found Python3: /usr/bin/python3 (found version "3.10.12") found components: Interpreter 
[0.527s] -- Override CMake install command with custom implementation using symlinks instead of copying resources
[0.551s] -- Found std_msgs: 4.9.1 (/opt/ros/humble/share/std_msgs/cmake)
[0.580s] -- Found rosidl_generator_c: 3.1.8 (/opt/ros/humble/share/rosidl_generator_c/cmake)
[0.584s] -- Found rosidl_adapter: 3.1.8 (/opt/ros/humble/share/rosidl_adapter/cmake)
[0.591s] -- Found rosidl_generator_cpp: 3.1.8 (/opt/ros/humble/share/rosidl_generator_cpp/cmake)
[0.599s] -- Using all available rosidl_typesupport_c: rosidl_typesupport_fastrtps_c;rosidl_typesupport_introspection_c
[0.611s] -- Using all available rosidl_typesupport_cpp: rosidl_typesupport_fastrtps_cpp;rosidl_typesupport_introspection_cpp
[0.630s] -- Found sensor_msgs: 4.9.1 (/opt/ros/humble/share/sensor_msgs/cmake)
[0.651s] -- Found rosidl_default_generators: 1.2.1 (/opt/ros/humble/share/rosidl_default_generators/cmake)
[0.661s] -- Found ament_lint_auto: 0.12.15 (/opt/ros/humble/share/ament_lint_auto/cmake)
[0.844s] -- Found ament_cmake_ros: 0.10.0 (/opt/ros/humble/share/ament_cmake_ros/cmake)
[1.076s] -- Using all available rosidl_typesupport_c: rosidl_typesupport_fastrtps_c;rosidl_typesupport_introspection_c
[1.166s] -- Using all available rosidl_typesupport_cpp: rosidl_typesupport_fastrtps_cpp;rosidl_typesupport_introspection_cpp
[1.182s] -- Found PythonInterp: /usr/bin/python3 (found suitable version "3.10.12", minimum required is "3.6") 
[1.183s] -- Found python_cmake_module: 0.10.0 (/opt/ros/humble/share/python_cmake_module/cmake)
[1.202s] -- Found PythonLibs: /usr/lib/x86_64-linux-gnu/libpython3.10.so (found suitable version "3.10.12", minimum required is "3.5") 
[1.202s] -- Using PYTHON_EXECUTABLE: /usr/bin/python3
[1.202s] -- Using PYTHON_INCLUDE_DIRS: /usr/include/python3.10
[1.202s] -- Using PYTHON_LIBRARIES: /usr/lib/x86_64-linux-gnu/libpython3.10.so
[1.216s] -- Found PythonExtra: .so  
[1.294s] -- Added test 'copyright' to check source files copyright and LICENSE
[1.295s] -- Added test 'lint_cmake' to check CMake code style
[1.296s] -- Added test 'xmllint' to check XML markup files
[1.301s] -- Configuring done
[1.326s] -- Generating done
[1.332s] -- Build files have been written to: /home/ubuntu22/ROS2/n10p_leishen/n10p_ws/build/lslidar_msgs
[1.339s] Invoked command in '/home/ubuntu22/ROS2/n10p_leishen/n10p_ws/build/lslidar_msgs' returned '0': CMAKE_PREFIX_PATH=${CMAKE_PREFIX_PATH}:/opt/ros/humble /usr/bin/cmake /home/ubuntu22/ROS2/n10p_leishen/n10p_ws/src/Lslidar_ROS2_driver/lslidar_msgs -DAMENT_CMAKE_SYMLINK_INSTALL=1 -DCMAKE_INSTALL_PREFIX=/home/ubuntu22/ROS2/n10p_leishen/n10p_ws/install/lslidar_msgs
[1.340s] Invoking command in '/home/ubuntu22/ROS2/n10p_leishen/n10p_ws/build/lslidar_msgs': CMAKE_PREFIX_PATH=${CMAKE_PREFIX_PATH}:/opt/ros/humble /usr/bin/cmake --build /home/ubuntu22/ROS2/n10p_leishen/n10p_ws/build/lslidar_msgs -- -j32 -l32
[1.374s] [  1%] Generating C code for ROS interfaces
[1.383s] [  3%] Generating Rust code for ROS interfaces
[1.383s] [  4%] Generating C++ code for ROS interfaces
[1.388s] [  4%] Built target ament_cmake_python_symlink_lslidar_msgs
[1.521s] running egg_info
[1.530s] creating lslidar_msgs.egg-info
[1.530s] writing lslidar_msgs.egg-info/PKG-INFO
[1.530s] writing dependency_links to lslidar_msgs.egg-info/dependency_links.txt
[1.531s] writing top-level names to lslidar_msgs.egg-info/top_level.txt
[1.531s] writing manifest file 'lslidar_msgs.egg-info/SOURCES.txt'
[1.559s] reading manifest file 'lslidar_msgs.egg-info/SOURCES.txt'
[1.559s] writing manifest file 'lslidar_msgs.egg-info/SOURCES.txt'
[1.580s] [  4%] Built target ament_cmake_python_build_lslidar_msgs_egg
[1.590s] [  4%] Built target lslidar_msgs__rs
[1.672s] [  4%] Built target lslidar_msgs__cpp
[1.672s] [  6%] Building C object CMakeFiles/lslidar_msgs__rosidl_generator_c.dir/rosidl_generator_c/lslidar_msgs/msg/detail/lslidar_difop__functions.c.o
[1.673s] [  7%] Building C object CMakeFiles/lslidar_msgs__rosidl_generator_c.dir/rosidl_generator_c/lslidar_msgs/msg/detail/lslidar_packet__functions.c.o
[1.674s] [  9%] Building C object CMakeFiles/lslidar_msgs__rosidl_generator_c.dir/rosidl_generator_c/lslidar_msgs/msg/detail/lslidar_point__functions.c.o
[1.674s] [ 10%] Building C object CMakeFiles/lslidar_msgs__rosidl_generator_c.dir/rosidl_generator_c/lslidar_msgs/msg/detail/lslidar_scan__functions.c.o
[1.674s] [ 12%] Building C object CMakeFiles/lslidar_msgs__rosidl_generator_c.dir/rosidl_generator_c/lslidar_msgs/msg/detail/lslidar_sweep__functions.c.o
[1.681s] [ 14%] Generating C++ type support for eProsima Fast-RTPS
[1.681s] [ 15%] Generating C++ type support dispatch for ROS interfaces
[1.681s] [ 17%] Generating C++ introspection for ROS interfaces
[1.718s] [ 18%] Linking C shared library liblslidar_msgs__rosidl_generator_c.so
[1.751s] [ 18%] Built target lslidar_msgs__rosidl_generator_c
[1.760s] [ 20%] Generating C introspection for ROS interfaces
[1.761s] [ 21%] Generating C type support for eProsima Fast-RTPS
[1.761s] [ 23%] Generating C type support dispatch for ROS interfaces
[1.905s] [ 25%] Building CXX object CMakeFiles/lslidar_msgs__rosidl_typesupport_cpp.dir/rosidl_typesupport_cpp/lslidar_msgs/msg/lslidar_difop__type_support.cpp.o
[1.907s] [ 26%] Building CXX object CMakeFiles/lslidar_msgs__rosidl_typesupport_cpp.dir/rosidl_typesupport_cpp/lslidar_msgs/msg/lslidar_packet__type_support.cpp.o
[1.907s] [ 28%] Building CXX object CMakeFiles/lslidar_msgs__rosidl_typesupport_cpp.dir/rosidl_typesupport_cpp/lslidar_msgs/msg/lslidar_point__type_support.cpp.o
[1.908s] [ 29%] Building CXX object CMakeFiles/lslidar_msgs__rosidl_typesupport_cpp.dir/rosidl_typesupport_cpp/lslidar_msgs/msg/lslidar_scan__type_support.cpp.o
[1.908s] [ 31%] Building CXX object CMakeFiles/lslidar_msgs__rosidl_typesupport_cpp.dir/rosidl_typesupport_cpp/lslidar_msgs/msg/lslidar_sweep__type_support.cpp.o
[1.937s] [ 37%] Building CXX object CMakeFiles/lslidar_msgs__rosidl_typesupport_introspection_cpp.dir/rosidl_typesupport_introspection_cpp/lslidar_msgs/msg/detail/lslidar_point__type_support.cpp.o
[1.937s] [ 34%] Building CXX object CMakeFiles/lslidar_msgs__rosidl_typesupport_introspection_cpp.dir/rosidl_typesupport_introspection_cpp/lslidar_msgs/msg/detail/lslidar_scan__type_support.cpp.o
[1.937s] [ 37%] Building CXX object CMakeFiles/lslidar_msgs__rosidl_typesupport_introspection_cpp.dir/rosidl_typesupport_introspection_cpp/lslidar_msgs/msg/detail/lslidar_difop__type_support.cpp.o
[1.937s] [ 37%] Building CXX object CMakeFiles/lslidar_msgs__rosidl_typesupport_introspection_cpp.dir/rosidl_typesupport_introspection_cpp/lslidar_msgs/msg/detail/lslidar_packet__type_support.cpp.o
[1.938s] [ 39%] Building CXX object CMakeFiles/lslidar_msgs__rosidl_typesupport_introspection_cpp.dir/rosidl_typesupport_introspection_cpp/lslidar_msgs/msg/detail/lslidar_sweep__type_support.cpp.o
[1.953s] [ 40%] Building CXX object CMakeFiles/lslidar_msgs__rosidl_typesupport_fastrtps_cpp.dir/rosidl_typesupport_fastrtps_cpp/lslidar_msgs/msg/detail/dds_fastrtps/lslidar_point__type_support.cpp.o
[1.953s] [ 42%] Building CXX object CMakeFiles/lslidar_msgs__rosidl_typesupport_fastrtps_cpp.dir/rosidl_typesupport_fastrtps_cpp/lslidar_msgs/msg/detail/dds_fastrtps/lslidar_packet__type_support.cpp.o
[1.953s] [ 45%] Building CXX object CMakeFiles/lslidar_msgs__rosidl_typesupport_fastrtps_cpp.dir/rosidl_typesupport_fastrtps_cpp/lslidar_msgs/msg/detail/dds_fastrtps/lslidar_difop__type_support.cpp.o
[1.953s] [ 45%] Building CXX object CMakeFiles/lslidar_msgs__rosidl_typesupport_fastrtps_cpp.dir/rosidl_typesupport_fastrtps_cpp/lslidar_msgs/msg/detail/dds_fastrtps/lslidar_scan__type_support.cpp.o
[1.955s] [ 46%] Building CXX object CMakeFiles/lslidar_msgs__rosidl_typesupport_fastrtps_cpp.dir/rosidl_typesupport_fastrtps_cpp/lslidar_msgs/msg/detail/dds_fastrtps/lslidar_sweep__type_support.cpp.o
[2.010s] [ 51%] Building CXX object CMakeFiles/lslidar_msgs__rosidl_typesupport_c.dir/rosidl_typesupport_c/lslidar_msgs/msg/lslidar_difop__type_support.cpp.o
[2.010s] [ 51%] Building CXX object CMakeFiles/lslidar_msgs__rosidl_typesupport_c.dir/rosidl_typesupport_c/lslidar_msgs/msg/lslidar_packet__type_support.cpp.o
[2.010s] [ 51%] Building CXX object CMakeFiles/lslidar_msgs__rosidl_typesupport_c.dir/rosidl_typesupport_c/lslidar_msgs/msg/lslidar_sweep__type_support.cpp.o
[2.011s] [ 54%] Building CXX object CMakeFiles/lslidar_msgs__rosidl_typesupport_c.dir/rosidl_typesupport_c/lslidar_msgs/msg/lslidar_scan__type_support.cpp.o
[2.011s] [ 54%] Building CXX object CMakeFiles/lslidar_msgs__rosidl_typesupport_c.dir/rosidl_typesupport_c/lslidar_msgs/msg/lslidar_point__type_support.cpp.o
[2.054s] [ 56%] Building C object CMakeFiles/lslidar_msgs__rosidl_typesupport_introspection_c.dir/rosidl_typesupport_introspection_c/lslidar_msgs/msg/detail/lslidar_scan__type_support.c.o
[2.054s] [ 57%] Building C object CMakeFiles/lslidar_msgs__rosidl_typesupport_introspection_c.dir/rosidl_typesupport_introspection_c/lslidar_msgs/msg/detail/lslidar_packet__type_support.c.o
[2.054s] [ 59%] Building C object CMakeFiles/lslidar_msgs__rosidl_typesupport_introspection_c.dir/rosidl_typesupport_introspection_c/lslidar_msgs/msg/detail/lslidar_point__type_support.c.o
[2.055s] [ 60%] Building C object CMakeFiles/lslidar_msgs__rosidl_typesupport_introspection_c.dir/rosidl_typesupport_introspection_c/lslidar_msgs/msg/detail/lslidar_difop__type_support.c.o
[2.056s] [ 62%] Building C object CMakeFiles/lslidar_msgs__rosidl_typesupport_introspection_c.dir/rosidl_typesupport_introspection_c/lslidar_msgs/msg/detail/lslidar_sweep__type_support.c.o
[2.056s] [ 64%] Linking CXX shared library liblslidar_msgs__rosidl_typesupport_c.so
[2.077s] [ 67%] Building CXX object CMakeFiles/lslidar_msgs__rosidl_typesupport_fastrtps_c.dir/rosidl_typesupport_fastrtps_c/lslidar_msgs/msg/detail/lslidar_scan__type_support_c.cpp.o
[2.077s] [ 67%] Building CXX object CMakeFiles/lslidar_msgs__rosidl_typesupport_fastrtps_c.dir/rosidl_typesupport_fastrtps_c/lslidar_msgs/msg/detail/lslidar_point__type_support_c.cpp.o
[2.080s] [ 68%] Building CXX object CMakeFiles/lslidar_msgs__rosidl_typesupport_fastrtps_c.dir/rosidl_typesupport_fastrtps_c/lslidar_msgs/msg/detail/lslidar_packet__type_support_c.cpp.o
[2.080s] [ 70%] Building CXX object CMakeFiles/lslidar_msgs__rosidl_typesupport_fastrtps_c.dir/rosidl_typesupport_fastrtps_c/lslidar_msgs/msg/detail/lslidar_sweep__type_support_c.cpp.o
[2.083s] [ 71%] Building CXX object CMakeFiles/lslidar_msgs__rosidl_typesupport_fastrtps_c.dir/rosidl_typesupport_fastrtps_c/lslidar_msgs/msg/detail/lslidar_difop__type_support_c.cpp.o
[2.107s] [ 73%] Linking C shared library liblslidar_msgs__rosidl_typesupport_introspection_c.so
[2.109s] [ 73%] Built target lslidar_msgs__rosidl_typesupport_c
[2.146s] [ 73%] Built target lslidar_msgs__rosidl_typesupport_introspection_c
[2.152s] [ 75%] Linking CXX shared library liblslidar_msgs__rosidl_typesupport_cpp.so
[2.193s] [ 75%] Built target lslidar_msgs__rosidl_typesupport_cpp
[2.285s] [ 76%] Linking CXX shared library liblslidar_msgs__rosidl_typesupport_introspection_cpp.so
[2.341s] [ 78%] Linking CXX shared library liblslidar_msgs__rosidl_typesupport_fastrtps_cpp.so
[2.346s] [ 78%] Built target lslidar_msgs__rosidl_typesupport_introspection_cpp
[2.361s] [ 79%] Linking CXX shared library liblslidar_msgs__rosidl_typesupport_fastrtps_c.so
[2.392s] [ 79%] Built target lslidar_msgs__rosidl_typesupport_fastrtps_cpp
[2.415s] [ 79%] Built target lslidar_msgs__rosidl_typesupport_fastrtps_c
[2.431s] [ 79%] Built target lslidar_msgs
[2.446s] [ 81%] Generating Python code for ROS interfaces
[2.866s] [ 81%] Built target lslidar_msgs__py
[2.882s] [ 82%] Building C object CMakeFiles/lslidar_msgs__rosidl_generator_py.dir/rosidl_generator_py/lslidar_msgs/msg/_lslidar_difop_s.c.o
[2.882s] [ 85%] Building C object CMakeFiles/lslidar_msgs__rosidl_generator_py.dir/rosidl_generator_py/lslidar_msgs/msg/_lslidar_point_s.c.o
[2.882s] [ 85%] Building C object CMakeFiles/lslidar_msgs__rosidl_generator_py.dir/rosidl_generator_py/lslidar_msgs/msg/_lslidar_packet_s.c.o
[2.882s] [ 89%] Building C object CMakeFiles/lslidar_msgs__rosidl_generator_py.dir/rosidl_generator_py/lslidar_msgs/msg/_lslidar_sweep_s.c.o
[2.882s] [ 89%] Building C object CMakeFiles/lslidar_msgs__rosidl_generator_py.dir/rosidl_generator_py/lslidar_msgs/msg/_lslidar_scan_s.c.o
[2.961s] [ 90%] Linking C shared library rosidl_generator_py/lslidar_msgs/liblslidar_msgs__rosidl_generator_py.so
[2.993s] [ 90%] Built target lslidar_msgs__rosidl_generator_py
[3.010s] [ 92%] Building C object CMakeFiles/lslidar_msgs__rosidl_typesupport_fastrtps_c__pyext.dir/rosidl_generator_py/lslidar_msgs/_lslidar_msgs_s.ep.rosidl_typesupport_fastrtps_c.c.o
[3.011s] [ 95%] Building C object CMakeFiles/lslidar_msgs__rosidl_typesupport_c__pyext.dir/rosidl_generator_py/lslidar_msgs/_lslidar_msgs_s.ep.rosidl_typesupport_c.c.o
[3.011s] [ 95%] Building C object CMakeFiles/lslidar_msgs__rosidl_typesupport_introspection_c__pyext.dir/rosidl_generator_py/lslidar_msgs/_lslidar_msgs_s.ep.rosidl_typesupport_introspection_c.c.o
[3.081s] [ 96%] Linking C shared library rosidl_generator_py/lslidar_msgs/lslidar_msgs_s__rosidl_typesupport_fastrtps_c.cpython-310-x86_64-linux-gnu.so
[3.082s] [100%] Linking C shared library rosidl_generator_py/lslidar_msgs/lslidar_msgs_s__rosidl_typesupport_introspection_c.cpython-310-x86_64-linux-gnu.so
[3.082s] [100%] Linking C shared library rosidl_generator_py/lslidar_msgs/lslidar_msgs_s__rosidl_typesupport_c.cpython-310-x86_64-linux-gnu.so
[3.110s] [100%] Built target lslidar_msgs__rosidl_typesupport_introspection_c__pyext
[3.110s] [100%] Built target lslidar_msgs__rosidl_typesupport_c__pyext
[3.110s] [100%] Built target lslidar_msgs__rosidl_typesupport_fastrtps_c__pyext
[3.120s] Invoked command in '/home/ubuntu22/ROS2/n10p_leishen/n10p_ws/build/lslidar_msgs' returned '0': CMAKE_PREFIX_PATH=${CMAKE_PREFIX_PATH}:/opt/ros/humble /usr/bin/cmake --build /home/ubuntu22/ROS2/n10p_leishen/n10p_ws/build/lslidar_msgs -- -j32 -l32
[3.126s] Invoking command in '/home/ubuntu22/ROS2/n10p_leishen/n10p_ws/build/lslidar_msgs': CMAKE_PREFIX_PATH=${CMAKE_PREFIX_PATH}:/opt/ros/humble /usr/bin/cmake --install /home/ubuntu22/ROS2/n10p_leishen/n10p_ws/build/lslidar_msgs
[3.133s] -- Install configuration: ""
[3.133s] -- Execute custom install script
[3.133s] -- Symlinking: /home/ubuntu22/ROS2/n10p_leishen/n10p_ws/install/lslidar_msgs/share/ament_index/resource_index/rosidl_interfaces/lslidar_msgs
[3.140s] -- Symlinking: /home/ubuntu22/ROS2/n10p_leishen/n10p_ws/install/lslidar_msgs/include/lslidar_msgs/lslidar_msgs/msg/detail/lslidar_difop__functions.h
[3.146s] -- Symlinking: /home/ubuntu22/ROS2/n10p_leishen/n10p_ws/install/lslidar_msgs/include/lslidar_msgs/lslidar_msgs/msg/detail/lslidar_difop__struct.h
[3.152s] -- Symlinking: /home/ubuntu22/ROS2/n10p_leishen/n10p_ws/install/lslidar_msgs/include/lslidar_msgs/lslidar_msgs/msg/detail/lslidar_difop__type_support.h
[3.159s] -- Symlinking: /home/ubuntu22/ROS2/n10p_leishen/n10p_ws/install/lslidar_msgs/include/lslidar_msgs/lslidar_msgs/msg/detail/lslidar_packet__functions.h
[3.165s] -- Symlinking: /home/ubuntu22/ROS2/n10p_leishen/n10p_ws/install/lslidar_msgs/include/lslidar_msgs/lslidar_msgs/msg/detail/lslidar_packet__struct.h
[3.172s] -- Symlinking: /home/ubuntu22/ROS2/n10p_leishen/n10p_ws/install/lslidar_msgs/include/lslidar_msgs/lslidar_msgs/msg/detail/lslidar_packet__type_support.h
[3.178s] -- Symlinking: /home/ubuntu22/ROS2/n10p_leishen/n10p_ws/install/lslidar_msgs/include/lslidar_msgs/lslidar_msgs/msg/detail/lslidar_point__functions.h
[3.185s] -- Symlinking: /home/ubuntu22/ROS2/n10p_leishen/n10p_ws/install/lslidar_msgs/include/lslidar_msgs/lslidar_msgs/msg/detail/lslidar_point__struct.h
[3.191s] -- Symlinking: /home/ubuntu22/ROS2/n10p_leishen/n10p_ws/install/lslidar_msgs/include/lslidar_msgs/lslidar_msgs/msg/detail/lslidar_point__type_support.h
[3.197s] -- Symlinking: /home/ubuntu22/ROS2/n10p_leishen/n10p_ws/install/lslidar_msgs/include/lslidar_msgs/lslidar_msgs/msg/detail/lslidar_scan__functions.h
[3.204s] -- Symlinking: /home/ubuntu22/ROS2/n10p_leishen/n10p_ws/install/lslidar_msgs/include/lslidar_msgs/lslidar_msgs/msg/detail/lslidar_scan__struct.h
[3.210s] -- Symlinking: /home/ubuntu22/ROS2/n10p_leishen/n10p_ws/install/lslidar_msgs/include/lslidar_msgs/lslidar_msgs/msg/detail/lslidar_scan__type_support.h
[3.216s] -- Symlinking: /home/ubuntu22/ROS2/n10p_leishen/n10p_ws/install/lslidar_msgs/include/lslidar_msgs/lslidar_msgs/msg/detail/lslidar_sweep__functions.h
[3.223s] -- Symlinking: /home/ubuntu22/ROS2/n10p_leishen/n10p_ws/install/lslidar_msgs/include/lslidar_msgs/lslidar_msgs/msg/detail/lslidar_sweep__struct.h
[3.229s] -- Symlinking: /home/ubuntu22/ROS2/n10p_leishen/n10p_ws/install/lslidar_msgs/include/lslidar_msgs/lslidar_msgs/msg/detail/lslidar_sweep__type_support.h
[3.235s] -- Symlinking: /home/ubuntu22/ROS2/n10p_leishen/n10p_ws/install/lslidar_msgs/include/lslidar_msgs/lslidar_msgs/msg/lslidar_difop.h
[3.242s] -- Symlinking: /home/ubuntu22/ROS2/n10p_leishen/n10p_ws/install/lslidar_msgs/include/lslidar_msgs/lslidar_msgs/msg/lslidar_packet.h
[3.249s] -- Symlinking: /home/ubuntu22/ROS2/n10p_leishen/n10p_ws/install/lslidar_msgs/include/lslidar_msgs/lslidar_msgs/msg/lslidar_point.h
[3.255s] -- Symlinking: /home/ubuntu22/ROS2/n10p_leishen/n10p_ws/install/lslidar_msgs/include/lslidar_msgs/lslidar_msgs/msg/lslidar_scan.h
[3.261s] -- Symlinking: /home/ubuntu22/ROS2/n10p_leishen/n10p_ws/install/lslidar_msgs/include/lslidar_msgs/lslidar_msgs/msg/lslidar_sweep.h
[3.268s] -- Symlinking: /home/ubuntu22/ROS2/n10p_leishen/n10p_ws/install/lslidar_msgs/include/lslidar_msgs/lslidar_msgs/msg/rosidl_generator_c__visibility_control.h
[3.275s] -- Symlinking: /home/ubuntu22/ROS2/n10p_leishen/n10p_ws/install/lslidar_msgs/share/lslidar_msgs/environment/library_path.sh
[3.281s] -- Symlinking: /home/ubuntu22/ROS2/n10p_leishen/n10p_ws/install/lslidar_msgs/share/lslidar_msgs/environment/library_path.dsv
[3.287s] -- Symlinking: /home/ubuntu22/ROS2/n10p_leishen/n10p_ws/install/lslidar_msgs/include/lslidar_msgs/lslidar_msgs/msg/detail/lslidar_difop__rosidl_typesupport_fastrtps_c.h
[3.293s] -- Symlinking: /home/ubuntu22/ROS2/n10p_leishen/n10p_ws/install/lslidar_msgs/include/lslidar_msgs/lslidar_msgs/msg/detail/lslidar_packet__rosidl_typesupport_fastrtps_c.h
[3.300s] -- Symlinking: /home/ubuntu22/ROS2/n10p_leishen/n10p_ws/install/lslidar_msgs/include/lslidar_msgs/lslidar_msgs/msg/detail/lslidar_point__rosidl_typesupport_fastrtps_c.h
[3.306s] -- Symlinking: /home/ubuntu22/ROS2/n10p_leishen/n10p_ws/install/lslidar_msgs/include/lslidar_msgs/lslidar_msgs/msg/detail/lslidar_scan__rosidl_typesupport_fastrtps_c.h
[3.312s] -- Symlinking: /home/ubuntu22/ROS2/n10p_leishen/n10p_ws/install/lslidar_msgs/include/lslidar_msgs/lslidar_msgs/msg/detail/lslidar_sweep__rosidl_typesupport_fastrtps_c.h
[3.319s] -- Symlinking: /home/ubuntu22/ROS2/n10p_leishen/n10p_ws/install/lslidar_msgs/include/lslidar_msgs/lslidar_msgs/msg/rosidl_typesupport_fastrtps_c__visibility_control.h
[3.326s] -- Symlinking: /home/ubuntu22/ROS2/n10p_leishen/n10p_ws/install/lslidar_msgs/include/lslidar_msgs/lslidar_msgs/msg/detail/lslidar_difop__builder.hpp
[3.332s] -- Symlinking: /home/ubuntu22/ROS2/n10p_leishen/n10p_ws/install/lslidar_msgs/include/lslidar_msgs/lslidar_msgs/msg/detail/lslidar_difop__struct.hpp
[3.338s] -- Symlinking: /home/ubuntu22/ROS2/n10p_leishen/n10p_ws/install/lslidar_msgs/include/lslidar_msgs/lslidar_msgs/msg/detail/lslidar_difop__traits.hpp
[3.344s] -- Symlinking: /home/ubuntu22/ROS2/n10p_leishen/n10p_ws/install/lslidar_msgs/include/lslidar_msgs/lslidar_msgs/msg/detail/lslidar_difop__type_support.hpp
[3.350s] -- Symlinking: /home/ubuntu22/ROS2/n10p_leishen/n10p_ws/install/lslidar_msgs/include/lslidar_msgs/lslidar_msgs/msg/detail/lslidar_packet__builder.hpp
[3.356s] -- Symlinking: /home/ubuntu22/ROS2/n10p_leishen/n10p_ws/install/lslidar_msgs/include/lslidar_msgs/lslidar_msgs/msg/detail/lslidar_packet__struct.hpp
[3.363s] -- Symlinking: /home/ubuntu22/ROS2/n10p_leishen/n10p_ws/install/lslidar_msgs/include/lslidar_msgs/lslidar_msgs/msg/detail/lslidar_packet__traits.hpp
[3.369s] -- Symlinking: /home/ubuntu22/ROS2/n10p_leishen/n10p_ws/install/lslidar_msgs/include/lslidar_msgs/lslidar_msgs/msg/detail/lslidar_packet__type_support.hpp
[3.375s] -- Symlinking: /home/ubuntu22/ROS2/n10p_leishen/n10p_ws/install/lslidar_msgs/include/lslidar_msgs/lslidar_msgs/msg/detail/lslidar_point__builder.hpp
[3.381s] -- Symlinking: /home/ubuntu22/ROS2/n10p_leishen/n10p_ws/install/lslidar_msgs/include/lslidar_msgs/lslidar_msgs/msg/detail/lslidar_point__struct.hpp
[3.388s] -- Symlinking: /home/ubuntu22/ROS2/n10p_leishen/n10p_ws/install/lslidar_msgs/include/lslidar_msgs/lslidar_msgs/msg/detail/lslidar_point__traits.hpp
[3.395s] -- Symlinking: /home/ubuntu22/ROS2/n10p_leishen/n10p_ws/install/lslidar_msgs/include/lslidar_msgs/lslidar_msgs/msg/detail/lslidar_point__type_support.hpp
[3.401s] -- Symlinking: /home/ubuntu22/ROS2/n10p_leishen/n10p_ws/install/lslidar_msgs/include/lslidar_msgs/lslidar_msgs/msg/detail/lslidar_scan__builder.hpp
[3.407s] -- Symlinking: /home/ubuntu22/ROS2/n10p_leishen/n10p_ws/install/lslidar_msgs/include/lslidar_msgs/lslidar_msgs/msg/detail/lslidar_scan__struct.hpp
[3.413s] -- Symlinking: /home/ubuntu22/ROS2/n10p_leishen/n10p_ws/install/lslidar_msgs/include/lslidar_msgs/lslidar_msgs/msg/detail/lslidar_scan__traits.hpp
[3.419s] -- Symlinking: /home/ubuntu22/ROS2/n10p_leishen/n10p_ws/install/lslidar_msgs/include/lslidar_msgs/lslidar_msgs/msg/detail/lslidar_scan__type_support.hpp
[3.426s] -- Symlinking: /home/ubuntu22/ROS2/n10p_leishen/n10p_ws/install/lslidar_msgs/include/lslidar_msgs/lslidar_msgs/msg/detail/lslidar_sweep__builder.hpp
[3.432s] -- Symlinking: /home/ubuntu22/ROS2/n10p_leishen/n10p_ws/install/lslidar_msgs/include/lslidar_msgs/lslidar_msgs/msg/detail/lslidar_sweep__struct.hpp
[3.438s] -- Symlinking: /home/ubuntu22/ROS2/n10p_leishen/n10p_ws/install/lslidar_msgs/include/lslidar_msgs/lslidar_msgs/msg/detail/lslidar_sweep__traits.hpp
[3.444s] -- Symlinking: /home/ubuntu22/ROS2/n10p_leishen/n10p_ws/install/lslidar_msgs/include/lslidar_msgs/lslidar_msgs/msg/detail/lslidar_sweep__type_support.hpp
[3.450s] -- Symlinking: /home/ubuntu22/ROS2/n10p_leishen/n10p_ws/install/lslidar_msgs/include/lslidar_msgs/lslidar_msgs/msg/lslidar_difop.hpp
[3.458s] -- Symlinking: /home/ubuntu22/ROS2/n10p_leishen/n10p_ws/install/lslidar_msgs/include/lslidar_msgs/lslidar_msgs/msg/lslidar_packet.hpp
[3.464s] -- Symlinking: /home/ubuntu22/ROS2/n10p_leishen/n10p_ws/install/lslidar_msgs/include/lslidar_msgs/lslidar_msgs/msg/lslidar_point.hpp
[3.471s] -- Symlinking: /home/ubuntu22/ROS2/n10p_leishen/n10p_ws/install/lslidar_msgs/include/lslidar_msgs/lslidar_msgs/msg/lslidar_scan.hpp
[3.477s] -- Symlinking: /home/ubuntu22/ROS2/n10p_leishen/n10p_ws/install/lslidar_msgs/include/lslidar_msgs/lslidar_msgs/msg/lslidar_sweep.hpp
[3.483s] -- Symlinking: /home/ubuntu22/ROS2/n10p_leishen/n10p_ws/install/lslidar_msgs/include/lslidar_msgs/lslidar_msgs/msg/rosidl_generator_cpp__visibility_control.hpp
[3.489s] -- Symlinking: /home/ubuntu22/ROS2/n10p_leishen/n10p_ws/install/lslidar_msgs/include/lslidar_msgs/lslidar_msgs/msg/detail/lslidar_difop__rosidl_typesupport_fastrtps_cpp.hpp
[3.496s] -- Symlinking: /home/ubuntu22/ROS2/n10p_leishen/n10p_ws/install/lslidar_msgs/include/lslidar_msgs/lslidar_msgs/msg/detail/lslidar_packet__rosidl_typesupport_fastrtps_cpp.hpp
[3.503s] -- Symlinking: /home/ubuntu22/ROS2/n10p_leishen/n10p_ws/install/lslidar_msgs/include/lslidar_msgs/lslidar_msgs/msg/detail/lslidar_point__rosidl_typesupport_fastrtps_cpp.hpp
[3.509s] -- Symlinking: /home/ubuntu22/ROS2/n10p_leishen/n10p_ws/install/lslidar_msgs/include/lslidar_msgs/lslidar_msgs/msg/detail/lslidar_scan__rosidl_typesupport_fastrtps_cpp.hpp
[3.515s] -- Symlinking: /home/ubuntu22/ROS2/n10p_leishen/n10p_ws/install/lslidar_msgs/include/lslidar_msgs/lslidar_msgs/msg/detail/lslidar_sweep__rosidl_typesupport_fastrtps_cpp.hpp
[3.521s] -- Symlinking: /home/ubuntu22/ROS2/n10p_leishen/n10p_ws/install/lslidar_msgs/include/lslidar_msgs/lslidar_msgs/msg/rosidl_typesupport_fastrtps_cpp__visibility_control.h
[3.528s] -- Symlinking: /home/ubuntu22/ROS2/n10p_leishen/n10p_ws/install/lslidar_msgs/include/lslidar_msgs/lslidar_msgs/msg/detail/lslidar_difop__rosidl_typesupport_introspection_c.h
[3.534s] -- Symlinking: /home/ubuntu22/ROS2/n10p_leishen/n10p_ws/install/lslidar_msgs/include/lslidar_msgs/lslidar_msgs/msg/detail/lslidar_packet__rosidl_typesupport_introspection_c.h
[3.540s] -- Symlinking: /home/ubuntu22/ROS2/n10p_leishen/n10p_ws/install/lslidar_msgs/include/lslidar_msgs/lslidar_msgs/msg/detail/lslidar_point__rosidl_typesupport_introspection_c.h
[3.546s] -- Symlinking: /home/ubuntu22/ROS2/n10p_leishen/n10p_ws/install/lslidar_msgs/include/lslidar_msgs/lslidar_msgs/msg/detail/lslidar_scan__rosidl_typesupport_introspection_c.h
[3.554s] -- Symlinking: /home/ubuntu22/ROS2/n10p_leishen/n10p_ws/install/lslidar_msgs/include/lslidar_msgs/lslidar_msgs/msg/detail/lslidar_sweep__rosidl_typesupport_introspection_c.h
[3.560s] -- Symlinking: /home/ubuntu22/ROS2/n10p_leishen/n10p_ws/install/lslidar_msgs/include/lslidar_msgs/lslidar_msgs/msg/rosidl_typesupport_introspection_c__visibility_control.h
[3.566s] -- Symlinking: /home/ubuntu22/ROS2/n10p_leishen/n10p_ws/install/lslidar_msgs/include/lslidar_msgs/lslidar_msgs/msg/detail/lslidar_difop__rosidl_typesupport_introspection_cpp.hpp
[3.573s] -- Symlinking: /home/ubuntu22/ROS2/n10p_leishen/n10p_ws/install/lslidar_msgs/include/lslidar_msgs/lslidar_msgs/msg/detail/lslidar_packet__rosidl_typesupport_introspection_cpp.hpp
[3.579s] -- Symlinking: /home/ubuntu22/ROS2/n10p_leishen/n10p_ws/install/lslidar_msgs/include/lslidar_msgs/lslidar_msgs/msg/detail/lslidar_point__rosidl_typesupport_introspection_cpp.hpp
[3.585s] -- Symlinking: /home/ubuntu22/ROS2/n10p_leishen/n10p_ws/install/lslidar_msgs/include/lslidar_msgs/lslidar_msgs/msg/detail/lslidar_scan__rosidl_typesupport_introspection_cpp.hpp
[3.592s] -- Symlinking: /home/ubuntu22/ROS2/n10p_leishen/n10p_ws/install/lslidar_msgs/include/lslidar_msgs/lslidar_msgs/msg/detail/lslidar_sweep__rosidl_typesupport_introspection_cpp.hpp
[3.599s] -- Symlinking: /home/ubuntu22/ROS2/n10p_leishen/n10p_ws/install/lslidar_msgs/share/lslidar_msgs/environment/pythonpath.sh
[3.605s] -- Symlinking: /home/ubuntu22/ROS2/n10p_leishen/n10p_ws/install/lslidar_msgs/share/lslidar_msgs/environment/pythonpath.dsv
[3.611s] -- Symlinking: /home/ubuntu22/ROS2/n10p_leishen/n10p_ws/install/lslidar_msgs/local/lib/python3.10/dist-packages/lslidar_msgs-1.2.0-py3.10.egg-info/PKG-INFO
[3.617s] -- Symlinking: /home/ubuntu22/ROS2/n10p_leishen/n10p_ws/install/lslidar_msgs/local/lib/python3.10/dist-packages/lslidar_msgs-1.2.0-py3.10.egg-info/SOURCES.txt
[3.624s] -- Symlinking: /home/ubuntu22/ROS2/n10p_leishen/n10p_ws/install/lslidar_msgs/local/lib/python3.10/dist-packages/lslidar_msgs-1.2.0-py3.10.egg-info/dependency_links.txt
[3.631s] -- Symlinking: /home/ubuntu22/ROS2/n10p_leishen/n10p_ws/install/lslidar_msgs/local/lib/python3.10/dist-packages/lslidar_msgs-1.2.0-py3.10.egg-info/top_level.txt
[3.638s] -- Symlinking: /home/ubuntu22/ROS2/n10p_leishen/n10p_ws/install/lslidar_msgs/local/lib/python3.10/dist-packages/lslidar_msgs/__init__.py
[3.644s] -- Symlinking: /home/ubuntu22/ROS2/n10p_leishen/n10p_ws/install/lslidar_msgs/local/lib/python3.10/dist-packages/lslidar_msgs/_lslidar_msgs_s.ep.rosidl_typesupport_c.c
[3.650s] -- Symlinking: /home/ubuntu22/ROS2/n10p_leishen/n10p_ws/install/lslidar_msgs/local/lib/python3.10/dist-packages/lslidar_msgs/_lslidar_msgs_s.ep.rosidl_typesupport_fastrtps_c.c
[3.656s] -- Symlinking: /home/ubuntu22/ROS2/n10p_leishen/n10p_ws/install/lslidar_msgs/local/lib/python3.10/dist-packages/lslidar_msgs/_lslidar_msgs_s.ep.rosidl_typesupport_introspection_c.c
[3.663s] -- Symlinking: /home/ubuntu22/ROS2/n10p_leishen/n10p_ws/install/lslidar_msgs/local/lib/python3.10/dist-packages/lslidar_msgs/liblslidar_msgs__rosidl_generator_py.so
[3.669s] -- Symlinking: /home/ubuntu22/ROS2/n10p_leishen/n10p_ws/install/lslidar_msgs/local/lib/python3.10/dist-packages/lslidar_msgs/lslidar_msgs_s__rosidl_typesupport_c.cpython-310-x86_64-linux-gnu.so
[3.675s] -- Symlinking: /home/ubuntu22/ROS2/n10p_leishen/n10p_ws/install/lslidar_msgs/local/lib/python3.10/dist-packages/lslidar_msgs/lslidar_msgs_s__rosidl_typesupport_fastrtps_c.cpython-310-x86_64-linux-gnu.so
[3.681s] -- Symlinking: /home/ubuntu22/ROS2/n10p_leishen/n10p_ws/install/lslidar_msgs/local/lib/python3.10/dist-packages/lslidar_msgs/lslidar_msgs_s__rosidl_typesupport_introspection_c.cpython-310-x86_64-linux-gnu.so
[3.688s] -- Symlinking: /home/ubuntu22/ROS2/n10p_leishen/n10p_ws/install/lslidar_msgs/local/lib/python3.10/dist-packages/lslidar_msgs/msg/__init__.py
[3.694s] -- Symlinking: /home/ubuntu22/ROS2/n10p_leishen/n10p_ws/install/lslidar_msgs/local/lib/python3.10/dist-packages/lslidar_msgs/msg/_lslidar_difop.py
[3.701s] -- Symlinking: /home/ubuntu22/ROS2/n10p_leishen/n10p_ws/install/lslidar_msgs/local/lib/python3.10/dist-packages/lslidar_msgs/msg/_lslidar_difop_s.c
[3.708s] -- Symlinking: /home/ubuntu22/ROS2/n10p_leishen/n10p_ws/install/lslidar_msgs/local/lib/python3.10/dist-packages/lslidar_msgs/msg/_lslidar_packet.py
[3.714s] -- Symlinking: /home/ubuntu22/ROS2/n10p_leishen/n10p_ws/install/lslidar_msgs/local/lib/python3.10/dist-packages/lslidar_msgs/msg/_lslidar_packet_s.c
[3.721s] -- Symlinking: /home/ubuntu22/ROS2/n10p_leishen/n10p_ws/install/lslidar_msgs/local/lib/python3.10/dist-packages/lslidar_msgs/msg/_lslidar_point.py
[3.727s] -- Symlinking: /home/ubuntu22/ROS2/n10p_leishen/n10p_ws/install/lslidar_msgs/local/lib/python3.10/dist-packages/lslidar_msgs/msg/_lslidar_point_s.c
[3.734s] -- Symlinking: /home/ubuntu22/ROS2/n10p_leishen/n10p_ws/install/lslidar_msgs/local/lib/python3.10/dist-packages/lslidar_msgs/msg/_lslidar_scan.py
[3.740s] -- Symlinking: /home/ubuntu22/ROS2/n10p_leishen/n10p_ws/install/lslidar_msgs/local/lib/python3.10/dist-packages/lslidar_msgs/msg/_lslidar_scan_s.c
[3.746s] -- Symlinking: /home/ubuntu22/ROS2/n10p_leishen/n10p_ws/install/lslidar_msgs/local/lib/python3.10/dist-packages/lslidar_msgs/msg/_lslidar_sweep.py
[3.752s] -- Symlinking: /home/ubuntu22/ROS2/n10p_leishen/n10p_ws/install/lslidar_msgs/local/lib/python3.10/dist-packages/lslidar_msgs/msg/_lslidar_sweep_s.c
[3.759s] -- Up-to-date symlink: /home/ubuntu22/ROS2/n10p_leishen/n10p_ws/install/lslidar_msgs/local/lib/python3.10/dist-packages/lslidar_msgs/lslidar_msgs_s__rosidl_typesupport_fastrtps_c.cpython-310-x86_64-linux-gnu.so
[3.760s] -- Up-to-date symlink: /home/ubuntu22/ROS2/n10p_leishen/n10p_ws/install/lslidar_msgs/local/lib/python3.10/dist-packages/lslidar_msgs/lslidar_msgs_s__rosidl_typesupport_introspection_c.cpython-310-x86_64-linux-gnu.so
[3.760s] -- Up-to-date symlink: /home/ubuntu22/ROS2/n10p_leishen/n10p_ws/install/lslidar_msgs/local/lib/python3.10/dist-packages/lslidar_msgs/lslidar_msgs_s__rosidl_typesupport_c.cpython-310-x86_64-linux-gnu.so
[3.760s] -- Symlinking: /home/ubuntu22/ROS2/n10p_leishen/n10p_ws/install/lslidar_msgs/share/ament_index/resource_index/rust_packages/lslidar_msgs
[3.766s] -- Symlinking: /home/ubuntu22/ROS2/n10p_leishen/n10p_ws/install/lslidar_msgs/share/lslidar_msgs/rust/Cargo.toml
[3.773s] -- Symlinking: /home/ubuntu22/ROS2/n10p_leishen/n10p_ws/install/lslidar_msgs/share/lslidar_msgs/rust/build.rs
[3.779s] -- Symlinking: /home/ubuntu22/ROS2/n10p_leishen/n10p_ws/install/lslidar_msgs/share/lslidar_msgs/rust/src/lib.rs
[3.786s] -- Symlinking: /home/ubuntu22/ROS2/n10p_leishen/n10p_ws/install/lslidar_msgs/share/lslidar_msgs/rust/src/msg.rs
[3.792s] -- Symlinking: /home/ubuntu22/ROS2/n10p_leishen/n10p_ws/install/lslidar_msgs/share/lslidar_msgs/rust/src/msg/rmw.rs
[3.798s] -- Symlinking: /home/ubuntu22/ROS2/n10p_leishen/n10p_ws/install/lslidar_msgs/share/lslidar_msgs/msg/LslidarDifop.idl
[3.805s] -- Symlinking: /home/ubuntu22/ROS2/n10p_leishen/n10p_ws/install/lslidar_msgs/share/lslidar_msgs/msg/LslidarPacket.idl
[3.811s] -- Symlinking: /home/ubuntu22/ROS2/n10p_leishen/n10p_ws/install/lslidar_msgs/share/lslidar_msgs/msg/LslidarPoint.idl
[3.818s] -- Symlinking: /home/ubuntu22/ROS2/n10p_leishen/n10p_ws/install/lslidar_msgs/share/lslidar_msgs/msg/LslidarScan.idl
[3.824s] -- Symlinking: /home/ubuntu22/ROS2/n10p_leishen/n10p_ws/install/lslidar_msgs/share/lslidar_msgs/msg/LslidarSweep.idl
[3.830s] -- Symlinking: /home/ubuntu22/ROS2/n10p_leishen/n10p_ws/install/lslidar_msgs/share/lslidar_msgs/msg/LslidarDifop.msg
[3.837s] -- Symlinking: /home/ubuntu22/ROS2/n10p_leishen/n10p_ws/install/lslidar_msgs/share/lslidar_msgs/msg/LslidarPacket.msg
[3.843s] -- Symlinking: /home/ubuntu22/ROS2/n10p_leishen/n10p_ws/install/lslidar_msgs/share/lslidar_msgs/msg/LslidarPoint.msg
[3.849s] -- Symlinking: /home/ubuntu22/ROS2/n10p_leishen/n10p_ws/install/lslidar_msgs/share/lslidar_msgs/msg/LslidarScan.msg
[3.855s] -- Symlinking: /home/ubuntu22/ROS2/n10p_leishen/n10p_ws/install/lslidar_msgs/share/lslidar_msgs/msg/LslidarSweep.msg
[3.861s] -- Symlinking: /home/ubuntu22/ROS2/n10p_leishen/n10p_ws/install/lslidar_msgs/share/ament_index/resource_index/package_run_dependencies/lslidar_msgs
[3.868s] -- Symlinking: /home/ubuntu22/ROS2/n10p_leishen/n10p_ws/install/lslidar_msgs/share/ament_index/resource_index/parent_prefix_path/lslidar_msgs
[3.875s] -- Symlinking: /home/ubuntu22/ROS2/n10p_leishen/n10p_ws/install/lslidar_msgs/share/lslidar_msgs/environment/ament_prefix_path.sh
[3.882s] -- Symlinking: /home/ubuntu22/ROS2/n10p_leishen/n10p_ws/install/lslidar_msgs/share/lslidar_msgs/environment/ament_prefix_path.dsv
[3.889s] -- Symlinking: /home/ubuntu22/ROS2/n10p_leishen/n10p_ws/install/lslidar_msgs/share/lslidar_msgs/environment/path.sh
[3.895s] -- Symlinking: /home/ubuntu22/ROS2/n10p_leishen/n10p_ws/install/lslidar_msgs/share/lslidar_msgs/environment/path.dsv
[3.901s] -- Symlinking: /home/ubuntu22/ROS2/n10p_leishen/n10p_ws/install/lslidar_msgs/share/lslidar_msgs/local_setup.bash
[3.907s] -- Symlinking: /home/ubuntu22/ROS2/n10p_leishen/n10p_ws/install/lslidar_msgs/share/lslidar_msgs/local_setup.sh
[3.913s] -- Symlinking: /home/ubuntu22/ROS2/n10p_leishen/n10p_ws/install/lslidar_msgs/share/lslidar_msgs/local_setup.zsh
[3.919s] -- Symlinking: /home/ubuntu22/ROS2/n10p_leishen/n10p_ws/install/lslidar_msgs/share/lslidar_msgs/local_setup.dsv
[3.925s] -- Symlinking: /home/ubuntu22/ROS2/n10p_leishen/n10p_ws/install/lslidar_msgs/share/lslidar_msgs/package.dsv
[3.933s] -- Symlinking: /home/ubuntu22/ROS2/n10p_leishen/n10p_ws/install/lslidar_msgs/share/ament_index/resource_index/packages/lslidar_msgs
[3.939s] -- Symlinking: /home/ubuntu22/ROS2/n10p_leishen/n10p_ws/install/lslidar_msgs/share/lslidar_msgs/cmake/rosidl_cmake-extras.cmake
[3.946s] -- Symlinking: /home/ubuntu22/ROS2/n10p_leishen/n10p_ws/install/lslidar_msgs/share/lslidar_msgs/cmake/ament_cmake_export_dependencies-extras.cmake
[3.952s] -- Symlinking: /home/ubuntu22/ROS2/n10p_leishen/n10p_ws/install/lslidar_msgs/share/lslidar_msgs/cmake/ament_cmake_export_include_directories-extras.cmake
[3.959s] -- Symlinking: /home/ubuntu22/ROS2/n10p_leishen/n10p_ws/install/lslidar_msgs/share/lslidar_msgs/cmake/ament_cmake_export_libraries-extras.cmake
[3.965s] -- Symlinking: /home/ubuntu22/ROS2/n10p_leishen/n10p_ws/install/lslidar_msgs/share/lslidar_msgs/cmake/ament_cmake_export_targets-extras.cmake
[3.972s] -- Symlinking: /home/ubuntu22/ROS2/n10p_leishen/n10p_ws/install/lslidar_msgs/share/lslidar_msgs/cmake/rosidl_cmake_export_typesupport_targets-extras.cmake
[3.978s] -- Symlinking: /home/ubuntu22/ROS2/n10p_leishen/n10p_ws/install/lslidar_msgs/share/lslidar_msgs/cmake/rosidl_cmake_export_typesupport_libraries-extras.cmake
[3.985s] -- Symlinking: /home/ubuntu22/ROS2/n10p_leishen/n10p_ws/install/lslidar_msgs/share/lslidar_msgs/cmake/lslidar_msgsConfig.cmake
[3.991s] -- Symlinking: /home/ubuntu22/ROS2/n10p_leishen/n10p_ws/install/lslidar_msgs/share/lslidar_msgs/cmake/lslidar_msgsConfig-version.cmake
[3.997s] -- Symlinking: /home/ubuntu22/ROS2/n10p_leishen/n10p_ws/install/lslidar_msgs/share/lslidar_msgs/package.xml
[4.003s] -- Installing: /home/ubuntu22/ROS2/n10p_leishen/n10p_ws/install/lslidar_msgs/lib/liblslidar_msgs__rosidl_generator_c.so
[4.004s] -- Set runtime path of "/home/ubuntu22/ROS2/n10p_leishen/n10p_ws/install/lslidar_msgs/lib/liblslidar_msgs__rosidl_generator_c.so" to ""
[4.004s] -- Installing: /home/ubuntu22/ROS2/n10p_leishen/n10p_ws/install/lslidar_msgs/lib/liblslidar_msgs__rosidl_typesupport_fastrtps_c.so
[4.004s] -- Set runtime path of "/home/ubuntu22/ROS2/n10p_leishen/n10p_ws/install/lslidar_msgs/lib/liblslidar_msgs__rosidl_typesupport_fastrtps_c.so" to ""
[4.004s] -- Installing: /home/ubuntu22/ROS2/n10p_leishen/n10p_ws/install/lslidar_msgs/lib/liblslidar_msgs__rosidl_typesupport_fastrtps_cpp.so
[4.004s] -- Set runtime path of "/home/ubuntu22/ROS2/n10p_leishen/n10p_ws/install/lslidar_msgs/lib/liblslidar_msgs__rosidl_typesupport_fastrtps_cpp.so" to ""
[4.005s] -- Installing: /home/ubuntu22/ROS2/n10p_leishen/n10p_ws/install/lslidar_msgs/lib/liblslidar_msgs__rosidl_typesupport_introspection_c.so
[4.005s] -- Set runtime path of "/home/ubuntu22/ROS2/n10p_leishen/n10p_ws/install/lslidar_msgs/lib/liblslidar_msgs__rosidl_typesupport_introspection_c.so" to ""
[4.005s] -- Installing: /home/ubuntu22/ROS2/n10p_leishen/n10p_ws/install/lslidar_msgs/lib/liblslidar_msgs__rosidl_typesupport_c.so
[4.005s] -- Set runtime path of "/home/ubuntu22/ROS2/n10p_leishen/n10p_ws/install/lslidar_msgs/lib/liblslidar_msgs__rosidl_typesupport_c.so" to ""
[4.005s] -- Installing: /home/ubuntu22/ROS2/n10p_leishen/n10p_ws/install/lslidar_msgs/lib/liblslidar_msgs__rosidl_typesupport_introspection_cpp.so
[4.005s] -- Set runtime path of "/home/ubuntu22/ROS2/n10p_leishen/n10p_ws/install/lslidar_msgs/lib/liblslidar_msgs__rosidl_typesupport_introspection_cpp.so" to ""
[4.006s] -- Installing: /home/ubuntu22/ROS2/n10p_leishen/n10p_ws/install/lslidar_msgs/lib/liblslidar_msgs__rosidl_typesupport_cpp.so
[4.006s] -- Set runtime path of "/home/ubuntu22/ROS2/n10p_leishen/n10p_ws/install/lslidar_msgs/lib/liblslidar_msgs__rosidl_typesupport_cpp.so" to ""
[4.040s] Listing '/home/ubuntu22/ROS2/n10p_leishen/n10p_ws/install/lslidar_msgs/local/lib/python3.10/dist-packages/lslidar_msgs'...
[4.040s] Compiling '/home/ubuntu22/ROS2/n10p_leishen/n10p_ws/install/lslidar_msgs/local/lib/python3.10/dist-packages/lslidar_msgs/__init__.py'...
[4.040s] Listing '/home/ubuntu22/ROS2/n10p_leishen/n10p_ws/install/lslidar_msgs/local/lib/python3.10/dist-packages/lslidar_msgs/msg'...
[4.040s] Compiling '/home/ubuntu22/ROS2/n10p_leishen/n10p_ws/install/lslidar_msgs/local/lib/python3.10/dist-packages/lslidar_msgs/msg/__init__.py'...
[4.040s] Compiling '/home/ubuntu22/ROS2/n10p_leishen/n10p_ws/install/lslidar_msgs/local/lib/python3.10/dist-packages/lslidar_msgs/msg/_lslidar_difop.py'...
[4.040s] Compiling '/home/ubuntu22/ROS2/n10p_leishen/n10p_ws/install/lslidar_msgs/local/lib/python3.10/dist-packages/lslidar_msgs/msg/_lslidar_packet.py'...
[4.040s] Compiling '/home/ubuntu22/ROS2/n10p_leishen/n10p_ws/install/lslidar_msgs/local/lib/python3.10/dist-packages/lslidar_msgs/msg/_lslidar_point.py'...
[4.040s] Compiling '/home/ubuntu22/ROS2/n10p_leishen/n10p_ws/install/lslidar_msgs/local/lib/python3.10/dist-packages/lslidar_msgs/msg/_lslidar_scan.py'...
[4.040s] Compiling '/home/ubuntu22/ROS2/n10p_leishen/n10p_ws/install/lslidar_msgs/local/lib/python3.10/dist-packages/lslidar_msgs/msg/_lslidar_sweep.py'...
[4.042s] -- Installing: /home/ubuntu22/ROS2/n10p_leishen/n10p_ws/install/lslidar_msgs/lib/liblslidar_msgs__rosidl_generator_py.so
[4.043s] -- Set runtime path of "/home/ubuntu22/ROS2/n10p_leishen/n10p_ws/install/lslidar_msgs/lib/liblslidar_msgs__rosidl_generator_py.so" to ""
[4.043s] -- Installing: /home/ubuntu22/ROS2/n10p_leishen/n10p_ws/install/lslidar_msgs/share/lslidar_msgs/cmake/export_lslidar_msgs__rosidl_generator_cExport.cmake
[4.043s] -- Installing: /home/ubuntu22/ROS2/n10p_leishen/n10p_ws/install/lslidar_msgs/share/lslidar_msgs/cmake/export_lslidar_msgs__rosidl_generator_cExport-noconfig.cmake
[4.043s] -- Installing: /home/ubuntu22/ROS2/n10p_leishen/n10p_ws/install/lslidar_msgs/share/lslidar_msgs/cmake/export_lslidar_msgs__rosidl_typesupport_fastrtps_cExport.cmake
[4.043s] -- Installing: /home/ubuntu22/ROS2/n10p_leishen/n10p_ws/install/lslidar_msgs/share/lslidar_msgs/cmake/export_lslidar_msgs__rosidl_typesupport_fastrtps_cExport-noconfig.cmake
[4.043s] -- Installing: /home/ubuntu22/ROS2/n10p_leishen/n10p_ws/install/lslidar_msgs/share/lslidar_msgs/cmake/export_lslidar_msgs__rosidl_generator_cppExport.cmake
[4.044s] -- Installing: /home/ubuntu22/ROS2/n10p_leishen/n10p_ws/install/lslidar_msgs/share/lslidar_msgs/cmake/export_lslidar_msgs__rosidl_typesupport_fastrtps_cppExport.cmake
[4.044s] -- Installing: /home/ubuntu22/ROS2/n10p_leishen/n10p_ws/install/lslidar_msgs/share/lslidar_msgs/cmake/export_lslidar_msgs__rosidl_typesupport_fastrtps_cppExport-noconfig.cmake
[4.044s] -- Installing: /home/ubuntu22/ROS2/n10p_leishen/n10p_ws/install/lslidar_msgs/share/lslidar_msgs/cmake/lslidar_msgs__rosidl_typesupport_introspection_cExport.cmake
[4.044s] -- Installing: /home/ubuntu22/ROS2/n10p_leishen/n10p_ws/install/lslidar_msgs/share/lslidar_msgs/cmake/lslidar_msgs__rosidl_typesupport_introspection_cExport-noconfig.cmake
[4.044s] -- Installing: /home/ubuntu22/ROS2/n10p_leishen/n10p_ws/install/lslidar_msgs/share/lslidar_msgs/cmake/lslidar_msgs__rosidl_typesupport_cExport.cmake
[4.044s] -- Installing: /home/ubuntu22/ROS2/n10p_leishen/n10p_ws/install/lslidar_msgs/share/lslidar_msgs/cmake/lslidar_msgs__rosidl_typesupport_cExport-noconfig.cmake
[4.044s] -- Installing: /home/ubuntu22/ROS2/n10p_leishen/n10p_ws/install/lslidar_msgs/share/lslidar_msgs/cmake/lslidar_msgs__rosidl_typesupport_introspection_cppExport.cmake
[4.045s] -- Installing: /home/ubuntu22/ROS2/n10p_leishen/n10p_ws/install/lslidar_msgs/share/lslidar_msgs/cmake/lslidar_msgs__rosidl_typesupport_introspection_cppExport-noconfig.cmake
[4.045s] -- Installing: /home/ubuntu22/ROS2/n10p_leishen/n10p_ws/install/lslidar_msgs/share/lslidar_msgs/cmake/lslidar_msgs__rosidl_typesupport_cppExport.cmake
[4.045s] -- Installing: /home/ubuntu22/ROS2/n10p_leishen/n10p_ws/install/lslidar_msgs/share/lslidar_msgs/cmake/lslidar_msgs__rosidl_typesupport_cppExport-noconfig.cmake
[4.045s] -- Installing: /home/ubuntu22/ROS2/n10p_leishen/n10p_ws/install/lslidar_msgs/share/lslidar_msgs/cmake/export_lslidar_msgs__rosidl_generator_pyExport.cmake
[4.045s] -- Installing: /home/ubuntu22/ROS2/n10p_leishen/n10p_ws/install/lslidar_msgs/share/lslidar_msgs/cmake/export_lslidar_msgs__rosidl_generator_pyExport-noconfig.cmake
[4.047s] Invoked command in '/home/ubuntu22/ROS2/n10p_leishen/n10p_ws/build/lslidar_msgs' returned '0': CMAKE_PREFIX_PATH=${CMAKE_PREFIX_PATH}:/opt/ros/humble /usr/bin/cmake --install /home/ubuntu22/ROS2/n10p_leishen/n10p_ws/build/lslidar_msgs
