/home/ubuntu22/ROS2/n10p_leishen/n10p_ws/install/n10p_bringup/lib/python3.10/site-packages/n10p_bringup/dummy_odom_node.py
/home/ubuntu22/ROS2/n10p_leishen/n10p_ws/install/n10p_bringup/lib/python3.10/site-packages/n10p_bringup/ano_bridge_node.py
/home/ubuntu22/ROS2/n10p_leishen/n10p_ws/install/n10p_bringup/lib/python3.10/site-packages/n10p_bringup/__init__.py
/home/ubuntu22/ROS2/n10p_leishen/n10p_ws/install/n10p_bringup/lib/python3.10/site-packages/n10p_bringup/keyboard_odom_node.py
/home/ubuntu22/ROS2/n10p_leishen/n10p_ws/install/n10p_bringup/lib/python3.10/site-packages/n10p_bringup/__pycache__/dummy_odom_node.cpython-310.pyc
/home/ubuntu22/ROS2/n10p_leishen/n10p_ws/install/n10p_bringup/lib/python3.10/site-packages/n10p_bringup/__pycache__/ano_bridge_node.cpython-310.pyc
/home/ubuntu22/ROS2/n10p_leishen/n10p_ws/install/n10p_bringup/lib/python3.10/site-packages/n10p_bringup/__pycache__/__init__.cpython-310.pyc
/home/ubuntu22/ROS2/n10p_leishen/n10p_ws/install/n10p_bringup/lib/python3.10/site-packages/n10p_bringup/__pycache__/keyboard_odom_node.cpython-310.pyc
/home/ubuntu22/ROS2/n10p_leishen/n10p_ws/install/n10p_bringup/share/ament_index/resource_index/packages/n10p_bringup
/home/ubuntu22/ROS2/n10p_leishen/n10p_ws/install/n10p_bringup/share/n10p_bringup/package.xml
/home/ubuntu22/ROS2/n10p_leishen/n10p_ws/install/n10p_bringup/share/n10p_bringup/launch/n10p_bringup_launch.py
/home/ubuntu22/ROS2/n10p_leishen/n10p_ws/install/n10p_bringup/share/n10p_bringup/params/ano_bridge.yaml
/home/ubuntu22/ROS2/n10p_leishen/n10p_ws/install/n10p_bringup/lib/python3.10/site-packages/n10p_bringup-0.1.0-py3.10.egg-info/zip-safe
/home/ubuntu22/ROS2/n10p_leishen/n10p_ws/install/n10p_bringup/lib/python3.10/site-packages/n10p_bringup-0.1.0-py3.10.egg-info/top_level.txt
/home/ubuntu22/ROS2/n10p_leishen/n10p_ws/install/n10p_bringup/lib/python3.10/site-packages/n10p_bringup-0.1.0-py3.10.egg-info/dependency_links.txt
/home/ubuntu22/ROS2/n10p_leishen/n10p_ws/install/n10p_bringup/lib/python3.10/site-packages/n10p_bringup-0.1.0-py3.10.egg-info/requires.txt
/home/ubuntu22/ROS2/n10p_leishen/n10p_ws/install/n10p_bringup/lib/python3.10/site-packages/n10p_bringup-0.1.0-py3.10.egg-info/entry_points.txt
/home/ubuntu22/ROS2/n10p_leishen/n10p_ws/install/n10p_bringup/lib/python3.10/site-packages/n10p_bringup-0.1.0-py3.10.egg-info/SOURCES.txt
/home/ubuntu22/ROS2/n10p_leishen/n10p_ws/install/n10p_bringup/lib/python3.10/site-packages/n10p_bringup-0.1.0-py3.10.egg-info/PKG-INFO
/home/ubuntu22/ROS2/n10p_leishen/n10p_ws/install/n10p_bringup/lib/n10p_bringup/ano_bridge_node
/home/ubuntu22/ROS2/n10p_leishen/n10p_ws/install/n10p_bringup/lib/n10p_bringup/dummy_odom_node
/home/ubuntu22/ROS2/n10p_leishen/n10p_ws/install/n10p_bringup/lib/n10p_bringup/keyboard_odom_node
