running egg_info
writing ../../build/n10p_gazebo/n10p_gazebo.egg-info/PKG-INFO
writing dependency_links to ../../build/n10p_gazebo/n10p_gazebo.egg-info/dependency_links.txt
writing entry points to ../../build/n10p_gazebo/n10p_gazebo.egg-info/entry_points.txt
writing requirements to ../../build/n10p_gazebo/n10p_gazebo.egg-info/requires.txt
writing top-level names to ../../build/n10p_gazebo/n10p_gazebo.egg-info/top_level.txt
reading manifest file '../../build/n10p_gazebo/n10p_gazebo.egg-info/SOURCES.txt'
writing manifest file '../../build/n10p_gazebo/n10p_gazebo.egg-info/SOURCES.txt'
running build
running build_py
copying n10p_gazebo/__init__.py -> /home/ubuntu22/ROS2/n10p_leishen/n10p_ws/build/n10p_gazebo/build/lib/n10p_gazebo
copying n10p_gazebo/scan_relay.py -> /home/ubuntu22/ROS2/n10p_leishen/n10p_ws/build/n10p_gazebo/build/lib/n10p_gazebo
running install
running install_lib
running install_data
copying resource/n10p_gazebo -> /home/ubuntu22/ROS2/n10p_leishen/n10p_ws/install/n10p_gazebo/share/ament_index/resource_index/packages
copying package.xml -> /home/ubuntu22/ROS2/n10p_leishen/n10p_ws/install/n10p_gazebo/share/n10p_gazebo
copying launch/sim_launch.py -> /home/ubuntu22/ROS2/n10p_leishen/n10p_ws/install/n10p_gazebo/share/n10p_gazebo/launch
copying worlds/simple_obstacles.world -> /home/ubuntu22/ROS2/n10p_leishen/n10p_ws/install/n10p_gazebo/share/n10p_gazebo/worlds
copying config/n10p_sim.rviz -> /home/ubuntu22/ROS2/n10p_leishen/n10p_ws/install/n10p_gazebo/share/n10p_gazebo/config
running install_egg_info
removing '/home/ubuntu22/ROS2/n10p_leishen/n10p_ws/install/n10p_gazebo/lib/python3.10/site-packages/n10p_gazebo-0.1.0-py3.10.egg-info' (and everything under it)
Copying ../../build/n10p_gazebo/n10p_gazebo.egg-info to /home/ubuntu22/ROS2/n10p_leishen/n10p_ws/install/n10p_gazebo/lib/python3.10/site-packages/n10p_gazebo-0.1.0-py3.10.egg-info
running install_scripts
Installing scan_relay script to /home/ubuntu22/ROS2/n10p_leishen/n10p_ws/install/n10p_gazebo/bin
writing list of installed files to '/home/ubuntu22/ROS2/n10p_leishen/n10p_ws/build/n10p_gazebo/install.log'
