running egg_info
creating ../../build/n10p_gazebo/n10p_gazebo.egg-info
writing ../../build/n10p_gazebo/n10p_gazebo.egg-info/PKG-INFO
writing dependency_links to ../../build/n10p_gazebo/n10p_gazebo.egg-info/dependency_links.txt
writing requirements to ../../build/n10p_gazebo/n10p_gazebo.egg-info/requires.txt
writing top-level names to ../../build/n10p_gazebo/n10p_gazebo.egg-info/top_level.txt
writing manifest file '../../build/n10p_gazebo/n10p_gazebo.egg-info/SOURCES.txt'
reading manifest file '../../build/n10p_gazebo/n10p_gazebo.egg-info/SOURCES.txt'
writing manifest file '../../build/n10p_gazebo/n10p_gazebo.egg-info/SOURCES.txt'
running build
running build_py
creating /home/ubuntu22/ROS2/n10p_leishen/n10p_ws/build/n10p_gazebo/build/lib/n10p_gazebo
copying n10p_gazebo/__init__.py -> /home/ubuntu22/ROS2/n10p_leishen/n10p_ws/build/n10p_gazebo/build/lib/n10p_gazebo
running install
running install_lib
creating /home/ubuntu22/ROS2/n10p_leishen/n10p_ws/install/n10p_gazebo/lib/python3.10/site-packages/n10p_gazebo
copying /home/ubuntu22/ROS2/n10p_leishen/n10p_ws/build/n10p_gazebo/build/lib/n10p_gazebo/__init__.py -> /home/ubuntu22/ROS2/n10p_leishen/n10p_ws/install/n10p_gazebo/lib/python3.10/site-packages/n10p_gazebo
byte-compiling /home/ubuntu22/ROS2/n10p_leishen/n10p_ws/install/n10p_gazebo/lib/python3.10/site-packages/n10p_gazebo/__init__.py to __init__.cpython-310.pyc
running install_data
creating /home/ubuntu22/ROS2/n10p_leishen/n10p_ws/install/n10p_gazebo/share/ament_index/resource_index/packages
copying resource/n10p_gazebo -> /home/ubuntu22/ROS2/n10p_leishen/n10p_ws/install/n10p_gazebo/share/ament_index/resource_index/packages
copying package.xml -> /home/ubuntu22/ROS2/n10p_leishen/n10p_ws/install/n10p_gazebo/share/n10p_gazebo
creating /home/ubuntu22/ROS2/n10p_leishen/n10p_ws/install/n10p_gazebo/share/n10p_gazebo/launch
copying launch/sim_launch.py -> /home/ubuntu22/ROS2/n10p_leishen/n10p_ws/install/n10p_gazebo/share/n10p_gazebo/launch
creating /home/ubuntu22/ROS2/n10p_leishen/n10p_ws/install/n10p_gazebo/share/n10p_gazebo/urdf
copying urdf/n10p_drone.urdf -> /home/ubuntu22/ROS2/n10p_leishen/n10p_ws/install/n10p_gazebo/share/n10p_gazebo/urdf
creating /home/ubuntu22/ROS2/n10p_leishen/n10p_ws/install/n10p_gazebo/share/n10p_gazebo/worlds
copying worlds/simple_obstacles.world -> /home/ubuntu22/ROS2/n10p_leishen/n10p_ws/install/n10p_gazebo/share/n10p_gazebo/worlds
creating /home/ubuntu22/ROS2/n10p_leishen/n10p_ws/install/n10p_gazebo/share/n10p_gazebo/config
copying config/n10p_sim_nav.yaml -> /home/ubuntu22/ROS2/n10p_leishen/n10p_ws/install/n10p_gazebo/share/n10p_gazebo/config
copying config/n10p_sim.rviz -> /home/ubuntu22/ROS2/n10p_leishen/n10p_ws/install/n10p_gazebo/share/n10p_gazebo/config
running install_egg_info
Copying ../../build/n10p_gazebo/n10p_gazebo.egg-info to /home/ubuntu22/ROS2/n10p_leishen/n10p_ws/install/n10p_gazebo/lib/python3.10/site-packages/n10p_gazebo-0.1.0-py3.10.egg-info
running install_scripts
writing list of installed files to '/home/ubuntu22/ROS2/n10p_leishen/n10p_ws/build/n10p_gazebo/install.log'
