[0.455s] Invoking command in '/home/ubuntu22/ROS2/n10p_leishen/n10p_ws/src/n10p_gazebo': PYTHONPATH=/home/ubuntu22/ROS2/n10p_leishen/n10p_ws/build/n10p_gazebo/prefix_override:/usr/lib/python3/dist-packages/colcon_core/task/python/colcon_distutils_commands:/home/ubuntu22/ROS2/n10p_leishen/n10p_ws/install/n10p_gazebo/lib/python3.10/site-packages:${PYTHONPATH} /usr/bin/python3 -W ignore:setup.py install is deprecated -W ignore:easy_install command is deprecated setup.py egg_info --egg-base ../../build/n10p_gazebo build --build-base /home/ubuntu22/ROS2/n10p_leishen/n10p_ws/build/n10p_gazebo/build install --record /home/ubuntu22/ROS2/n10p_leishen/n10p_ws/build/n10p_gazebo/install.log --single-version-externally-managed install_data
[0.592s] running egg_info
[0.600s] writing ../../build/n10p_gazebo/n10p_gazebo.egg-info/PKG-INFO
[0.600s] writing dependency_links to ../../build/n10p_gazebo/n10p_gazebo.egg-info/dependency_links.txt
[0.600s] writing entry points to ../../build/n10p_gazebo/n10p_gazebo.egg-info/entry_points.txt
[0.601s] writing requirements to ../../build/n10p_gazebo/n10p_gazebo.egg-info/requires.txt
[0.601s] writing top-level names to ../../build/n10p_gazebo/n10p_gazebo.egg-info/top_level.txt
[0.619s] reading manifest file '../../build/n10p_gazebo/n10p_gazebo.egg-info/SOURCES.txt'
[0.619s] writing manifest file '../../build/n10p_gazebo/n10p_gazebo.egg-info/SOURCES.txt'
[0.620s] running build
[0.620s] running build_py
[0.620s] copying n10p_gazebo/__init__.py -> /home/ubuntu22/ROS2/n10p_leishen/n10p_ws/build/n10p_gazebo/build/lib/n10p_gazebo
[0.620s] copying n10p_gazebo/scan_relay.py -> /home/ubuntu22/ROS2/n10p_leishen/n10p_ws/build/n10p_gazebo/build/lib/n10p_gazebo
[0.620s] running install
[0.622s] running install_lib
[0.632s] running install_data
[0.632s] copying resource/n10p_gazebo -> /home/ubuntu22/ROS2/n10p_leishen/n10p_ws/install/n10p_gazebo/share/ament_index/resource_index/packages
[0.632s] copying package.xml -> /home/ubuntu22/ROS2/n10p_leishen/n10p_ws/install/n10p_gazebo/share/n10p_gazebo
[0.632s] copying launch/sim_launch.py -> /home/ubuntu22/ROS2/n10p_leishen/n10p_ws/install/n10p_gazebo/share/n10p_gazebo/launch
[0.632s] copying worlds/simple_obstacles.world -> /home/ubuntu22/ROS2/n10p_leishen/n10p_ws/install/n10p_gazebo/share/n10p_gazebo/worlds
[0.633s] copying config/n10p_sim_nav.yaml -> /home/ubuntu22/ROS2/n10p_leishen/n10p_ws/install/n10p_gazebo/share/n10p_gazebo/config
[0.633s] copying config/n10p_sim.rviz -> /home/ubuntu22/ROS2/n10p_leishen/n10p_ws/install/n10p_gazebo/share/n10p_gazebo/config
[0.633s] running install_egg_info
[0.642s] removing '/home/ubuntu22/ROS2/n10p_leishen/n10p_ws/install/n10p_gazebo/lib/python3.10/site-packages/n10p_gazebo-0.1.0-py3.10.egg-info' (and everything under it)
[0.642s] Copying ../../build/n10p_gazebo/n10p_gazebo.egg-info to /home/ubuntu22/ROS2/n10p_leishen/n10p_ws/install/n10p_gazebo/lib/python3.10/site-packages/n10p_gazebo-0.1.0-py3.10.egg-info
[0.643s] running install_scripts
[0.661s] Installing scan_relay script to /home/ubuntu22/ROS2/n10p_leishen/n10p_ws/install/n10p_gazebo/bin
[0.661s] writing list of installed files to '/home/ubuntu22/ROS2/n10p_leishen/n10p_ws/build/n10p_gazebo/install.log'
[0.675s] Invoked command in '/home/ubuntu22/ROS2/n10p_leishen/n10p_ws/src/n10p_gazebo' returned '0': PYTHONPATH=/home/ubuntu22/ROS2/n10p_leishen/n10p_ws/build/n10p_gazebo/prefix_override:/usr/lib/python3/dist-packages/colcon_core/task/python/colcon_distutils_commands:/home/ubuntu22/ROS2/n10p_leishen/n10p_ws/install/n10p_gazebo/lib/python3.10/site-packages:${PYTHONPATH} /usr/bin/python3 -W ignore:setup.py install is deprecated -W ignore:easy_install command is deprecated setup.py egg_info --egg-base ../../build/n10p_gazebo build --build-base /home/ubuntu22/ROS2/n10p_leishen/n10p_ws/build/n10p_gazebo/build install --record /home/ubuntu22/ROS2/n10p_leishen/n10p_ws/build/n10p_gazebo/install.log --single-version-externally-managed install_data
