[0.462s] Invoking command in '/home/ubuntu22/ROS2/n10p_leishen/n10p_ws/src/n10p_nav': AMENT_PREFIX_PATH=/home/ubuntu22/ROS2/n10p_leishen/install/n10p_bringup:${AMENT_PREFIX_PATH} PYTHONPATH=/home/ubuntu22/ROS2/n10p_leishen/build/n10p_nav/prefix_override:/usr/lib/python3/dist-packages/colcon_core/task/python/colcon_distutils_commands:/home/ubuntu22/ROS2/n10p_leishen/install/n10p_nav/lib/python3.10/site-packages:/home/ubuntu22/ROS2/n10p_leishen/install/n10p_bringup/lib/python3.10/site-packages:${PYTHONPATH} /usr/bin/python3 -W ignore:setup.py install is deprecated -W ignore:easy_install command is deprecated setup.py egg_info --egg-base ../../../build/n10p_nav build --build-base /home/ubuntu22/ROS2/n10p_leishen/build/n10p_nav/build install --record /home/ubuntu22/ROS2/n10p_leishen/build/n10p_nav/install.log --single-version-externally-managed install_data
[0.596s] running egg_info
[0.604s] creating ../../../build/n10p_nav/n10p_nav.egg-info
[0.604s] writing ../../../build/n10p_nav/n10p_nav.egg-info/PKG-INFO
[0.605s] writing dependency_links to ../../../build/n10p_nav/n10p_nav.egg-info/dependency_links.txt
[0.605s] writing requirements to ../../../build/n10p_nav/n10p_nav.egg-info/requires.txt
[0.605s] writing top-level names to ../../../build/n10p_nav/n10p_nav.egg-info/top_level.txt
[0.605s] writing manifest file '../../../build/n10p_nav/n10p_nav.egg-info/SOURCES.txt'
[0.622s] reading manifest file '../../../build/n10p_nav/n10p_nav.egg-info/SOURCES.txt'
[0.623s] writing manifest file '../../../build/n10p_nav/n10p_nav.egg-info/SOURCES.txt'
[0.623s] running build
[0.623s] running build_py
[0.623s] creating /home/ubuntu22/ROS2/n10p_leishen/build/n10p_nav/build/lib/n10p_nav
[0.623s] copying n10p_nav/__init__.py -> /home/ubuntu22/ROS2/n10p_leishen/build/n10p_nav/build/lib/n10p_nav
[0.623s] running install
[0.625s] running install_lib
[0.634s] creating /home/ubuntu22/ROS2/n10p_leishen/install/n10p_nav/lib/python3.10/site-packages/n10p_nav
[0.634s] copying /home/ubuntu22/ROS2/n10p_leishen/build/n10p_nav/build/lib/n10p_nav/__init__.py -> /home/ubuntu22/ROS2/n10p_leishen/install/n10p_nav/lib/python3.10/site-packages/n10p_nav
[0.634s] byte-compiling /home/ubuntu22/ROS2/n10p_leishen/install/n10p_nav/lib/python3.10/site-packages/n10p_nav/__init__.py to __init__.cpython-310.pyc
[0.634s] running install_data
[0.634s] creating /home/ubuntu22/ROS2/n10p_leishen/install/n10p_nav/share/ament_index/resource_index/packages
[0.634s] copying resource/n10p_nav -> /home/ubuntu22/ROS2/n10p_leishen/install/n10p_nav/share/ament_index/resource_index/packages
[0.634s] copying package.xml -> /home/ubuntu22/ROS2/n10p_leishen/install/n10p_nav/share/n10p_nav
[0.634s] creating /home/ubuntu22/ROS2/n10p_leishen/install/n10p_nav/share/n10p_nav/launch
[0.634s] copying launch/nav_launch.py -> /home/ubuntu22/ROS2/n10p_leishen/install/n10p_nav/share/n10p_nav/launch
[0.635s] creating /home/ubuntu22/ROS2/n10p_leishen/install/n10p_nav/share/n10p_nav/config
[0.635s] copying config/nav2_params_n10p.yaml -> /home/ubuntu22/ROS2/n10p_leishen/install/n10p_nav/share/n10p_nav/config
[0.635s] copying config/n10p_nav.rviz -> /home/ubuntu22/ROS2/n10p_leishen/install/n10p_nav/share/n10p_nav/config
[0.635s] running install_egg_info
[0.644s] Copying ../../../build/n10p_nav/n10p_nav.egg-info to /home/ubuntu22/ROS2/n10p_leishen/install/n10p_nav/lib/python3.10/site-packages/n10p_nav-0.1.0-py3.10.egg-info
[0.644s] running install_scripts
[0.661s] writing list of installed files to '/home/ubuntu22/ROS2/n10p_leishen/build/n10p_nav/install.log'
[0.673s] Invoked command in '/home/ubuntu22/ROS2/n10p_leishen/n10p_ws/src/n10p_nav' returned '0': AMENT_PREFIX_PATH=/home/ubuntu22/ROS2/n10p_leishen/install/n10p_bringup:${AMENT_PREFIX_PATH} PYTHONPATH=/home/ubuntu22/ROS2/n10p_leishen/build/n10p_nav/prefix_override:/usr/lib/python3/dist-packages/colcon_core/task/python/colcon_distutils_commands:/home/ubuntu22/ROS2/n10p_leishen/install/n10p_nav/lib/python3.10/site-packages:/home/ubuntu22/ROS2/n10p_leishen/install/n10p_bringup/lib/python3.10/site-packages:${PYTHONPATH} /usr/bin/python3 -W ignore:setup.py install is deprecated -W ignore:easy_install command is deprecated setup.py egg_info --egg-base ../../../build/n10p_nav build --build-base /home/ubuntu22/ROS2/n10p_leishen/build/n10p_nav/build install --record /home/ubuntu22/ROS2/n10p_leishen/build/n10p_nav/install.log --single-version-externally-managed install_data
