-- The C compiler identification is GNU 11.4.0
-- The CXX compiler identification is GNU 11.4.0
-- Detecting C compiler ABI info
-- Detecting C compiler ABI info - done
-- Check for working C compiler: /usr/bin/cc - skipped
-- Detecting C compile features
-- Detecting C compile features - done
-- Detecting CXX compiler ABI info
-- Detecting CXX compiler ABI info - done
-- Check for working CXX compiler: /usr/bin/c++ - skipped
-- Detecting CXX compile features
-- Detecting CXX compile features - done
-- Found ament_cmake: 1.3.14 (/opt/ros/humble/share/ament_cmake/cmake)
-- Found Python3: /usr/bin/python3 (found version "3.10.12") found components: Interpreter 
-- Override CMake install command with custom implementation using symlinks instead of copying resources
-- Configuring done
-- Generating done
-- Build files have been written to: /home/ubuntu22/ROS2/n10p_leishen/n10p_ws/build/n10p_bringup
Built target ament_cmake_python_symlink_n10p_bringup
Built target ament_cmake_python_symlink_n10p_bringup_setup
running egg_info
creating n10p_bringup.egg-info
writing n10p_bringup.egg-info/PKG-INFO
writing dependency_links to n10p_bringup.egg-info/dependency_links.txt
writing top-level names to n10p_bringup.egg-info/top_level.txt
writing manifest file 'n10p_bringup.egg-info/SOURCES.txt'
reading manifest file 'n10p_bringup.egg-info/SOURCES.txt'
writing manifest file 'n10p_bringup.egg-info/SOURCES.txt'
Built target ament_cmake_python_build_n10p_bringup_egg
-- Install configuration: ""
-- Execute custom install script
-- Symlinking: /home/ubuntu22/ROS2/n10p_leishen/n10p_ws/install/n10p_bringup/share/n10p_bringup/environment/pythonpath.sh
-- Symlinking: /home/ubuntu22/ROS2/n10p_leishen/n10p_ws/install/n10p_bringup/share/n10p_bringup/environment/pythonpath.dsv
-- Symlinking: /home/ubuntu22/ROS2/n10p_leishen/n10p_ws/install/n10p_bringup/local/lib/python3.10/dist-packages/n10p_bringup-0.1.0-py3.10.egg-info/PKG-INFO
-- Symlinking: /home/ubuntu22/ROS2/n10p_leishen/n10p_ws/install/n10p_bringup/local/lib/python3.10/dist-packages/n10p_bringup-0.1.0-py3.10.egg-info/SOURCES.txt
-- Symlinking: /home/ubuntu22/ROS2/n10p_leishen/n10p_ws/install/n10p_bringup/local/lib/python3.10/dist-packages/n10p_bringup-0.1.0-py3.10.egg-info/dependency_links.txt
-- Symlinking: /home/ubuntu22/ROS2/n10p_leishen/n10p_ws/install/n10p_bringup/local/lib/python3.10/dist-packages/n10p_bringup-0.1.0-py3.10.egg-info/top_level.txt
-- Symlinking: /home/ubuntu22/ROS2/n10p_leishen/n10p_ws/install/n10p_bringup/local/lib/python3.10/dist-packages/n10p_bringup/__init__.py
-- Symlinking: /home/ubuntu22/ROS2/n10p_leishen/n10p_ws/install/n10p_bringup/local/lib/python3.10/dist-packages/n10p_bringup/ano_bridge_node.py
-- Symlinking: /home/ubuntu22/ROS2/n10p_leishen/n10p_ws/install/n10p_bringup/share/n10p_bringup/launch/n10p_bringup_launch.py
-- Symlinking: /home/ubuntu22/ROS2/n10p_leishen/n10p_ws/install/n10p_bringup/share/n10p_bringup/params/ano_bridge.yaml
-- Symlinking: /home/ubuntu22/ROS2/n10p_leishen/n10p_ws/install/n10p_bringup/share/ament_index/resource_index/package_run_dependencies/n10p_bringup
-- Symlinking: /home/ubuntu22/ROS2/n10p_leishen/n10p_ws/install/n10p_bringup/share/ament_index/resource_index/parent_prefix_path/n10p_bringup
-- Symlinking: /home/ubuntu22/ROS2/n10p_leishen/n10p_ws/install/n10p_bringup/share/n10p_bringup/environment/ament_prefix_path.sh
-- Symlinking: /home/ubuntu22/ROS2/n10p_leishen/n10p_ws/install/n10p_bringup/share/n10p_bringup/environment/ament_prefix_path.dsv
-- Symlinking: /home/ubuntu22/ROS2/n10p_leishen/n10p_ws/install/n10p_bringup/share/n10p_bringup/environment/path.sh
-- Symlinking: /home/ubuntu22/ROS2/n10p_leishen/n10p_ws/install/n10p_bringup/share/n10p_bringup/environment/path.dsv
-- Symlinking: /home/ubuntu22/ROS2/n10p_leishen/n10p_ws/install/n10p_bringup/share/n10p_bringup/local_setup.bash
-- Symlinking: /home/ubuntu22/ROS2/n10p_leishen/n10p_ws/install/n10p_bringup/share/n10p_bringup/local_setup.sh
-- Symlinking: /home/ubuntu22/ROS2/n10p_leishen/n10p_ws/install/n10p_bringup/share/n10p_bringup/local_setup.zsh
-- Symlinking: /home/ubuntu22/ROS2/n10p_leishen/n10p_ws/install/n10p_bringup/share/n10p_bringup/local_setup.dsv
-- Symlinking: /home/ubuntu22/ROS2/n10p_leishen/n10p_ws/install/n10p_bringup/share/n10p_bringup/package.dsv
-- Symlinking: /home/ubuntu22/ROS2/n10p_leishen/n10p_ws/install/n10p_bringup/share/ament_index/resource_index/packages/n10p_bringup
-- Symlinking: /home/ubuntu22/ROS2/n10p_leishen/n10p_ws/install/n10p_bringup/share/n10p_bringup/cmake/n10p_bringupConfig.cmake
-- Symlinking: /home/ubuntu22/ROS2/n10p_leishen/n10p_ws/install/n10p_bringup/share/n10p_bringup/cmake/n10p_bringupConfig-version.cmake
-- Symlinking: /home/ubuntu22/ROS2/n10p_leishen/n10p_ws/install/n10p_bringup/share/n10p_bringup/package.xml
Listing '/home/ubuntu22/ROS2/n10p_leishen/n10p_ws/install/n10p_bringup/local/lib/python3.10/dist-packages/n10p_bringup'...
Compiling '/home/ubuntu22/ROS2/n10p_leishen/n10p_ws/install/n10p_bringup/local/lib/python3.10/dist-packages/n10p_bringup/__init__.py'...
Compiling '/home/ubuntu22/ROS2/n10p_leishen/n10p_ws/install/n10p_bringup/local/lib/python3.10/dist-packages/n10p_bringup/ano_bridge_node.py'...
