[0.006s] Invoking command in '/home/ubuntu22/ROS2/n10p_leishen/n10p_ws/build/n10p_bringup': CMAKE_PREFIX_PATH=${CMAKE_PREFIX_PATH}:/opt/ros/humble /usr/bin/cmake /home/ubuntu22/ROS2/n10p_leishen/n10p_ws/src/n10p_bringup -DAMENT_CMAKE_SYMLINK_INSTALL=1 -DCMAKE_INSTALL_PREFIX=/home/ubuntu22/ROS2/n10p_leishen/n10p_ws/install/n10p_bringup
[0.045s] -- The C compiler identification is GNU 11.4.0
[0.081s] -- The CXX compiler identification is GNU 11.4.0
[0.086s] -- Detecting C compiler ABI info
[0.139s] -- Detecting C compiler ABI info - done
[0.143s] -- Check for working C compiler: /usr/bin/cc - skipped
[0.143s] -- Detecting C compile features
[0.143s] -- Detecting C compile features - done
[0.145s] -- Detecting CXX compiler ABI info
[0.206s] -- Detecting CXX compiler ABI info - done
[0.211s] -- Check for working CXX compiler: /usr/bin/c++ - skipped
[0.211s] -- Detecting CXX compile features
[0.211s] -- Detecting CXX compile features - done
[0.213s] -- Found ament_cmake: 1.3.14 (/opt/ros/humble/share/ament_cmake/cmake)
[0.419s] -- Found Python3: /usr/bin/python3 (found version "3.10.12") found components: Interpreter 
[0.455s] -- Override CMake install command with custom implementation using symlinks instead of copying resources
[0.558s] -- Configuring done
[0.561s] -- Generating done
[0.562s] -- Build files have been written to: /home/ubuntu22/ROS2/n10p_leishen/n10p_ws/build/n10p_bringup
[0.566s] Invoked command in '/home/ubuntu22/ROS2/n10p_leishen/n10p_ws/build/n10p_bringup' returned '0': CMAKE_PREFIX_PATH=${CMAKE_PREFIX_PATH}:/opt/ros/humble /usr/bin/cmake /home/ubuntu22/ROS2/n10p_leishen/n10p_ws/src/n10p_bringup -DAMENT_CMAKE_SYMLINK_INSTALL=1 -DCMAKE_INSTALL_PREFIX=/home/ubuntu22/ROS2/n10p_leishen/n10p_ws/install/n10p_bringup
[0.567s] Invoking command in '/home/ubuntu22/ROS2/n10p_leishen/n10p_ws/build/n10p_bringup': CMAKE_PREFIX_PATH=${CMAKE_PREFIX_PATH}:/opt/ros/humble /usr/bin/cmake --build /home/ubuntu22/ROS2/n10p_leishen/n10p_ws/build/n10p_bringup -- -j32 -l32
[0.612s] Built target ament_cmake_python_symlink_n10p_bringup
[0.612s] Built target ament_cmake_python_symlink_n10p_bringup_setup
[0.729s] running egg_info
[0.738s] creating n10p_bringup.egg-info
[0.738s] writing n10p_bringup.egg-info/PKG-INFO
[0.738s] writing dependency_links to n10p_bringup.egg-info/dependency_links.txt
[0.738s] writing top-level names to n10p_bringup.egg-info/top_level.txt
[0.738s] writing manifest file 'n10p_bringup.egg-info/SOURCES.txt'
[0.764s] reading manifest file 'n10p_bringup.egg-info/SOURCES.txt'
[0.765s] writing manifest file 'n10p_bringup.egg-info/SOURCES.txt'
[0.783s] Built target ament_cmake_python_build_n10p_bringup_egg
[0.793s] Invoked command in '/home/ubuntu22/ROS2/n10p_leishen/n10p_ws/build/n10p_bringup' returned '0': CMAKE_PREFIX_PATH=${CMAKE_PREFIX_PATH}:/opt/ros/humble /usr/bin/cmake --build /home/ubuntu22/ROS2/n10p_leishen/n10p_ws/build/n10p_bringup -- -j32 -l32
[0.800s] Invoking command in '/home/ubuntu22/ROS2/n10p_leishen/n10p_ws/build/n10p_bringup': CMAKE_PREFIX_PATH=${CMAKE_PREFIX_PATH}:/opt/ros/humble /usr/bin/cmake --install /home/ubuntu22/ROS2/n10p_leishen/n10p_ws/build/n10p_bringup
[0.806s] -- Install configuration: ""
[0.806s] -- Execute custom install script
[0.806s] -- Symlinking: /home/ubuntu22/ROS2/n10p_leishen/n10p_ws/install/n10p_bringup/share/n10p_bringup/environment/pythonpath.sh
[0.814s] -- Symlinking: /home/ubuntu22/ROS2/n10p_leishen/n10p_ws/install/n10p_bringup/share/n10p_bringup/environment/pythonpath.dsv
[0.821s] -- Symlinking: /home/ubuntu22/ROS2/n10p_leishen/n10p_ws/install/n10p_bringup/local/lib/python3.10/dist-packages/n10p_bringup-0.1.0-py3.10.egg-info/PKG-INFO
[0.827s] -- Symlinking: /home/ubuntu22/ROS2/n10p_leishen/n10p_ws/install/n10p_bringup/local/lib/python3.10/dist-packages/n10p_bringup-0.1.0-py3.10.egg-info/SOURCES.txt
[0.833s] -- Symlinking: /home/ubuntu22/ROS2/n10p_leishen/n10p_ws/install/n10p_bringup/local/lib/python3.10/dist-packages/n10p_bringup-0.1.0-py3.10.egg-info/dependency_links.txt
[0.840s] -- Symlinking: /home/ubuntu22/ROS2/n10p_leishen/n10p_ws/install/n10p_bringup/local/lib/python3.10/dist-packages/n10p_bringup-0.1.0-py3.10.egg-info/top_level.txt
[0.846s] -- Symlinking: /home/ubuntu22/ROS2/n10p_leishen/n10p_ws/install/n10p_bringup/local/lib/python3.10/dist-packages/n10p_bringup/__init__.py
[0.853s] -- Symlinking: /home/ubuntu22/ROS2/n10p_leishen/n10p_ws/install/n10p_bringup/local/lib/python3.10/dist-packages/n10p_bringup/ano_bridge_node.py
[0.859s] -- Symlinking: /home/ubuntu22/ROS2/n10p_leishen/n10p_ws/install/n10p_bringup/share/n10p_bringup/launch/n10p_bringup_launch.py
[0.865s] -- Symlinking: /home/ubuntu22/ROS2/n10p_leishen/n10p_ws/install/n10p_bringup/share/n10p_bringup/params/ano_bridge.yaml
[0.872s] -- Symlinking: /home/ubuntu22/ROS2/n10p_leishen/n10p_ws/install/n10p_bringup/share/ament_index/resource_index/package_run_dependencies/n10p_bringup
[0.878s] -- Symlinking: /home/ubuntu22/ROS2/n10p_leishen/n10p_ws/install/n10p_bringup/share/ament_index/resource_index/parent_prefix_path/n10p_bringup
[0.884s] -- Symlinking: /home/ubuntu22/ROS2/n10p_leishen/n10p_ws/install/n10p_bringup/share/n10p_bringup/environment/ament_prefix_path.sh
[0.891s] -- Symlinking: /home/ubuntu22/ROS2/n10p_leishen/n10p_ws/install/n10p_bringup/share/n10p_bringup/environment/ament_prefix_path.dsv
[0.897s] -- Symlinking: /home/ubuntu22/ROS2/n10p_leishen/n10p_ws/install/n10p_bringup/share/n10p_bringup/environment/path.sh
[0.903s] -- Symlinking: /home/ubuntu22/ROS2/n10p_leishen/n10p_ws/install/n10p_bringup/share/n10p_bringup/environment/path.dsv
[0.909s] -- Symlinking: /home/ubuntu22/ROS2/n10p_leishen/n10p_ws/install/n10p_bringup/share/n10p_bringup/local_setup.bash
[0.915s] -- Symlinking: /home/ubuntu22/ROS2/n10p_leishen/n10p_ws/install/n10p_bringup/share/n10p_bringup/local_setup.sh
[0.923s] -- Symlinking: /home/ubuntu22/ROS2/n10p_leishen/n10p_ws/install/n10p_bringup/share/n10p_bringup/local_setup.zsh
[0.930s] -- Symlinking: /home/ubuntu22/ROS2/n10p_leishen/n10p_ws/install/n10p_bringup/share/n10p_bringup/local_setup.dsv
[0.937s] -- Symlinking: /home/ubuntu22/ROS2/n10p_leishen/n10p_ws/install/n10p_bringup/share/n10p_bringup/package.dsv
[0.945s] -- Symlinking: /home/ubuntu22/ROS2/n10p_leishen/n10p_ws/install/n10p_bringup/share/ament_index/resource_index/packages/n10p_bringup
[0.951s] -- Symlinking: /home/ubuntu22/ROS2/n10p_leishen/n10p_ws/install/n10p_bringup/share/n10p_bringup/cmake/n10p_bringupConfig.cmake
[0.959s] -- Symlinking: /home/ubuntu22/ROS2/n10p_leishen/n10p_ws/install/n10p_bringup/share/n10p_bringup/cmake/n10p_bringupConfig-version.cmake
[0.965s] -- Symlinking: /home/ubuntu22/ROS2/n10p_leishen/n10p_ws/install/n10p_bringup/share/n10p_bringup/package.xml
[0.996s] Listing '/home/ubuntu22/ROS2/n10p_leishen/n10p_ws/install/n10p_bringup/local/lib/python3.10/dist-packages/n10p_bringup'...
[0.996s] Compiling '/home/ubuntu22/ROS2/n10p_leishen/n10p_ws/install/n10p_bringup/local/lib/python3.10/dist-packages/n10p_bringup/__init__.py'...
[0.996s] Compiling '/home/ubuntu22/ROS2/n10p_leishen/n10p_ws/install/n10p_bringup/local/lib/python3.10/dist-packages/n10p_bringup/ano_bridge_node.py'...
[1.001s] Invoked command in '/home/ubuntu22/ROS2/n10p_leishen/n10p_ws/build/n10p_bringup' returned '0': CMAKE_PREFIX_PATH=${CMAKE_PREFIX_PATH}:/opt/ros/humble /usr/bin/cmake --install /home/ubuntu22/ROS2/n10p_leishen/n10p_ws/build/n10p_bringup
