[0.463s] Invoking command in '/home/ubuntu22/ROS2/n10p_leishen/n10p_ws/src/n10p_nav': AMENT_PREFIX_PATH=/home/ubuntu22/ROS2/n10p_leishen/n10p_ws/install/n10p_bringup:${AMENT_PREFIX_PATH} PYTHONPATH=/home/ubuntu22/ROS2/n10p_leishen/n10p_ws/build/n10p_nav/prefix_override:/usr/lib/python3/dist-packages/colcon_core/task/python/colcon_distutils_commands:/home/ubuntu22/ROS2/n10p_leishen/n10p_ws/install/n10p_nav/lib/python3.10/site-packages:/home/ubuntu22/ROS2/n10p_leishen/n10p_ws/install/n10p_bringup/lib/python3.10/site-packages:${PYTHONPATH} /usr/bin/python3 -W ignore:setup.py install is deprecated -W ignore:easy_install command is deprecated setup.py egg_info --egg-base ../../build/n10p_nav build --build-base /home/ubuntu22/ROS2/n10p_leishen/n10p_ws/build/n10p_nav/build install --record /home/ubuntu22/ROS2/n10p_leishen/n10p_ws/build/n10p_nav/install.log --single-version-externally-managed install_data
[0.600s] running egg_info
[0.608s] writing ../../build/n10p_nav/n10p_nav.egg-info/PKG-INFO
[0.608s] writing dependency_links to ../../build/n10p_nav/n10p_nav.egg-info/dependency_links.txt
[0.609s] writing requirements to ../../build/n10p_nav/n10p_nav.egg-info/requires.txt
[0.609s] writing top-level names to ../../build/n10p_nav/n10p_nav.egg-info/top_level.txt
[0.626s] reading manifest file '../../build/n10p_nav/n10p_nav.egg-info/SOURCES.txt'
[0.627s] writing manifest file '../../build/n10p_nav/n10p_nav.egg-info/SOURCES.txt'
[0.627s] running build
[0.627s] running build_py
[0.627s] copying n10p_nav/__init__.py -> /home/ubuntu22/ROS2/n10p_leishen/n10p_ws/build/n10p_nav/build/lib/n10p_nav
[0.627s] running install
[0.629s] running install_lib
[0.638s] running install_data
[0.638s] copying resource/n10p_nav -> /home/ubuntu22/ROS2/n10p_leishen/n10p_ws/install/n10p_nav/share/ament_index/resource_index/packages
[0.638s] copying package.xml -> /home/ubuntu22/ROS2/n10p_leishen/n10p_ws/install/n10p_nav/share/n10p_nav
[0.638s] copying launch/nav_launch.py -> /home/ubuntu22/ROS2/n10p_leishen/n10p_ws/install/n10p_nav/share/n10p_nav/launch
[0.638s] copying config/nav2_params_n10p.yaml -> /home/ubuntu22/ROS2/n10p_leishen/n10p_ws/install/n10p_nav/share/n10p_nav/config
[0.639s] copying config/n10p_nav.rviz -> /home/ubuntu22/ROS2/n10p_leishen/n10p_ws/install/n10p_nav/share/n10p_nav/config
[0.639s] running install_egg_info
[0.648s] removing '/home/ubuntu22/ROS2/n10p_leishen/n10p_ws/install/n10p_nav/lib/python3.10/site-packages/n10p_nav-0.1.0-py3.10.egg-info' (and everything under it)
[0.648s] Copying ../../build/n10p_nav/n10p_nav.egg-info to /home/ubuntu22/ROS2/n10p_leishen/n10p_ws/install/n10p_nav/lib/python3.10/site-packages/n10p_nav-0.1.0-py3.10.egg-info
[0.648s] running install_scripts
[0.666s] writing list of installed files to '/home/ubuntu22/ROS2/n10p_leishen/n10p_ws/build/n10p_nav/install.log'
[0.680s] Invoked command in '/home/ubuntu22/ROS2/n10p_leishen/n10p_ws/src/n10p_nav' returned '0': AMENT_PREFIX_PATH=/home/ubuntu22/ROS2/n10p_leishen/n10p_ws/install/n10p_bringup:${AMENT_PREFIX_PATH} PYTHONPATH=/home/ubuntu22/ROS2/n10p_leishen/n10p_ws/build/n10p_nav/prefix_override:/usr/lib/python3/dist-packages/colcon_core/task/python/colcon_distutils_commands:/home/ubuntu22/ROS2/n10p_leishen/n10p_ws/install/n10p_nav/lib/python3.10/site-packages:/home/ubuntu22/ROS2/n10p_leishen/n10p_ws/install/n10p_bringup/lib/python3.10/site-packages:${PYTHONPATH} /usr/bin/python3 -W ignore:setup.py install is deprecated -W ignore:easy_install command is deprecated setup.py egg_info --egg-base ../../build/n10p_nav build --build-base /home/ubuntu22/ROS2/n10p_leishen/n10p_ws/build/n10p_nav/build install --record /home/ubuntu22/ROS2/n10p_leishen/n10p_ws/build/n10p_nav/install.log --single-version-externally-managed install_data
